Archive member included because of file (symbol)

/usr/lib/gcc/avr/4.5.3/../../../avr/lib/avr51/libprintf_min.a(vfprintf_min.o)
                              (vfprintf)
/usr/lib/gcc/avr/4.5.3/avr51/libgcc.a(_mulsi3.o)
                              ../../../src/kernel/source/nrk_time.o (__mulsi3)
/usr/lib/gcc/avr/4.5.3/avr51/libgcc.a(_divmodhi4.o)
                              ../../../src/drivers/platform/firefly2_2/source/ff_basic_sensor.o (__divmodhi4)
/usr/lib/gcc/avr/4.5.3/avr51/libgcc.a(_udivmodsi4.o)
                              ../../../src/kernel/source/nrk_time.o (__udivmodsi4)
/usr/lib/gcc/avr/4.5.3/avr51/libgcc.a(_exit.o)
                              /usr/lib/gcc/avr/4.5.3/../../../avr/lib/avr51/crtm1281.o (exit)
/usr/lib/gcc/avr/4.5.3/avr51/libgcc.a(_copy_data.o)
                              main.o (__do_copy_data)
/usr/lib/gcc/avr/4.5.3/avr51/libgcc.a(_clear_bss.o)
                              main.o (__do_clear_bss)
/usr/lib/gcc/avr/4.5.3/avr51/libgcc.a(_udivdi3.o)
                              ../../../src/kernel/source/nrk_time.o (__udivdi3)
/usr/lib/gcc/avr/4.5.3/avr51/libgcc.a(_udivmodhi4.o)
                              /usr/lib/gcc/avr/4.5.3/avr51/libgcc.a(_divmodhi4.o) (__udivmodhi4)
/usr/lib/gcc/avr/4.5.3/avr51/libgcc.a(_prologue.o)
                              /usr/lib/gcc/avr/4.5.3/avr51/libgcc.a(_udivdi3.o) (__prologue_saves__)
/usr/lib/gcc/avr/4.5.3/avr51/libgcc.a(_epilogue.o)
                              /usr/lib/gcc/avr/4.5.3/avr51/libgcc.a(_udivdi3.o) (__epilogue_restores__)
/usr/lib/gcc/avr/4.5.3/avr51/libgcc.a(_clz.o)
                              /usr/lib/gcc/avr/4.5.3/avr51/libgcc.a(_udivdi3.o) (__clz_tab)
/usr/lib/gcc/avr/4.5.3/../../../avr/lib/avr51/libc.a(strchr_P.o)
                              /usr/lib/gcc/avr/4.5.3/../../../avr/lib/avr51/libprintf_min.a(vfprintf_min.o) (strchr_P)
/usr/lib/gcc/avr/4.5.3/../../../avr/lib/avr51/libc.a(fdevopen.o)
                              ../../../src/platform/firefly2_2/source/ulib.o (fdevopen)
/usr/lib/gcc/avr/4.5.3/../../../avr/lib/avr51/libc.a(fputc.o)
                              ../../../src/platform/firefly2_2/source/ulib.o (fputc)
/usr/lib/gcc/avr/4.5.3/../../../avr/lib/avr51/libc.a(iob.o)
                              ../../../src/platform/firefly2_2/source/ulib.o (__iob)
/usr/lib/gcc/avr/4.5.3/../../../avr/lib/avr51/libc.a(printf.o)
                              main.o (printf)
/usr/lib/gcc/avr/4.5.3/../../../avr/lib/avr51/libc.a(puts.o)
                              main.o (puts)
/usr/lib/gcc/avr/4.5.3/../../../avr/lib/avr51/libc.a(sprintf.o)
                              ../../../src/kernel/source/nrk_error.o (sprintf)
/usr/lib/gcc/avr/4.5.3/../../../avr/lib/avr51/libc.a(ultoa_invert.o)
                              /usr/lib/gcc/avr/4.5.3/../../../avr/lib/avr51/libprintf_min.a(vfprintf_min.o) (__ultoa_invert)
/usr/lib/gcc/avr/4.5.3/../../../avr/lib/avr51/libc.a(eerd_byte_atmega1281.o)
                              ../../../src/platform/firefly2_2/source/nrk_eeprom.o (__eerd_byte_m1281)
/usr/lib/gcc/avr/4.5.3/../../../avr/lib/avr51/libc.a(eewr_byte_atmega1281.o)
                              ../../../src/platform/firefly2_2/source/nrk_eeprom.o (__eewr_byte_m1281)
/usr/lib/gcc/avr/4.5.3/../../../avr/lib/avr51/libc.a(calloc.o)
                              /usr/lib/gcc/avr/4.5.3/../../../avr/lib/avr51/libc.a(fdevopen.o) (calloc)
/usr/lib/gcc/avr/4.5.3/../../../avr/lib/avr51/libc.a(malloc.o)
                              /usr/lib/gcc/avr/4.5.3/../../../avr/lib/avr51/libc.a(calloc.o) (malloc)
/usr/lib/gcc/avr/4.5.3/../../../avr/lib/avr51/libc.a(memset.o)
                              /usr/lib/gcc/avr/4.5.3/../../../avr/lib/avr51/libc.a(calloc.o) (memset)

Allocating common symbols
Common symbol       size              file

rx_ctr              0x4               ../../../src/radio/cc2420/source/basic_rf.o
t                   0x1               ../../../src/kernel/source/nrk_scheduler.o
_free_node          0x2               ../../../src/kernel/source/nrk.o
app_timer0_callback
                    0x2               main.o
nrk_task_TCB        0x56              ../../../src/kernel/source/nrk.o
next_next_wakeup    0x2               ../../../src/kernel/source/nrk.o
ext_int1_callback   0x2               ../../../src/kernel/hal/atmega1281/nrk_ext_int.o
radio_sem           0x2               ../../../src/radio/cc2420/source/basic_rf.o
ext_int0_callback   0x2               ../../../src/kernel/hal/atmega1281/nrk_ext_int.o
nrk_sem_list        0x6               ../../../src/kernel/source/nrk.o
security_enable     0x1               ../../../src/radio/cc2420/source/basic_rf.o
nrk_task_init_cnt   0x1               ../../../src/kernel/source/nrk.o
error_task          0x1               main.o
mdmctrl0            0x2               ../../../src/radio/cc2420/source/basic_rf.o
rfSettings          0x9               ../../../src/radio/cc2420/source/basic_rf.o
_nrk_time_trigger   0x1               main.o
[...]
Memory Configuration

Name             Origin             Length             Attributes
text             0x0000000000000000 0x0000000000020000 xr
data             0x0000000000800100 0x000000000000ff00 rw !x
eeprom           0x0000000000810000 0x0000000000010000 rw !x
fuse             0x0000000000820000 0x0000000000000400 rw !x
lock             0x0000000000830000 0x0000000000000400 rw !x
signature        0x0000000000840000 0x0000000000000400 rw !x
*default*        0x0000000000000000 0xffffffffffffffff

Linker script and memory map

Address of section .data set to 0x800200
LOAD /usr/lib/gcc/avr/4.5.3/../../../avr/lib/avr51/crtm1281.o
LOAD main.o
LOAD ../../../src/drivers/platform/firefly2_2/source/ff_basic_sensor.o
LOAD ../../../src/radio/cc2420/source/hal_rf_set_channel.o
LOAD ../../../src/radio/cc2420/source/hal_rf_wait_for_crystal_oscillator.o
LOAD ../../../src/radio/cc2420/source/basic_rf.o
LOAD ../../../src/platform/firefly2_2/source/ulib.o
LOAD ../../../src/platform/firefly2_2/source/hal_wait.o
LOAD ../../../src/platform/firefly2_2/source/nrk_eeprom.o
LOAD ../../../src/kernel/source/nrk.o
LOAD ../../../src/kernel/source/nrk_stats.o
LOAD ../../../src/kernel/source/nrk_error.o
LOAD ../../../src/kernel/source/nrk_stack_check.o
LOAD ../../../src/kernel/source/nrk_events.o
LOAD ../../../src/kernel/source/nrk_task.o
LOAD ../../../src/kernel/source/nrk_time.o
LOAD ../../../src/kernel/source/nrk_idle_task.o
LOAD ../../../src/kernel/source/nrk_scheduler.o
LOAD ../../../src/kernel/source/nrk_driver.o
LOAD ../../../src/kernel/source/nrk_reserve.o
LOAD ../../../src/kernel/source/nrk_sw_wdt.o
LOAD ../../../src/kernel/hal/atmega1281/nrk_timer.o
LOAD ../../../src/kernel/hal/atmega1281/nrk_status.o
LOAD ../../../src/kernel/hal/atmega1281/nrk_ext_int.o
LOAD ../../../src/kernel/hal/atmega1281/nrk_watchdog.o
LOAD ../../../src/kernel/hal/atmega1281/nrk_cpu.o
LOAD ../../../src/kernel/hal/atmega1281/atmel_hw_specific.o
LOAD /usr/lib/gcc/avr/4.5.3/../../../avr/lib/avr51/libprintf_min.a
LOAD /usr/lib/gcc/avr/4.5.3/../../../avr/lib/avr51/libm.a
LOAD /usr/lib/gcc/avr/4.5.3/avr51/libgcc.a
LOAD /usr/lib/gcc/avr/4.5.3/../../../avr/lib/avr51/libc.a
LOAD /usr/lib/gcc/avr/4.5.3/avr51/libgcc.a

.hash
 *(.hash)

.dynsym
 *(.dynsym)

.dynstr
 *(.dynstr)

.gnu.version
 *(.gnu.version)

.gnu.version_d
 *(.gnu.version_d)

.gnu.version_r
 *(.gnu.version_r)

.rel.init
 *(.rel.init)

.rela.init
 *(.rela.init)

.rel.text
 *(.rel.text)
 *(.rel.text.*)
 *(.rel.gnu.linkonce.t*)

.rela.text
 *(.rela.text)
 *(.rela.text.*)
 *(.rela.gnu.linkonce.t*)

.rel.fini
 *(.rel.fini)

.rela.fini
 *(.rela.fini)

.rel.rodata
 *(.rel.rodata)
 *(.rel.rodata.*)
 *(.rel.gnu.linkonce.r*)

.rela.rodata
 *(.rela.rodata)
 *(.rela.rodata.*)
 *(.rela.gnu.linkonce.r*)

.rel.data
 *(.rel.data)
 *(.rel.data.*)
 *(.rel.gnu.linkonce.d*)

.rela.data
 *(.rela.data)
 *(.rela.data.*)
 *(.rela.gnu.linkonce.d*)

.rel.ctors
 *(.rel.ctors)

.rela.ctors
 *(.rela.ctors)

.rel.dtors
 *(.rel.dtors)

.rela.dtors
 *(.rela.dtors)

.rel.got
 *(.rel.got)

.rela.got
 *(.rela.got)

.rel.bss
 *(.rel.bss)

.rela.bss
 *(.rela.bss)

.rel.plt
 *(.rel.plt)

.rela.plt
 *(.rela.plt)

.text           0x0000000000000000     0x6e20
 *(.vectors)
 .vectors       0x0000000000000000       0xcc /usr/lib/gcc/avr/4.5.3/../../../avr/lib/avr51/crtm1281.o
                0x0000000000000000                __vectors
 *(.vectors)
 *(.progmem.gcc*)
 .progmem.gcc_sw_table
                0x00000000000000cc       0x2c ../../../src/kernel/source/nrk_error.o
 *(.progmem*)
 .progmem.data  0x00000000000000f8       0x3e main.o
 .progmem.data  0x0000000000000136       0x59 ../../../src/radio/cc2420/source/basic_rf.o
 .progmem.data  0x000000000000018f      0x238 ../../../src/kernel/source/nrk_error.o
 .progmem.data  0x00000000000003c7        0xf ../../../src/kernel/source/nrk_stack_check.o
 .progmem.data  0x00000000000003d6       0x17 /usr/lib/gcc/avr/4.5.3/../../../avr/lib/avr51/libprintf_min.a(vfprintf_min.o)
                0x00000000000003ee                . = ALIGN (0x2)
 *fill*         0x00000000000003ed        0x1 00
                0x00000000000003ee                __trampolines_start = .
 *(.trampolines)
 .trampolines   0x00000000000003ee        0x0 linker stubs
 *(.trampolines*)
                0x00000000000003ee                __trampolines_end = .
 *(.jumptables)
 *(.jumptables*)
 *(.lowtext)
 *(.lowtext*)
                0x00000000000003ee                __ctors_start = .
 *(.ctors)
                0x00000000000003ee                __ctors_end = .
                0x00000000000003ee                __dtors_start = .
 *(.dtors)
                0x00000000000003ee                __dtors_end = .
 SORT(*)(.ctors)
 SORT(*)(.dtors)
 *(.init0)
 .init0         0x00000000000003ee        0x0 /usr/lib/gcc/avr/4.5.3/../../../avr/lib/avr51/crtm1281.o
                0x00000000000003ee                __init
 *(.init0)
 *(.init1)
 *(.init1)
 *(.init2)
 .init2         0x00000000000003ee        0xc /usr/lib/gcc/avr/4.5.3/../../../avr/lib/avr51/crtm1281.o
 *(.init2)
 *(.init3)
 *(.init3)
 *(.init4)
 .init4         0x00000000000003fa       0x1a /usr/lib/gcc/avr/4.5.3/avr51/libgcc.a(_copy_data.o)
                0x00000000000003fa                __do_copy_data
 .init4         0x0000000000000414       0x10 /usr/lib/gcc/avr/4.5.3/avr51/libgcc.a(_clear_bss.o)
                0x0000000000000414                __do_clear_bss
 *(.init4)
 *(.init5)
 *(.init5)
 *(.init6)
 *(.init6)
 *(.init7)
 *(.init7)
 *(.init8)
 *(.init8)
 *(.init9)
 .init9         0x0000000000000424        0x8 /usr/lib/gcc/avr/4.5.3/../../../avr/lib/avr51/crtm1281.o
 *(.init9)
 *(.text)
 .text          0x000000000000042c        0x4 /usr/lib/gcc/avr/4.5.3/../../../avr/lib/avr51/crtm1281.o
                0x000000000000042c                __vector_38
                0x000000000000042c                __vector_22
                0x000000000000042c                __vector_28
                0x000000000000042c                __vector_34
                0x000000000000042c                __vector_24
                0x000000000000042c                __vector_12
                0x000000000000042c                __vector_46
                0x000000000000042c                __bad_interrupt
                0x000000000000042c                __vector_6
                0x000000000000042c                __vector_31
                0x000000000000042c                __vector_35
                0x000000000000042c                __vector_39
                0x000000000000042c                __vector_3
                0x000000000000042c                __vector_23
                0x000000000000042c                __vector_30
                0x000000000000042c                __vector_45
                0x000000000000042c                __vector_25
                0x000000000000042c                __vector_11
                0x000000000000042c                __vector_19
                0x000000000000042c                __vector_7
                0x000000000000042c                __vector_49
                0x000000000000042c                __vector_41
                0x000000000000042c                __vector_43
                0x000000000000042c                __vector_27
                0x000000000000042c                __vector_5
                0x000000000000042c                __vector_33
                0x000000000000042c                __vector_47
                0x000000000000042c                __vector_37
                0x000000000000042c                __vector_4
                0x000000000000042c                __vector_44
                0x000000000000042c                __vector_2
                0x000000000000042c                __vector_21
                0x000000000000042c                __vector_36
                0x000000000000042c                __vector_29
                0x000000000000042c                __vector_40
                0x000000000000042c                __vector_8
                0x000000000000042c                __vector_26
                0x000000000000042c                __vector_48
                0x000000000000042c                __vector_14
                0x000000000000042c                __vector_10
                0x000000000000042c                __vector_50
                0x000000000000042c                __vector_16
                0x000000000000042c                __vector_18
                0x000000000000042c                __vector_20
                0x000000000000042c                __vector_42
 .text          0x0000000000000430      0x340 main.o
                0x0000000000000430                Task1
                0x000000000000069e                nrk_create_taskset
                0x000000000000071e                nrk_register_drivers
                0x0000000000000736                main
 .text          0x0000000000000770      0x3aa ../../../src/drivers/platform/firefly2_2/source/ff_basic_sensor.o
                0x0000000000000770                init_adc
                0x000000000000079c                delay
                0x00000000000007a6                get_adc_val
                0x00000000000007d2                read_voltage_status
                0x0000000000000908                dev_manager_ff_sensors
 .text          0x0000000000000b1a       0x3c ../../../src/radio/cc2420/source/hal_rf_set_channel.o
                0x0000000000000b1a                halRfSetChannel
 .text          0x0000000000000b56       0x18 ../../../src/radio/cc2420/source/hal_rf_wait_for_crystal_oscillator.o
                0x0000000000000b56                halRfWaitForCrystalOscillator
 .text          0x0000000000000b6e     0x1544 ../../../src/radio/cc2420/source/basic_rf.o
                0x0000000000000b6e                cc259x_rx
                0x0000000000000b80                cc259x_tx
                0x0000000000000b92                rf_power_down
                0x0000000000000bb4                rf_power_up
                0x0000000000000bd0                rf_security_last_pkt_status
                0x0000000000000bd6                rf_security_set_ctr_counter
                0x0000000000000c56                rf_security_set_key
                0x0000000000000e0a                rf_security_enable
                0x0000000000000e56                rf_security_disable
                0x0000000000000e7e                rf_get_sem
                0x0000000000000e88                rf_tx_power
                0x0000000000000ed2                rf_set_channel
                0x0000000000000ef8                rf_addr_decode_enable
                0x0000000000000f32                rf_addr_decode_disable
                0x0000000000000f6c                rf_auto_ack_enable
                0x0000000000000fac                rf_auto_ack_disable
                0x0000000000000fea                rf_addr_decode_set_my_mac
                0x000000000000104a                rf_set_rx
                0x00000000000010ac                rf_init
                0x0000000000001296                rf_rx_on
                0x00000000000012d6                rf_polling_rx_on
                0x0000000000001316                rf_rx_off
                0x0000000000001346                rf_tx_tdma_packet
                0x0000000000001646                rf_tx_packet
                0x0000000000001996                rf_busy
                0x000000000000199e                rf_rx_check_fifop
                0x00000000000019a8                rf_rx_check_sfd
                0x00000000000019b0                rf_polling_rx_packet
                0x0000000000001e1c                rf_rx_packet
                0x0000000000001e32                rf_flush_rx_fifo
                0x0000000000001e50                rf_set_cca_thresh
                0x0000000000001e9c                rf_test_mode
                0x0000000000001f0a                rf_data_mode
                0x0000000000001f74                rf_rx_set_serial
                0x0000000000001faa                rf_tx_set_serial
                0x0000000000001fd2                rf_set_preamble_length
                0x0000000000002016                rf_set_cca_mode
                0x0000000000002062                rf_carrier_on
                0x000000000000208a                rf_carrier_off
 .text          0x00000000000020b2      0x886 ../../../src/platform/firefly2_2/source/ulib.o
                0x00000000000020b2                getc1
                0x00000000000020ca                putc1
                0x00000000000020d8                nrk_uart_rx_signal_get
                0x00000000000020dc                nrk_uart_data_ready
                0x00000000000020fa                nrk_kprintf
                0x0000000000002120                PORT_INIT
                0x0000000000002146                nrk_setup_ports
                0x0000000000002154                nrk_gpio_set
                0x0000000000002244                nrk_gpio_clr
                0x0000000000002340                nrk_gpio_get
                0x00000000000023ac                nrk_gpio_toggle
                0x00000000000025ae                nrk_gpio_direction
                0x00000000000027be                nrk_get_button
                0x00000000000027d2                nrk_led_toggle
                0x0000000000002802                nrk_led_clr
                0x0000000000002832                nrk_led_set
                0x0000000000002862                nrk_gpio_pullups
                0x0000000000002876                putc0
                0x000000000000288e                setup_uart0
                0x00000000000028b8                setup_uart1
                0x00000000000028e2                nrk_setup_uart
                0x0000000000002920                getc0
 .text          0x0000000000002938        0xe ../../../src/platform/firefly2_2/source/hal_wait.o
                0x0000000000002938                halWait
 .text          0x0000000000002946      0x140 ../../../src/platform/firefly2_2/source/nrk_eeprom.o
                0x0000000000002946                nrk_eeprom_read_byte
                0x000000000000294c                nrk_eeprom_write_byte
                0x0000000000002952                read_eeprom_mac_address
                0x00000000000029be                read_eeprom_channel
                0x00000000000029d6                write_eeprom_load_img_pages
                0x00000000000029e6                read_eeprom_load_img_pages
                0x00000000000029fe                read_eeprom_aes_key
                0x0000000000002a2e                write_eeprom_aes_key
                0x0000000000002a5e                read_eeprom_current_image_checksum
                0x0000000000002a76                write_eeprom_current_image_checksum
 .text          0x0000000000002a86      0x39c ../../../src/kernel/source/nrk.o
                0x0000000000002a86                nrk_int_disable
                0x0000000000002a8a                nrk_int_enable
                0x0000000000002a8e                nrk_halt
                0x0000000000002a94                nrk_init
                0x0000000000002bd2                nrk_start
                0x0000000000002c46                nrk_TCB_init
                0x0000000000002e16                _nrk_timer_tick
                0x0000000000002e1c                nrk_version
 .text          0x0000000000002e22        0x0 ../../../src/kernel/source/nrk_stats.o
 .text          0x0000000000002e22      0x450 ../../../src/kernel/source/nrk_error.o
                0x0000000000002e22                _nrk_errno_set
                0x0000000000002e2e                nrk_errno_get
                0x0000000000002e3a                nrk_error_get
                0x0000000000002e56                pause
                0x0000000000002e80                blink_dot
                0x0000000000002e9a                blink_dash
                0x0000000000002ebc                blink_morse_code_error
                0x0000000000003020                nrk_error_print
                0x00000000000031d8                nrk_kernel_error_add
                0x000000000000325a                nrk_error_add
 .text          0x0000000000003272      0x264 ../../../src/kernel/source/nrk_stack_check.o
                0x0000000000003272                dump_stack_info
                0x0000000000003448                nrk_stack_check
                0x0000000000003490                nrk_stack_check_pid
 .text          0x00000000000034d6      0x67c ../../../src/kernel/source/nrk_events.o
                0x00000000000034d6                nrk_signal_create
                0x0000000000003542                nrk_signal_get_registered_mask
                0x0000000000003554                nrk_signal_delete
                0x0000000000003664                nrk_signal_unregister
                0x00000000000036e8                nrk_signal_register
                0x0000000000003750                nrk_event_signal
                0x000000000000383e                nrk_event_wait
                0x00000000000038b4                nrk_sem_create
                0x00000000000038fe                nrk_get_resource_index
                0x000000000000391a                nrk_sem_delete
                0x000000000000395c                nrk_sem_post
                0x0000000000003a70                nrk_sem_pend
                0x0000000000003b22                nrk_sem_query
 .text          0x0000000000003b52      0x6e6 ../../../src/kernel/source/nrk_task.o
                0x0000000000003b52                nrk_get_high_ready_task_ID
                0x0000000000003b5e                nrk_print_readyQ
                0x0000000000003b74                nrk_add_to_readyQ
                0x0000000000003cde                nrk_rem_from_readyQ
                0x0000000000003d7e                nrk_activate_task
                0x0000000000003e34                nrk_set_next_wakeup
                0x0000000000003ea8                _nrk_wait_for_scheduler
                0x0000000000003ebc                nrk_wait
                0x0000000000003f68                nrk_wait_until_nw
                0x0000000000003fb6                nrk_wait_until_ticks
                0x000000000000401a                nrk_wait_ticks
                0x00000000000040a0                nrk_wait_until_next_n_periods
                0x0000000000004106                nrk_wait_until_next_period
                0x000000000000415e                nrk_terminate_task
                0x0000000000004180                nrk_wait_until
                0x000000000000422c                nrk_get_pid
 .text          0x0000000000004238      0x596 ../../../src/kernel/source/nrk_time.o
                0x0000000000004238                nrk_time_get
                0x00000000000042f4                nrk_time_sub
                0x0000000000004412                nrk_time_compact_nanos
                0x0000000000004458                nrk_time_add
                0x000000000000450e                nrk_time_set
                0x0000000000004530                _nrk_time_to_ticks
                0x000000000000464e                _nrk_ticks_to_time
                0x00000000000046c0                _nrk_time_to_ticks_long
 .text          0x00000000000047ce       0x4c ../../../src/kernel/source/nrk_idle_task.o
                0x00000000000047ce                nrk_idle_task
 .text          0x000000000000481a      0x5b6 ../../../src/kernel/source/nrk_scheduler.o
                0x000000000000481a                _nrk_scheduler
 .text          0x0000000000004dd0      0x200 ../../../src/kernel/source/nrk_driver.o
                0x0000000000004dd0                nrk_register_driver
                0x0000000000004e08                nrk_open
                0x0000000000004e9e                nrk_close
                0x0000000000004edc                nrk_write
                0x0000000000004f1a                nrk_read
                0x0000000000004f58                nrk_set_status
                0x0000000000004f94                nrk_get_status
 .text          0x0000000000004fd0        0x0 ../../../src/kernel/source/nrk_reserve.o
 .text          0x0000000000004fd0        0x0 ../../../src/kernel/source/nrk_sw_wdt.o
 .text          0x0000000000004fd0      0x344 ../../../src/kernel/hal/atmega1281/nrk_timer.o
                0x0000000000004fd0                nrk_spin_wait_us
                0x0000000000004fde                _nrk_high_speed_timer_stop
                0x0000000000004fe4                _nrk_high_speed_timer_start
                0x0000000000004fec                _nrk_high_speed_timer_reset
                0x0000000000004ffc                _nrk_high_speed_timer_get
                0x0000000000005022                nrk_high_speed_timer_wait
                0x0000000000005092                _nrk_os_timer_stop
                0x00000000000050a8                _nrk_os_timer_set
                0x00000000000050ae                _nrk_os_timer_start
                0x00000000000050c0                _nrk_os_timer_reset
                0x00000000000050d4                _nrk_setup_timer
                0x000000000000512e                _nrk_get_next_wakeup
                0x0000000000005136                _nrk_set_next_wakeup
                0x000000000000513e                nrk_timer_int_stop
                0x000000000000514a                nrk_timer_int_reset
                0x000000000000515e                nrk_timer_int_read
                0x0000000000005174                nrk_timer_int_start
                0x0000000000005186                nrk_timer_int_configure
                0x0000000000005200                _nrk_os_timer_get
                0x0000000000005206                __vector_default
                0x0000000000005236                __vector_13
                0x0000000000005236                __vector_15
                0x000000000000529c                __vector_32
                0x0000000000005300                __vector_17
 .text          0x0000000000005314       0x4c ../../../src/kernel/hal/atmega1281/nrk_status.o
                0x0000000000005314                _nrk_startup_error
 .text          0x0000000000005360      0x2e2 ../../../src/kernel/hal/atmega1281/nrk_ext_int.o
                0x0000000000005360                nrk_ext_int_enable
                0x00000000000053e2                nrk_ext_int_disable
                0x0000000000005464                nrk_ext_int_configure
                0x000000000000557a                __vector_9
                0x00000000000055de                __vector_1
 .text          0x0000000000005642       0x50 ../../../src/kernel/hal/atmega1281/nrk_watchdog.o
                0x0000000000005642                nrk_watchdog_disable
                0x0000000000005660                nrk_watchdog_enable
                0x0000000000005680                nrk_watchdog_check
                0x000000000000568e                nrk_watchdog_reset
 .text          0x0000000000005692      0x102 ../../../src/kernel/hal/atmega1281/nrk_cpu.o
                0x0000000000005692                nrk_battery_save
                0x0000000000005694                nrk_sleep
                0x00000000000056ac                nrk_idle
                0x00000000000056c2                nrk_task_set_entry_function
                0x00000000000056ca                nrk_task_set_stk
                0x0000000000005708                nrk_task_stk_init
                0x000000000000575e                nrk_stack_pointer_init
                0x000000000000577c                nrk_stack_pointer_restore
                0x000000000000578a                nrk_target_start
 .text          0x0000000000005794       0x56 ../../../src/kernel/hal/atmega1281/atmel_hw_specific.o
                0x0000000000005794                nrk_start_high_ready_task
 .text          0x00000000000057ea        0x0 /usr/lib/gcc/avr/4.5.3/../../../avr/lib/avr51/libprintf_min.a(vfprintf_min.o)
 .text          0x00000000000057ea        0x0 /usr/lib/gcc/avr/4.5.3/avr51/libgcc.a(_mulsi3.o)
 .text          0x00000000000057ea        0x0 /usr/lib/gcc/avr/4.5.3/avr51/libgcc.a(_divmodhi4.o)
 .text          0x00000000000057ea        0x0 /usr/lib/gcc/avr/4.5.3/avr51/libgcc.a(_udivmodsi4.o)
 .text          0x00000000000057ea        0x0 /usr/lib/gcc/avr/4.5.3/avr51/libgcc.a(_exit.o)
 .text          0x00000000000057ea        0x0 /usr/lib/gcc/avr/4.5.3/avr51/libgcc.a(_copy_data.o)
 .text          0x00000000000057ea        0x0 /usr/lib/gcc/avr/4.5.3/avr51/libgcc.a(_clear_bss.o)
 .text          0x00000000000057ea      0xcac /usr/lib/gcc/avr/4.5.3/avr51/libgcc.a(_udivdi3.o)
                0x00000000000057ea                __udivdi3
 .text          0x0000000000006496        0x0 /usr/lib/gcc/avr/4.5.3/avr51/libgcc.a(_udivmodhi4.o)
 .text          0x0000000000006496        0x0 /usr/lib/gcc/avr/4.5.3/avr51/libgcc.a(_prologue.o)
 .text          0x0000000000006496        0x0 /usr/lib/gcc/avr/4.5.3/avr51/libgcc.a(_epilogue.o)
 .text          0x0000000000006496        0x0 /usr/lib/gcc/avr/4.5.3/avr51/libgcc.a(_clz.o)
 .text          0x0000000000006496        0x0 /usr/lib/gcc/avr/4.5.3/../../../avr/lib/avr51/libc.a(strchr_P.o)
 .text          0x0000000000006496        0x0 /usr/lib/gcc/avr/4.5.3/../../../avr/lib/avr51/libc.a(fdevopen.o)
 .text          0x0000000000006496        0x0 /usr/lib/gcc/avr/4.5.3/../../../avr/lib/avr51/libc.a(fputc.o)
 .text          0x0000000000006496        0x0 /usr/lib/gcc/avr/4.5.3/../../../avr/lib/avr51/libc.a(iob.o)
 .text          0x0000000000006496        0x0 /usr/lib/gcc/avr/4.5.3/../../../avr/lib/avr51/libc.a(printf.o)
 .text          0x0000000000006496        0x0 /usr/lib/gcc/avr/4.5.3/../../../avr/lib/avr51/libc.a(puts.o)
 .text          0x0000000000006496        0x0 /usr/lib/gcc/avr/4.5.3/../../../avr/lib/avr51/libc.a(sprintf.o)
 .text          0x0000000000006496        0x0 /usr/lib/gcc/avr/4.5.3/../../../avr/lib/avr51/libc.a(ultoa_invert.o)
 .text          0x0000000000006496        0x0 /usr/lib/gcc/avr/4.5.3/../../../avr/lib/avr51/libc.a(eerd_byte_atmega1281.o)
 .text          0x0000000000006496        0x0 /usr/lib/gcc/avr/4.5.3/../../../avr/lib/avr51/libc.a(eewr_byte_atmega1281.o)
 .text          0x0000000000006496        0x0 /usr/lib/gcc/avr/4.5.3/../../../avr/lib/avr51/libc.a(calloc.o)
 .text          0x0000000000006496        0x0 /usr/lib/gcc/avr/4.5.3/../../../avr/lib/avr51/libc.a(malloc.o)
 .text          0x0000000000006496        0x0 /usr/lib/gcc/avr/4.5.3/../../../avr/lib/avr51/libc.a(memset.o)
                0x0000000000006496                . = ALIGN (0x2)
 *(.text.*)
 .text.avr-libc
                0x0000000000006496      0x2ac /usr/lib/gcc/avr/4.5.3/../../../avr/lib/avr51/libprintf_min.a(vfprintf_min.o)
                0x0000000000006496                vfprintf
 .text.libgcc   0x0000000000006742       0x3e /usr/lib/gcc/avr/4.5.3/avr51/libgcc.a(_mulsi3.o)
                0x0000000000006742                __mulsi3
 .text.libgcc   0x0000000000006780       0x26 /usr/lib/gcc/avr/4.5.3/avr51/libgcc.a(_divmodhi4.o)
                0x0000000000006780                __divmodhi4
                0x0000000000006780                _div
 .text.libgcc   0x00000000000067a6       0x44 /usr/lib/gcc/avr/4.5.3/avr51/libgcc.a(_udivmodsi4.o)
                0x00000000000067a6                __udivmodsi4
 .text.libgcc   0x00000000000067ea        0x0 /usr/lib/gcc/avr/4.5.3/avr51/libgcc.a(_exit.o)
 .text.libgcc   0x00000000000067ea        0x0 /usr/lib/gcc/avr/4.5.3/avr51/libgcc.a(_copy_data.o)
 .text.libgcc   0x00000000000067ea        0x0 /usr/lib/gcc/avr/4.5.3/avr51/libgcc.a(_clear_bss.o)
 .text.libgcc   0x00000000000067ea       0x28 /usr/lib/gcc/avr/4.5.3/avr51/libgcc.a(_udivmodhi4.o)
                0x00000000000067ea                __udivmodhi4
 .text.libgcc   0x0000000000006812       0x38 /usr/lib/gcc/avr/4.5.3/avr51/libgcc.a(_prologue.o)
                0x0000000000006812                __prologue_saves__
 .text.libgcc   0x000000000000684a       0x36 /usr/lib/gcc/avr/4.5.3/avr51/libgcc.a(_epilogue.o)
                0x000000000000684a                __epilogue_restores__
 .text.avr-libc
                0x0000000000006880       0x16 /usr/lib/gcc/avr/4.5.3/../../../avr/lib/avr51/libc.a(strchr_P.o)
                0x0000000000006880                strchr_P
 .text.avr-libc
                0x0000000000006896       0x96 /usr/lib/gcc/avr/4.5.3/../../../avr/lib/avr51/libc.a(fdevopen.o)
                0x0000000000006896                fdevopen
 .text.avr-libc
                0x000000000000692c       0x58 /usr/lib/gcc/avr/4.5.3/../../../avr/lib/avr51/libc.a(fputc.o)
                0x000000000000692c                fputc
 .text.avr-libc
                0x0000000000006984       0x24 /usr/lib/gcc/avr/4.5.3/../../../avr/lib/avr51/libc.a(printf.o)
                0x0000000000006984                printf
 .text.avr-libc
                0x00000000000069a8       0x6e /usr/lib/gcc/avr/4.5.3/../../../avr/lib/avr51/libc.a(puts.o)
                0x00000000000069a8                puts
 .text.avr-libc
                0x0000000000006a16       0x60 /usr/lib/gcc/avr/4.5.3/../../../avr/lib/avr51/libc.a(sprintf.o)
                0x0000000000006a16                sprintf
 .text.avr-libc
                0x0000000000006a76       0xbc /usr/lib/gcc/avr/4.5.3/../../../avr/lib/avr51/libc.a(ultoa_invert.o)
                0x0000000000006a76                __ultoa_invert
 .text.avr-libc
                0x0000000000006b32       0x10 /usr/lib/gcc/avr/4.5.3/../../../avr/lib/avr51/libc.a(eerd_byte_atmega1281.o)
                0x0000000000006b32                __eerd_byte_m1281
 .text.avr-libc
                0x0000000000006b42       0x1c /usr/lib/gcc/avr/4.5.3/../../../avr/lib/avr51/libc.a(eewr_byte_atmega1281.o)
                0x0000000000006b42                __eewr_byte_m1281
                0x0000000000006b44                __eewr_r18_m1281
 .text.avr-libc
                0x0000000000006b5e       0x4a /usr/lib/gcc/avr/4.5.3/../../../avr/lib/avr51/libc.a(calloc.o)
                0x0000000000006b5e                calloc
 .text.avr-libc
                0x0000000000006ba8      0x266 /usr/lib/gcc/avr/4.5.3/../../../avr/lib/avr51/libc.a(malloc.o)
                0x0000000000006ba8                malloc
                0x0000000000006cdc                free
 .text.avr-libc
                0x0000000000006e0e        0xe /usr/lib/gcc/avr/4.5.3/../../../avr/lib/avr51/libc.a(memset.o)
                0x0000000000006e0e                memset
                0x0000000000006e1c                . = ALIGN (0x2)
 *(.fini9)
 .fini9         0x0000000000006e1c        0x0 /usr/lib/gcc/avr/4.5.3/avr51/libgcc.a(_exit.o)
                0x0000000000006e1c                exit
                0x0000000000006e1c                _exit
 *(.fini9)
 *(.fini8)
 *(.fini8)
 *(.fini7)
 *(.fini7)
 *(.fini6)
 *(.fini6)
 *(.fini5)
 *(.fini5)
 *(.fini4)
 *(.fini4)
 *(.fini3)
 *(.fini3)
 *(.fini2)
 *(.fini2)
 *(.fini1)
 *(.fini1)
 *(.fini0)
 .fini0         0x0000000000006e1c        0x4 /usr/lib/gcc/avr/4.5.3/avr51/libgcc.a(_exit.o)
 *(.fini0)
                0x0000000000006e20                _etext = .

.data           0x0000000000800200      0x1f8 load address 0x0000000000006e20
                0x0000000000800200                PROVIDE (__data_start, .)
 *(.data)
 .data          0x0000000000800200        0x0 /usr/lib/gcc/avr/4.5.3/../../../avr/lib/avr51/crtm1281.o
 .data          0x0000000000800200       0x7f main.o
 .data          0x000000000080027f        0x0 ../../../src/drivers/platform/firefly2_2/source/ff_basic_sensor.o
 .data          0x000000000080027f        0x0 ../../../src/radio/cc2420/source/hal_rf_set_channel.o
 .data          0x000000000080027f        0x0 ../../../src/radio/cc2420/source/hal_rf_wait_for_crystal_oscillator.o
 .data          0x000000000080027f        0x0 ../../../src/radio/cc2420/source/basic_rf.o
 .data          0x000000000080027f       0x21 ../../../src/platform/firefly2_2/source/ulib.o
                0x000000000080027f                NRK_DEBUG_0
                0x0000000000800280                NRK_DEBUG_1
                0x0000000000800281                NRK_BUTTON
                0x0000000000800282                NRK_SPI_SS
                0x0000000000800283                NRK_SCK
                0x0000000000800284                NRK_MOSI
                0x0000000000800285                NRK_MISO
                0x0000000000800286                NRK_GPIO26
                0x0000000000800287                NRK_MMC_11
                0x0000000000800288                NRK_MMC_10
                0x0000000000800289                NRK_MMC_9
                0x000000000080028a                NRK_DEBUG_2
                0x000000000080028b                NRK_DEBUG_3
                0x000000000080028c                NRK_UART1_RXD
                0x000000000080028d                NRK_UART1_TXD
                0x000000000080028e                NRK_CCA
                0x000000000080028f                NRK_SFD
                0x0000000000800290                NRK_UART0_RXD
                0x0000000000800291                NRK_UART0_TXD
                0x0000000000800292                NRK_LED_0
                0x0000000000800293                NRK_LED_1
                0x0000000000800294                NRK_LED_2
                0x0000000000800295                NRK_LED_3
                0x0000000000800296                NRK_GPIO34
                0x0000000000800297                NRK_FIFOP
                0x0000000000800298                NRK_ADC_INPUT_0
                0x0000000000800299                NRK_ADC_INPUT_1
                0x000000000080029a                NRK_ADC_INPUT_2
                0x000000000080029b                NRK_ADC_INPUT_3
                0x000000000080029c                NRK_ADC_INPUT_4
                0x000000000080029d                NRK_ADC_INPUT_5
                0x000000000080029e                NRK_ADC_INPUT_6
                0x000000000080029f                NRK_ADC_INPUT_7
 .data          0x00000000008002a0        0x0 ../../../src/platform/firefly2_2/source/hal_wait.o
 .data          0x00000000008002a0        0x0 ../../../src/platform/firefly2_2/source/nrk_eeprom.o
 .data          0x00000000008002a0        0x0 ../../../src/kernel/source/nrk.o
 .data          0x00000000008002a0        0x0 ../../../src/kernel/source/nrk_stats.o
 .data          0x00000000008002a0        0x3 ../../../src/kernel/source/nrk_error.o
 .data          0x00000000008002a3       0x4e ../../../src/kernel/source/nrk_stack_check.o
 .data          0x00000000008002f1        0x0 ../../../src/kernel/source/nrk_events.o
 .data          0x00000000008002f1        0x0 ../../../src/kernel/source/nrk_task.o
 .data          0x00000000008002f1        0x0 ../../../src/kernel/source/nrk_time.o
 .data          0x00000000008002f1        0x0 ../../../src/kernel/source/nrk_idle_task.o
 .data          0x00000000008002f1        0x0 ../../../src/kernel/source/nrk_scheduler.o
 .data          0x00000000008002f1        0x0 ../../../src/kernel/source/nrk_driver.o
 .data          0x00000000008002f1        0x0 ../../../src/kernel/source/nrk_reserve.o
 .data          0x00000000008002f1        0x0 ../../../src/kernel/source/nrk_sw_wdt.o
 .data          0x00000000008002f1        0x0 ../../../src/kernel/hal/atmega1281/nrk_timer.o
 .data          0x00000000008002f1        0x0 ../../../src/kernel/hal/atmega1281/nrk_status.o
 .data          0x00000000008002f1        0x0 ../../../src/kernel/hal/atmega1281/nrk_ext_int.o
 .data          0x00000000008002f1        0x0 ../../../src/kernel/hal/atmega1281/nrk_watchdog.o
 .data          0x00000000008002f1        0x0 ../../../src/kernel/hal/atmega1281/nrk_cpu.o
 .data          0x00000000008002f1        0x0 ../../../src/kernel/hal/atmega1281/atmel_hw_specific.o
 .data          0x00000000008002f1        0x0 /usr/lib/gcc/avr/4.5.3/../../../avr/lib/avr51/libprintf_min.a(vfprintf_min.o)
 .data          0x00000000008002f1        0x0 /usr/lib/gcc/avr/4.5.3/avr51/libgcc.a(_mulsi3.o)
 .data          0x00000000008002f1        0x0 /usr/lib/gcc/avr/4.5.3/avr51/libgcc.a(_divmodhi4.o)
 .data          0x00000000008002f1        0x0 /usr/lib/gcc/avr/4.5.3/avr51/libgcc.a(_udivmodsi4.o)
 .data          0x00000000008002f1        0x0 /usr/lib/gcc/avr/4.5.3/avr51/libgcc.a(_exit.o)
 .data          0x00000000008002f1        0x0 /usr/lib/gcc/avr/4.5.3/avr51/libgcc.a(_copy_data.o)
 .data          0x00000000008002f1        0x0 /usr/lib/gcc/avr/4.5.3/avr51/libgcc.a(_clear_bss.o)
 .data          0x00000000008002f1        0x0 /usr/lib/gcc/avr/4.5.3/avr51/libgcc.a(_udivdi3.o)
 .data          0x00000000008002f1        0x0 /usr/lib/gcc/avr/4.5.3/avr51/libgcc.a(_udivmodhi4.o)
 .data          0x00000000008002f1        0x0 /usr/lib/gcc/avr/4.5.3/avr51/libgcc.a(_prologue.o)
 .data          0x00000000008002f1        0x0 /usr/lib/gcc/avr/4.5.3/avr51/libgcc.a(_epilogue.o)
 .data          0x00000000008002f1      0x100 /usr/lib/gcc/avr/4.5.3/avr51/libgcc.a(_clz.o)
                0x00000000008002f1                __clz_tab
 .data          0x00000000008003f1        0x0 /usr/lib/gcc/avr/4.5.3/../../../avr/lib/avr51/libc.a(strchr_P.o)
 .data          0x00000000008003f1        0x0 /usr/lib/gcc/avr/4.5.3/../../../avr/lib/avr51/libc.a(fdevopen.o)
 .data          0x00000000008003f1        0x0 /usr/lib/gcc/avr/4.5.3/../../../avr/lib/avr51/libc.a(fputc.o)
 .data          0x00000000008003f1        0x0 /usr/lib/gcc/avr/4.5.3/../../../avr/lib/avr51/libc.a(iob.o)
 .data          0x00000000008003f1        0x0 /usr/lib/gcc/avr/4.5.3/../../../avr/lib/avr51/libc.a(printf.o)
 .data          0x00000000008003f1        0x0 /usr/lib/gcc/avr/4.5.3/../../../avr/lib/avr51/libc.a(puts.o)
 .data          0x00000000008003f1        0x0 /usr/lib/gcc/avr/4.5.3/../../../avr/lib/avr51/libc.a(sprintf.o)
 .data          0x00000000008003f1        0x0 /usr/lib/gcc/avr/4.5.3/../../../avr/lib/avr51/libc.a(ultoa_invert.o)
 .data          0x00000000008003f1        0x0 /usr/lib/gcc/avr/4.5.3/../../../avr/lib/avr51/libc.a(eerd_byte_atmega1281.o)
 .data          0x00000000008003f1        0x0 /usr/lib/gcc/avr/4.5.3/../../../avr/lib/avr51/libc.a(eewr_byte_atmega1281.o)
 .data          0x00000000008003f1        0x0 /usr/lib/gcc/avr/4.5.3/../../../avr/lib/avr51/libc.a(calloc.o)
 .data          0x00000000008003f1        0x6 /usr/lib/gcc/avr/4.5.3/../../../avr/lib/avr51/libc.a(malloc.o)
                0x00000000008003f1                __malloc_margin
                0x00000000008003f3                __malloc_heap_start
                0x00000000008003f5                __malloc_heap_end
 .data          0x00000000008003f7        0x0 /usr/lib/gcc/avr/4.5.3/../../../avr/lib/avr51/libc.a(memset.o)
 *(.data*)
 *(.rodata)
 *(.rodata*)
 *(.gnu.linkonce.d*)
                0x00000000008003f8                . = ALIGN (0x2)
 *fill*         0x00000000008003f7        0x1 00
                0x00000000008003f8                _edata = .
                0x00000000008003f8                PROVIDE (__data_end, .)

.bss            0x00000000008003f8      0x1e9
                0x00000000008003f8                PROVIDE (__bss_start, .)
 *(.bss)
 .bss           0x00000000008003f8        0x0 /usr/lib/gcc/avr/4.5.3/../../../avr/lib/avr51/crtm1281.o
 .bss           0x00000000008003f8        0x0 main.o
 .bss           0x00000000008003f8        0x0 ../../../src/drivers/platform/firefly2_2/source/ff_basic_sensor.o
 .bss           0x00000000008003f8        0x0 ../../../src/radio/cc2420/source/hal_rf_set_channel.o
 .bss           0x00000000008003f8        0x0 ../../../src/radio/cc2420/source/hal_rf_wait_for_crystal_oscillator.o
 .bss           0x00000000008003f8        0x0 ../../../src/radio/cc2420/source/basic_rf.o
 .bss           0x00000000008003f8        0x0 ../../../src/platform/firefly2_2/source/ulib.o
 .bss           0x00000000008003f8        0x0 ../../../src/platform/firefly2_2/source/hal_wait.o
 .bss           0x00000000008003f8        0x0 ../../../src/platform/firefly2_2/source/nrk_eeprom.o
 .bss           0x00000000008003f8        0x0 ../../../src/kernel/source/nrk.o
 .bss           0x00000000008003f8        0x0 ../../../src/kernel/source/nrk_stats.o
 .bss           0x00000000008003f8        0x0 ../../../src/kernel/source/nrk_error.o
 .bss           0x00000000008003f8        0x0 ../../../src/kernel/source/nrk_stack_check.o
 .bss           0x00000000008003f8        0x0 ../../../src/kernel/source/nrk_events.o
 .bss           0x00000000008003f8        0x0 ../../../src/kernel/source/nrk_task.o
 .bss           0x00000000008003f8        0x0 ../../../src/kernel/source/nrk_time.o
 .bss           0x00000000008003f8        0x0 ../../../src/kernel/source/nrk_idle_task.o
 .bss           0x00000000008003f8        0x0 ../../../src/kernel/source/nrk_scheduler.o
 .bss           0x00000000008003f8        0x0 ../../../src/kernel/source/nrk_driver.o
 .bss           0x00000000008003f8        0x0 ../../../src/kernel/source/nrk_reserve.o
 .bss           0x00000000008003f8        0x0 ../../../src/kernel/source/nrk_sw_wdt.o
 .bss           0x00000000008003f8        0x0 ../../../src/kernel/hal/atmega1281/nrk_timer.o
 .bss           0x00000000008003f8        0x0 ../../../src/kernel/hal/atmega1281/nrk_status.o
 .bss           0x00000000008003f8        0x0 ../../../src/kernel/hal/atmega1281/nrk_ext_int.o
 .bss           0x00000000008003f8        0x0 ../../../src/kernel/hal/atmega1281/nrk_watchdog.o
 .bss           0x00000000008003f8        0x0 ../../../src/kernel/hal/atmega1281/nrk_cpu.o
 .bss           0x00000000008003f8        0x0 ../../../src/kernel/hal/atmega1281/atmel_hw_specific.o
 .bss           0x00000000008003f8        0x0 /usr/lib/gcc/avr/4.5.3/../../../avr/lib/avr51/libprintf_min.a(vfprintf_min.o)
 .bss           0x00000000008003f8        0x0 /usr/lib/gcc/avr/4.5.3/avr51/libgcc.a(_mulsi3.o)
 .bss           0x00000000008003f8        0x0 /usr/lib/gcc/avr/4.5.3/avr51/libgcc.a(_divmodhi4.o)
 .bss           0x00000000008003f8        0x0 /usr/lib/gcc/avr/4.5.3/avr51/libgcc.a(_udivmodsi4.o)
 .bss           0x00000000008003f8        0x0 /usr/lib/gcc/avr/4.5.3/avr51/libgcc.a(_exit.o)
 .bss           0x00000000008003f8        0x0 /usr/lib/gcc/avr/4.5.3/avr51/libgcc.a(_copy_data.o)
 .bss           0x00000000008003f8        0x0 /usr/lib/gcc/avr/4.5.3/avr51/libgcc.a(_clear_bss.o)
 .bss           0x00000000008003f8        0x0 /usr/lib/gcc/avr/4.5.3/avr51/libgcc.a(_udivdi3.o)
 .bss           0x00000000008003f8        0x0 /usr/lib/gcc/avr/4.5.3/avr51/libgcc.a(_udivmodhi4.o)
 .bss           0x00000000008003f8        0x0 /usr/lib/gcc/avr/4.5.3/avr51/libgcc.a(_prologue.o)
 .bss           0x00000000008003f8        0x0 /usr/lib/gcc/avr/4.5.3/avr51/libgcc.a(_epilogue.o)
 .bss           0x00000000008003f8        0x0 /usr/lib/gcc/avr/4.5.3/avr51/libgcc.a(_clz.o)
 .bss           0x00000000008003f8        0x0 /usr/lib/gcc/avr/4.5.3/../../../avr/lib/avr51/libc.a(strchr_P.o)
 .bss           0x00000000008003f8        0x0 /usr/lib/gcc/avr/4.5.3/../../../avr/lib/avr51/libc.a(fdevopen.o)
 .bss           0x00000000008003f8        0x0 /usr/lib/gcc/avr/4.5.3/../../../avr/lib/avr51/libc.a(fputc.o)
 .bss           0x00000000008003f8        0x0 /usr/lib/gcc/avr/4.5.3/../../../avr/lib/avr51/libc.a(iob.o)
 .bss           0x00000000008003f8        0x0 /usr/lib/gcc/avr/4.5.3/../../../avr/lib/avr51/libc.a(printf.o)
 .bss           0x00000000008003f8        0x0 /usr/lib/gcc/avr/4.5.3/../../../avr/lib/avr51/libc.a(puts.o)
 .bss           0x00000000008003f8        0x0 /usr/lib/gcc/avr/4.5.3/../../../avr/lib/avr51/libc.a(sprintf.o)
 .bss           0x00000000008003f8        0x0 /usr/lib/gcc/avr/4.5.3/../../../avr/lib/avr51/libc.a(ultoa_invert.o)
 .bss           0x00000000008003f8        0x0 /usr/lib/gcc/avr/4.5.3/../../../avr/lib/avr51/libc.a(eerd_byte_atmega1281.o)
 .bss           0x00000000008003f8        0x0 /usr/lib/gcc/avr/4.5.3/../../../avr/lib/avr51/libc.a(eewr_byte_atmega1281.o)
 .bss           0x00000000008003f8        0x0 /usr/lib/gcc/avr/4.5.3/../../../avr/lib/avr51/libc.a(calloc.o)
 .bss           0x00000000008003f8        0x0 /usr/lib/gcc/avr/4.5.3/../../../avr/lib/avr51/libc.a(malloc.o)
 .bss           0x00000000008003f8        0x0 /usr/lib/gcc/avr/4.5.3/../../../avr/lib/avr51/libc.a(memset.o)
 *(.bss*)
 *(COMMON)
 COMMON         0x00000000008003f8      0x130 main.o
                0x00000000008003f8                app_timer0_callback
                0x00000000008003fa                error_task
                0x00000000008003fb                _nrk_time_trigger
                0x00000000008003fc                TaskOne
                0x000000000080041f                _nrk_signal_list
                0x0000000000800423                Stack1
                0x00000000008004a3                nrk_kernel_stk_ptr
                0x00000000008004a5                app_timer0_prescale
                0x00000000008004a6                _nrk_prev_timer_val
                0x00000000008004a7                error_num
                0x00000000008004a8                nrk_idle_task_stk
 COMMON         0x0000000000800528        0x2 ../../../src/drivers/platform/firefly2_2/source/ff_basic_sensor.o
                0x0000000000800528                is_open
                0x0000000000800529                channel
 COMMON         0x000000000080052a       0x1b ../../../src/radio/cc2420/source/basic_rf.o
                0x000000000080052a                rx_ctr
                0x000000000080052e                radio_sem
                0x0000000000800530                security_enable
                0x0000000000800531                mdmctrl0
                0x0000000000800533                rfSettings
                0x000000000080053c                tmp_blah
                0x000000000080053e                auto_ack_enable
                0x000000000080053f                last_pkt_encrypted
                0x0000000000800540                tx_ctr
                0x0000000000800544                rx_ready
 COMMON         0x0000000000800545       0x83 ../../../src/kernel/source/nrk.o
                0x0000000000800545                _free_node
                0x0000000000800547                nrk_task_TCB
                0x000000000080059d                next_next_wakeup
                0x000000000080059f                nrk_sem_list
                0x00000000008005a5                nrk_task_init_cnt
                0x00000000008005a6                nrk_wakeup_signal
                0x00000000008005a7                nrk_high_ready_TCB
                0x00000000008005a9                nrk_cur_task_prio
                0x00000000008005aa                _nrk_cpu_state
                0x00000000008005ab                _head_node
                0x00000000008005ad                nrk_system_time
                0x00000000008005b5                _nrk_resource_cnt
                0x00000000008005b6                nrk_cur_task_TCB
                0x00000000008005b8                nrk_high_ready_prio
                0x00000000008005b9                _nrk_readyQ
 COMMON         0x00000000008005c8        0x1 ../../../src/kernel/source/nrk_scheduler.o
                0x00000000008005c8                t
 COMMON         0x00000000008005c9        0x6 ../../../src/kernel/source/nrk_driver.o
                0x00000000008005c9                _nrk_driver_count
                0x00000000008005ca                nrk_drivers
                0x00000000008005ce                nrk_driver_init
 COMMON         0x00000000008005cf        0x8 ../../../src/kernel/hal/atmega1281/nrk_ext_int.o
                0x00000000008005cf                ext_int1_callback
                0x00000000008005d1                ext_int0_callback
                0x00000000008005d3                ext_int2_callback
                0x00000000008005d5                pc_int0_callback
 COMMON         0x00000000008005d7        0x6 /usr/lib/gcc/avr/4.5.3/../../../avr/lib/avr51/libc.a(iob.o)
                0x00000000008005d7                __iob
 COMMON         0x00000000008005dd        0x4 /usr/lib/gcc/avr/4.5.3/../../../avr/lib/avr51/libc.a(malloc.o)
                0x00000000008005dd                __brkval
                0x00000000008005df                __flp
                0x00000000008005e1                PROVIDE (__bss_end, .)
                0x0000000000006e20                __data_load_start = LOADADDR (.data)
                0x0000000000007018                __data_load_end = (__data_load_start + SIZEOF (.data))

.noinit         0x00000000008005e1        0x0
                0x00000000008005e1                PROVIDE (__noinit_start, .)
 *(.noinit*)
                0x00000000008005e1                PROVIDE (__noinit_end, .)
                0x00000000008005e1                _end = .
                0x00000000008005e1                PROVIDE (__heap_start, .)

.eeprom         0x0000000000810000        0x0
 *(.eeprom*)
                0x0000000000810000                __eeprom_end = .

.fuse
 *(.fuse)
 *(.lfuse)
 *(.hfuse)
 *(.efuse)

.lock
 *(.lock*)

.signature
 *(.signature*)

.stab           0x0000000000000000    0x114b4
 *(.stab)
 .stab          0x0000000000000000      0x6cc /usr/lib/gcc/avr/4.5.3/../../../avr/lib/avr51/crtm1281.o
 .stab          0x00000000000006cc      0xad4 main.o
                                        0xae0 (size before relaxing)
 .stab          0x00000000000011a0      0x984 ../../../src/drivers/platform/firefly2_2/source/ff_basic_sensor.o
                                        0xdb0 (size before relaxing)
 .stab          0x0000000000001b24      0x294 ../../../src/radio/cc2420/source/hal_rf_set_channel.o
                                        0x600 (size before relaxing)
 .stab          0x0000000000001db8      0x264 ../../../src/radio/cc2420/source/hal_rf_wait_for_crystal_oscillator.o
                                        0x5d0 (size before relaxing)
 .stab          0x000000000000201c     0x3960 ../../../src/radio/cc2420/source/basic_rf.o
                                       0x3d80 (size before relaxing)
 .stab          0x000000000000597c     0x11dc ../../../src/platform/firefly2_2/source/ulib.o
                                       0x1560 (size before relaxing)
 .stab          0x0000000000006b58      0x240 ../../../src/platform/firefly2_2/source/hal_wait.o
                                        0x5ac (size before relaxing)
 .stab          0x0000000000006d98      0x684 ../../../src/platform/firefly2_2/source/nrk_eeprom.o
                                        0x9f0 (size before relaxing)
 .stab          0x000000000000741c      0x954 ../../../src/kernel/source/nrk.o
                                        0xd44 (size before relaxing)
 .stab          0x0000000000007d70      0x2a0 ../../../src/kernel/source/nrk_stats.o
                                        0x6b4 (size before relaxing)
 .stab          0x0000000000008010      0xc60 ../../../src/kernel/source/nrk_error.o
                                       0x1080 (size before relaxing)
 .stab          0x0000000000008c70      0x498 ../../../src/kernel/source/nrk_stack_check.o
                                        0x8ac (size before relaxing)
 .stab          0x0000000000009108      0xf18 ../../../src/kernel/source/nrk_events.o
                                       0x1344 (size before relaxing)
 .stab          0x000000000000a020      0xf60 ../../../src/kernel/source/nrk_task.o
                                       0x138c (size before relaxing)
 .stab          0x000000000000af80      0x7ec ../../../src/kernel/source/nrk_time.o
                                        0xc18 (size before relaxing)
 .stab          0x000000000000b76c      0x33c ../../../src/kernel/source/nrk_idle_task.o
                                        0x768 (size before relaxing)
 .stab          0x000000000000baa8      0x87c ../../../src/kernel/source/nrk_scheduler.o
                                        0xca8 (size before relaxing)
 .stab          0x000000000000c324      0x738 ../../../src/kernel/source/nrk_driver.o
                                        0xb88 (size before relaxing)
 .stab          0x000000000000ca5c       0xe4 ../../../src/kernel/source/nrk_reserve.o
                                         0xf0 (size before relaxing)
 .stab          0x000000000000cb40      0x210 ../../../src/kernel/source/nrk_sw_wdt.o
                                        0x624 (size before relaxing)
 .stab          0x000000000000cd50      0xde0 ../../../src/kernel/hal/atmega1281/nrk_timer.o
                                       0x1200 (size before relaxing)
 .stab          0x000000000000db30      0x300 ../../../src/kernel/hal/atmega1281/nrk_status.o
                                        0x684 (size before relaxing)
 .stab          0x000000000000de30      0x7bc ../../../src/kernel/hal/atmega1281/nrk_ext_int.o
                                        0xb40 (size before relaxing)
 .stab          0x000000000000e5ec      0x3d8 ../../../src/kernel/hal/atmega1281/nrk_watchdog.o
                                        0x7e0 (size before relaxing)
 .stab          0x000000000000e9c4      0x774 ../../../src/kernel/hal/atmega1281/nrk_cpu.o
                                        0xb94 (size before relaxing)
 .stab          0x000000000000f138      0x204 ../../../src/kernel/hal/atmega1281/atmel_hw_specific.o
                                        0x210 (size before relaxing)
 .stab          0x000000000000f33c      0x858 /usr/lib/gcc/avr/4.5.3/../../../avr/lib/avr51/libprintf_min.a(vfprintf_min.o)
                                        0x8a0 (size before relaxing)
 .stab          0x000000000000fb94       0x9c /usr/lib/gcc/avr/4.5.3/../../../avr/lib/avr51/libc.a(strchr_P.o)
                                         0xa8 (size before relaxing)
 .stab          0x000000000000fc30      0x288 /usr/lib/gcc/avr/4.5.3/../../../avr/lib/avr51/libc.a(fdevopen.o)
                                        0x4b0 (size before relaxing)
 .stab          0x000000000000feb8      0x1e0 /usr/lib/gcc/avr/4.5.3/../../../avr/lib/avr51/libc.a(fputc.o)
                                        0x3c0 (size before relaxing)
 .stab          0x0000000000010098      0x12c /usr/lib/gcc/avr/4.5.3/../../../avr/lib/avr51/libc.a(iob.o)
                                        0x30c (size before relaxing)
 .stab          0x00000000000101c4      0x18c /usr/lib/gcc/avr/4.5.3/../../../avr/lib/avr51/libc.a(printf.o)
                                        0x36c (size before relaxing)
 .stab          0x0000000000010350      0x1f8 /usr/lib/gcc/avr/4.5.3/../../../avr/lib/avr51/libc.a(puts.o)
                                        0x3d8 (size before relaxing)
 .stab          0x0000000000010548      0x1f8 /usr/lib/gcc/avr/4.5.3/../../../avr/lib/avr51/libc.a(sprintf.o)
                                        0x3d8 (size before relaxing)
 .stab          0x0000000000010740      0x480 /usr/lib/gcc/avr/4.5.3/../../../avr/lib/avr51/libc.a(ultoa_invert.o)
                                        0x48c (size before relaxing)
 .stab          0x0000000000010bc0       0x90 /usr/lib/gcc/avr/4.5.3/../../../avr/lib/avr51/libc.a(eerd_byte_atmega1281.o)
                                         0x9c (size before relaxing)
 .stab          0x0000000000010c50       0xe4 /usr/lib/gcc/avr/4.5.3/../../../avr/lib/avr51/libc.a(eewr_byte_atmega1281.o)
                                         0xf0 (size before relaxing)
 .stab          0x0000000000010d34      0x198 /usr/lib/gcc/avr/4.5.3/../../../avr/lib/avr51/libc.a(calloc.o)
                                        0x1d4 (size before relaxing)
 .stab          0x0000000000010ecc      0x57c /usr/lib/gcc/avr/4.5.3/../../../avr/lib/avr51/libc.a(malloc.o)
                                        0x75c (size before relaxing)
 .stab          0x0000000000011448       0x6c /usr/lib/gcc/avr/4.5.3/../../../avr/lib/avr51/libc.a(memset.o)
                                         0x78 (size before relaxing)

.stabstr        0x0000000000000000     0x4f98
 *(.stabstr)
 .stabstr       0x0000000000000000     0x4f98 /usr/lib/gcc/avr/4.5.3/../../../avr/lib/avr51/crtm1281.o

.stab.excl
 *(.stab.excl)

.stab.exclstr
 *(.stab.exclstr)

.stab.index
 *(.stab.index)

.stab.indexstr
 *(.stab.indexstr)

.comment
 *(.comment)

.debug
 *(.debug)

.line
 *(.line)

.debug_srcinfo
 *(.debug_srcinfo)

.debug_sfnames
 *(.debug_sfnames)

.debug_aranges
 *(.debug_aranges)

.debug_pubnames
 *(.debug_pubnames)

.debug_info
 *(.debug_info)
 *(.gnu.linkonce.wi.*)

.debug_abbrev
 *(.debug_abbrev)

.debug_line
 *(.debug_line)

.debug_frame
 *(.debug_frame)

.debug_str
 *(.debug_str)

.debug_loc
 *(.debug_loc)

.debug_macinfo
 *(.debug_macinfo)
OUTPUT(main.elf elf32-avr)
LOAD linker stubs

Cross Reference Table

Symbol                                            File
NRK_ADC_INPUT_0                                   ../../../src/platform/firefly2_2/source/ulib.o
NRK_ADC_INPUT_1                                   ../../../src/platform/firefly2_2/source/ulib.o
NRK_ADC_INPUT_2                                   ../../../src/platform/firefly2_2/source/ulib.o
NRK_ADC_INPUT_3                                   ../../../src/platform/firefly2_2/source/ulib.o
NRK_ADC_INPUT_4                                   ../../../src/platform/firefly2_2/source/ulib.o
NRK_ADC_INPUT_5                                   ../../../src/platform/firefly2_2/source/ulib.o
NRK_ADC_INPUT_6                                   ../../../src/platform/firefly2_2/source/ulib.o
NRK_ADC_INPUT_7                                   ../../../src/platform/firefly2_2/source/ulib.o
NRK_BUTTON                                        ../../../src/platform/firefly2_2/source/ulib.o
NRK_CCA                                           ../../../src/platform/firefly2_2/source/ulib.o
NRK_DEBUG_0                                       ../../../src/platform/firefly2_2/source/ulib.o
                                                  ../../../src/radio/cc2420/source/basic_rf.o
NRK_DEBUG_1                                       ../../../src/platform/firefly2_2/source/ulib.o
                                                  ../../../src/radio/cc2420/source/basic_rf.o
NRK_DEBUG_2                                       ../../../src/platform/firefly2_2/source/ulib.o
NRK_DEBUG_3                                       ../../../src/platform/firefly2_2/source/ulib.o
NRK_FIFOP                                         ../../../src/platform/firefly2_2/source/ulib.o
NRK_GPIO26                                        ../../../src/platform/firefly2_2/source/ulib.o
NRK_GPIO34                                        ../../../src/platform/firefly2_2/source/ulib.o
NRK_LED_0                                         ../../../src/platform/firefly2_2/source/ulib.o
NRK_LED_1                                         ../../../src/platform/firefly2_2/source/ulib.o
NRK_LED_2                                         ../../../src/platform/firefly2_2/source/ulib.o
NRK_LED_3                                         ../../../src/platform/firefly2_2/source/ulib.o
NRK_MISO                                          ../../../src/platform/firefly2_2/source/ulib.o
NRK_MMC_10                                        ../../../src/platform/firefly2_2/source/ulib.o
NRK_MMC_11                                        ../../../src/platform/firefly2_2/source/ulib.o
NRK_MMC_9                                         ../../../src/platform/firefly2_2/source/ulib.o
NRK_MOSI                                          ../../../src/platform/firefly2_2/source/ulib.o
NRK_SCK                                           ../../../src/platform/firefly2_2/source/ulib.o
NRK_SFD                                           ../../../src/platform/firefly2_2/source/ulib.o
NRK_SPI_SS                                        ../../../src/platform/firefly2_2/source/ulib.o
NRK_UART0_RXD                                     ../../../src/platform/firefly2_2/source/ulib.o
NRK_UART0_TXD                                     ../../../src/platform/firefly2_2/source/ulib.o
NRK_UART1_RXD                                     ../../../src/platform/firefly2_2/source/ulib.o
NRK_UART1_TXD                                     ../../../src/platform/firefly2_2/source/ulib.o
PORT_INIT                                         ../../../src/platform/firefly2_2/source/ulib.o
Stack1                                            main.o
Task1                                             main.o
TaskOne                                           main.o
__bad_interrupt                                   /usr/lib/gcc/avr/4.5.3/../../../avr/lib/avr51/crtm1281.o
__brkval                                          /usr/lib/gcc/avr/4.5.3/../../../avr/lib/avr51/libc.a(malloc.o)
__bss_end                                         /usr/lib/gcc/avr/4.5.3/avr51/libgcc.a(_clear_bss.o)
__bss_start                                       /usr/lib/gcc/avr/4.5.3/avr51/libgcc.a(_clear_bss.o)
__clz_tab                                         /usr/lib/gcc/avr/4.5.3/avr51/libgcc.a(_clz.o)
                                                  /usr/lib/gcc/avr/4.5.3/avr51/libgcc.a(_udivdi3.o)
__data_end                                        /usr/lib/gcc/avr/4.5.3/avr51/libgcc.a(_copy_data.o)
__data_load_start                                 /usr/lib/gcc/avr/4.5.3/avr51/libgcc.a(_copy_data.o)
__data_start                                      /usr/lib/gcc/avr/4.5.3/avr51/libgcc.a(_copy_data.o)
__divmodhi4                                       /usr/lib/gcc/avr/4.5.3/avr51/libgcc.a(_divmodhi4.o)
                                                  ../../../src/drivers/platform/firefly2_2/source/ff_basic_sensor.o
__do_clear_bss                                    /usr/lib/gcc/avr/4.5.3/avr51/libgcc.a(_clear_bss.o)
                                                  /usr/lib/gcc/avr/4.5.3/../../../avr/lib/avr51/libc.a(malloc.o)
                                                  /usr/lib/gcc/avr/4.5.3/../../../avr/lib/avr51/libc.a(iob.o)
                                                  ../../../src/kernel/hal/atmega1281/nrk_cpu.o
                                                  ../../../src/kernel/hal/atmega1281/nrk_watchdog.o
                                                  ../../../src/kernel/hal/atmega1281/nrk_ext_int.o
                                                  ../../../src/kernel/hal/atmega1281/nrk_status.o
                                                  ../../../src/kernel/hal/atmega1281/nrk_timer.o
                                                  ../../../src/kernel/source/nrk_sw_wdt.o
                                                  ../../../src/kernel/source/nrk_driver.o
                                                  ../../../src/kernel/source/nrk_scheduler.o
                                                  ../../../src/kernel/source/nrk_idle_task.o
                                                  ../../../src/kernel/source/nrk_time.o
                                                  ../../../src/kernel/source/nrk_task.o
                                                  ../../../src/kernel/source/nrk_events.o
                                                  ../../../src/kernel/source/nrk_stack_check.o
                                                  ../../../src/kernel/source/nrk_error.o
                                                  ../../../src/kernel/source/nrk_stats.o
                                                  ../../../src/kernel/source/nrk.o
                                                  ../../../src/platform/firefly2_2/source/nrk_eeprom.o
                                                  ../../../src/platform/firefly2_2/source/hal_wait.o
                                                  ../../../src/platform/firefly2_2/source/ulib.o
                                                  ../../../src/radio/cc2420/source/basic_rf.o
                                                  ../../../src/radio/cc2420/source/hal_rf_wait_for_crystal_oscillator.o
                                                  ../../../src/radio/cc2420/source/hal_rf_set_channel.o
                                                  ../../../src/drivers/platform/firefly2_2/source/ff_basic_sensor.o
                                                  main.o
__do_copy_data                                    /usr/lib/gcc/avr/4.5.3/avr51/libgcc.a(_copy_data.o)
                                                  /usr/lib/gcc/avr/4.5.3/../../../avr/lib/avr51/libc.a(malloc.o)
                                                  /usr/lib/gcc/avr/4.5.3/avr51/libgcc.a(_clz.o)
                                                  ../../../src/kernel/source/nrk_stack_check.o
                                                  ../../../src/kernel/source/nrk_error.o
                                                  ../../../src/platform/firefly2_2/source/ulib.o
                                                  main.o
__eerd_byte_m1281                                 /usr/lib/gcc/avr/4.5.3/../../../avr/lib/avr51/libc.a(eerd_byte_atmega1281.o)
                                                  ../../../src/platform/firefly2_2/source/nrk_eeprom.o
__eewr_byte_m1281                                 /usr/lib/gcc/avr/4.5.3/../../../avr/lib/avr51/libc.a(eewr_byte_atmega1281.o)
                                                  ../../../src/platform/firefly2_2/source/nrk_eeprom.o
__eewr_r18_m1281                                  /usr/lib/gcc/avr/4.5.3/../../../avr/lib/avr51/libc.a(eewr_byte_atmega1281.o)
__epilogue_restores__                             /usr/lib/gcc/avr/4.5.3/avr51/libgcc.a(_epilogue.o)
                                                  /usr/lib/gcc/avr/4.5.3/avr51/libgcc.a(_udivdi3.o)
__flp                                             /usr/lib/gcc/avr/4.5.3/../../../avr/lib/avr51/libc.a(malloc.o)
__heap_end                                        /usr/lib/gcc/avr/4.5.3/../../../avr/lib/avr51/crtm1281.o
                                                  /usr/lib/gcc/avr/4.5.3/../../../avr/lib/avr51/libc.a(malloc.o)
__heap_start                                      /usr/lib/gcc/avr/4.5.3/../../../avr/lib/avr51/libc.a(malloc.o)
__init                                            /usr/lib/gcc/avr/4.5.3/../../../avr/lib/avr51/crtm1281.o
__iob                                             /usr/lib/gcc/avr/4.5.3/../../../avr/lib/avr51/libc.a(puts.o)
                                                  /usr/lib/gcc/avr/4.5.3/../../../avr/lib/avr51/libc.a(printf.o)
                                                  /usr/lib/gcc/avr/4.5.3/../../../avr/lib/avr51/libc.a(iob.o)
                                                  /usr/lib/gcc/avr/4.5.3/../../../avr/lib/avr51/libc.a(fdevopen.o)
                                                  ../../../src/kernel/source/nrk_error.o
                                                  ../../../src/platform/firefly2_2/source/ulib.o
__malloc_heap_end                                 /usr/lib/gcc/avr/4.5.3/../../../avr/lib/avr51/libc.a(malloc.o)
__malloc_heap_start                               /usr/lib/gcc/avr/4.5.3/../../../avr/lib/avr51/libc.a(malloc.o)
__malloc_margin                                   /usr/lib/gcc/avr/4.5.3/../../../avr/lib/avr51/libc.a(malloc.o)
__mulsi3                                          /usr/lib/gcc/avr/4.5.3/avr51/libgcc.a(_mulsi3.o)
                                                  /usr/lib/gcc/avr/4.5.3/avr51/libgcc.a(_udivdi3.o)
                                                  ../../../src/kernel/source/nrk_scheduler.o
                                                  ../../../src/kernel/source/nrk_time.o
__prologue_saves__                                /usr/lib/gcc/avr/4.5.3/avr51/libgcc.a(_prologue.o)
                                                  /usr/lib/gcc/avr/4.5.3/avr51/libgcc.a(_udivdi3.o)
__stack                                           /usr/lib/gcc/avr/4.5.3/../../../avr/lib/avr51/crtm1281.o
__udivdi3                                         /usr/lib/gcc/avr/4.5.3/avr51/libgcc.a(_udivdi3.o)
                                                  ../../../src/kernel/source/nrk_time.o
__udivmodhi4                                      /usr/lib/gcc/avr/4.5.3/avr51/libgcc.a(_udivmodhi4.o)
                                                  /usr/lib/gcc/avr/4.5.3/avr51/libgcc.a(_divmodhi4.o)
__udivmodsi4                                      /usr/lib/gcc/avr/4.5.3/avr51/libgcc.a(_udivmodsi4.o)
                                                  /usr/lib/gcc/avr/4.5.3/avr51/libgcc.a(_udivdi3.o)
                                                  ../../../src/kernel/source/nrk_scheduler.o
                                                  ../../../src/kernel/source/nrk_time.o
__ultoa_invert                                    /usr/lib/gcc/avr/4.5.3/../../../avr/lib/avr51/libc.a(ultoa_invert.o)
                                                  /usr/lib/gcc/avr/4.5.3/../../../avr/lib/avr51/libprintf_min.a(vfprintf_min.o)
__vector_1                                        ../../../src/kernel/hal/atmega1281/nrk_ext_int.o
                                                  /usr/lib/gcc/avr/4.5.3/../../../avr/lib/avr51/crtm1281.o
__vector_10                                       /usr/lib/gcc/avr/4.5.3/../../../avr/lib/avr51/crtm1281.o
__vector_11                                       /usr/lib/gcc/avr/4.5.3/../../../avr/lib/avr51/crtm1281.o
__vector_12                                       /usr/lib/gcc/avr/4.5.3/../../../avr/lib/avr51/crtm1281.o
__vector_13                                       ../../../src/kernel/hal/atmega1281/nrk_timer.o
                                                  /usr/lib/gcc/avr/4.5.3/../../../avr/lib/avr51/crtm1281.o
__vector_14                                       /usr/lib/gcc/avr/4.5.3/../../../avr/lib/avr51/crtm1281.o
__vector_15                                       ../../../src/kernel/hal/atmega1281/nrk_timer.o
                                                  /usr/lib/gcc/avr/4.5.3/../../../avr/lib/avr51/crtm1281.o
__vector_16                                       /usr/lib/gcc/avr/4.5.3/../../../avr/lib/avr51/crtm1281.o
__vector_17                                       ../../../src/kernel/hal/atmega1281/nrk_timer.o
                                                  /usr/lib/gcc/avr/4.5.3/../../../avr/lib/avr51/crtm1281.o
__vector_18                                       /usr/lib/gcc/avr/4.5.3/../../../avr/lib/avr51/crtm1281.o
__vector_19                                       /usr/lib/gcc/avr/4.5.3/../../../avr/lib/avr51/crtm1281.o
__vector_2                                        /usr/lib/gcc/avr/4.5.3/../../../avr/lib/avr51/crtm1281.o
__vector_20                                       /usr/lib/gcc/avr/4.5.3/../../../avr/lib/avr51/crtm1281.o
__vector_21                                       /usr/lib/gcc/avr/4.5.3/../../../avr/lib/avr51/crtm1281.o
__vector_22                                       /usr/lib/gcc/avr/4.5.3/../../../avr/lib/avr51/crtm1281.o
__vector_23                                       /usr/lib/gcc/avr/4.5.3/../../../avr/lib/avr51/crtm1281.o
__vector_24                                       /usr/lib/gcc/avr/4.5.3/../../../avr/lib/avr51/crtm1281.o
__vector_25                                       /usr/lib/gcc/avr/4.5.3/../../../avr/lib/avr51/crtm1281.o
__vector_26                                       /usr/lib/gcc/avr/4.5.3/../../../avr/lib/avr51/crtm1281.o
__vector_27                                       /usr/lib/gcc/avr/4.5.3/../../../avr/lib/avr51/crtm1281.o
__vector_28                                       /usr/lib/gcc/avr/4.5.3/../../../avr/lib/avr51/crtm1281.o
__vector_29                                       /usr/lib/gcc/avr/4.5.3/../../../avr/lib/avr51/crtm1281.o
__vector_3                                        /usr/lib/gcc/avr/4.5.3/../../../avr/lib/avr51/crtm1281.o
__vector_30                                       /usr/lib/gcc/avr/4.5.3/../../../avr/lib/avr51/crtm1281.o
__vector_31                                       /usr/lib/gcc/avr/4.5.3/../../../avr/lib/avr51/crtm1281.o
__vector_32                                       ../../../src/kernel/hal/atmega1281/nrk_timer.o
                                                  /usr/lib/gcc/avr/4.5.3/../../../avr/lib/avr51/crtm1281.o
__vector_33                                       /usr/lib/gcc/avr/4.5.3/../../../avr/lib/avr51/crtm1281.o
__vector_34                                       /usr/lib/gcc/avr/4.5.3/../../../avr/lib/avr51/crtm1281.o
__vector_35                                       /usr/lib/gcc/avr/4.5.3/../../../avr/lib/avr51/crtm1281.o
__vector_36                                       /usr/lib/gcc/avr/4.5.3/../../../avr/lib/avr51/crtm1281.o
__vector_37                                       /usr/lib/gcc/avr/4.5.3/../../../avr/lib/avr51/crtm1281.o
__vector_38                                       /usr/lib/gcc/avr/4.5.3/../../../avr/lib/avr51/crtm1281.o
__vector_39                                       /usr/lib/gcc/avr/4.5.3/../../../avr/lib/avr51/crtm1281.o
__vector_4                                        /usr/lib/gcc/avr/4.5.3/../../../avr/lib/avr51/crtm1281.o
__vector_40                                       /usr/lib/gcc/avr/4.5.3/../../../avr/lib/avr51/crtm1281.o
__vector_41                                       /usr/lib/gcc/avr/4.5.3/../../../avr/lib/avr51/crtm1281.o
__vector_42                                       /usr/lib/gcc/avr/4.5.3/../../../avr/lib/avr51/crtm1281.o
__vector_43                                       /usr/lib/gcc/avr/4.5.3/../../../avr/lib/avr51/crtm1281.o
__vector_44                                       /usr/lib/gcc/avr/4.5.3/../../../avr/lib/avr51/crtm1281.o
__vector_45                                       /usr/lib/gcc/avr/4.5.3/../../../avr/lib/avr51/crtm1281.o
__vector_46                                       /usr/lib/gcc/avr/4.5.3/../../../avr/lib/avr51/crtm1281.o
__vector_47                                       /usr/lib/gcc/avr/4.5.3/../../../avr/lib/avr51/crtm1281.o
__vector_48                                       /usr/lib/gcc/avr/4.5.3/../../../avr/lib/avr51/crtm1281.o
__vector_49                                       /usr/lib/gcc/avr/4.5.3/../../../avr/lib/avr51/crtm1281.o
__vector_5                                        /usr/lib/gcc/avr/4.5.3/../../../avr/lib/avr51/crtm1281.o
__vector_50                                       /usr/lib/gcc/avr/4.5.3/../../../avr/lib/avr51/crtm1281.o
__vector_6                                        /usr/lib/gcc/avr/4.5.3/../../../avr/lib/avr51/crtm1281.o
__vector_7                                        /usr/lib/gcc/avr/4.5.3/../../../avr/lib/avr51/crtm1281.o
__vector_8                                        /usr/lib/gcc/avr/4.5.3/../../../avr/lib/avr51/crtm1281.o
__vector_9                                        ../../../src/kernel/hal/atmega1281/nrk_ext_int.o
                                                  /usr/lib/gcc/avr/4.5.3/../../../avr/lib/avr51/crtm1281.o
__vector_default                                  ../../../src/kernel/hal/atmega1281/nrk_timer.o
                                                  /usr/lib/gcc/avr/4.5.3/../../../avr/lib/avr51/crtm1281.o
__vectors                                         /usr/lib/gcc/avr/4.5.3/../../../avr/lib/avr51/crtm1281.o
_div                                              /usr/lib/gcc/avr/4.5.3/avr51/libgcc.a(_divmodhi4.o)
_exit                                             /usr/lib/gcc/avr/4.5.3/avr51/libgcc.a(_exit.o)
_free_node                                        ../../../src/kernel/hal/atmega1281/nrk_cpu.o
                                                  ../../../src/kernel/source/nrk_scheduler.o
                                                  ../../../src/kernel/source/nrk_task.o
                                                  ../../../src/kernel/source/nrk_events.o
                                                  ../../../src/kernel/source/nrk_stats.o
                                                  ../../../src/kernel/source/nrk.o
_head_node                                        ../../../src/kernel/hal/atmega1281/nrk_cpu.o
                                                  ../../../src/kernel/source/nrk_scheduler.o
                                                  ../../../src/kernel/source/nrk_task.o
                                                  ../../../src/kernel/source/nrk_events.o
                                                  ../../../src/kernel/source/nrk_stats.o
                                                  ../../../src/kernel/source/nrk.o
_nrk_cpu_state                                    ../../../src/kernel/source/nrk_driver.o
                                                  ../../../src/kernel/source/nrk_scheduler.o
                                                  ../../../src/kernel/source/nrk_idle_task.o
                                                  ../../../src/kernel/source/nrk_task.o
                                                  ../../../src/kernel/source/nrk_events.o
                                                  ../../../src/kernel/source/nrk.o
_nrk_driver_count                                 ../../../src/kernel/source/nrk_driver.o
_nrk_errno_set                                    ../../../src/kernel/source/nrk_error.o
                                                  ../../../src/kernel/source/nrk_driver.o
                                                  ../../../src/kernel/source/nrk_events.o
                                                  ../../../src/radio/cc2420/source/basic_rf.o
                                                  ../../../src/drivers/platform/firefly2_2/source/ff_basic_sensor.o
_nrk_get_next_wakeup                              ../../../src/kernel/hal/atmega1281/nrk_timer.o
                                                  ../../../src/kernel/source/nrk_idle_task.o
                                                  ../../../src/kernel/source/nrk_task.o
_nrk_high_speed_timer_get                         ../../../src/kernel/hal/atmega1281/nrk_timer.o
                                                  ../../../src/kernel/source/nrk_scheduler.o
_nrk_high_speed_timer_reset                       ../../../src/kernel/hal/atmega1281/nrk_timer.o
                                                  ../../../src/kernel/source/nrk_scheduler.o
_nrk_high_speed_timer_start                       ../../../src/kernel/hal/atmega1281/nrk_timer.o
_nrk_high_speed_timer_stop                        ../../../src/kernel/hal/atmega1281/nrk_timer.o
_nrk_os_timer_get                                 ../../../src/kernel/hal/atmega1281/nrk_timer.o
                                                  ../../../src/kernel/source/nrk_scheduler.o
                                                  ../../../src/kernel/source/nrk_time.o
                                                  ../../../src/kernel/source/nrk_task.o
                                                  ../../../src/radio/cc2420/source/basic_rf.o
_nrk_os_timer_reset                               ../../../src/kernel/hal/atmega1281/nrk_timer.o
_nrk_os_timer_set                                 ../../../src/kernel/hal/atmega1281/nrk_timer.o
_nrk_os_timer_start                               ../../../src/kernel/hal/atmega1281/nrk_timer.o
_nrk_os_timer_stop                                ../../../src/kernel/hal/atmega1281/nrk_timer.o
_nrk_precision_os_timer_reset                     ../../../src/kernel/source/nrk_scheduler.o
_nrk_prev_timer_val                               ../../../src/kernel/hal/atmega1281/nrk_cpu.o
                                                  ../../../src/kernel/hal/atmega1281/nrk_timer.o
                                                  ../../../src/kernel/source/nrk_driver.o
                                                  ../../../src/kernel/source/nrk_scheduler.o
                                                  ../../../src/kernel/source/nrk_idle_task.o
                                                  ../../../src/kernel/source/nrk_time.o
                                                  ../../../src/kernel/source/nrk_task.o
                                                  ../../../src/kernel/source/nrk_events.o
                                                  ../../../src/kernel/source/nrk_error.o
                                                  ../../../src/radio/cc2420/source/basic_rf.o
                                                  ../../../src/drivers/platform/firefly2_2/source/ff_basic_sensor.o
                                                  main.o
_nrk_readyQ                                       ../../../src/kernel/hal/atmega1281/nrk_cpu.o
                                                  ../../../src/kernel/source/nrk_scheduler.o
                                                  ../../../src/kernel/source/nrk_events.o
                                                  ../../../src/kernel/source/nrk_stats.o
                                                  ../../../src/kernel/source/nrk.o
_nrk_resource_cnt                                 ../../../src/kernel/hal/atmega1281/nrk_cpu.o
                                                  ../../../src/kernel/source/nrk_scheduler.o
                                                  ../../../src/kernel/source/nrk_events.o
                                                  ../../../src/kernel/source/nrk_stats.o
                                                  ../../../src/kernel/source/nrk.o
_nrk_scheduler                                    ../../../src/kernel/source/nrk_scheduler.o
                                                  ../../../src/kernel/source/nrk.o
_nrk_set_next_wakeup                              ../../../src/kernel/hal/atmega1281/nrk_timer.o
                                                  ../../../src/kernel/source/nrk_scheduler.o
                                                  ../../../src/kernel/source/nrk_task.o
_nrk_setup_timer                                  ../../../src/kernel/hal/atmega1281/nrk_timer.o
                                                  ../../../src/kernel/hal/atmega1281/nrk_cpu.o
_nrk_signal_list                                  ../../../src/kernel/hal/atmega1281/nrk_cpu.o
                                                  ../../../src/kernel/hal/atmega1281/nrk_watchdog.o
                                                  ../../../src/kernel/hal/atmega1281/nrk_ext_int.o
                                                  ../../../src/kernel/hal/atmega1281/nrk_status.o
                                                  ../../../src/kernel/hal/atmega1281/nrk_timer.o
                                                  ../../../src/kernel/source/nrk_sw_wdt.o
                                                  ../../../src/kernel/source/nrk_driver.o
                                                  ../../../src/kernel/source/nrk_scheduler.o
                                                  ../../../src/kernel/source/nrk_idle_task.o
                                                  ../../../src/kernel/source/nrk_time.o
                                                  ../../../src/kernel/source/nrk_task.o
                                                  ../../../src/kernel/source/nrk_events.o
                                                  ../../../src/kernel/source/nrk_stack_check.o
                                                  ../../../src/kernel/source/nrk_error.o
                                                  ../../../src/kernel/source/nrk_stats.o
                                                  ../../../src/kernel/source/nrk.o
                                                  ../../../src/platform/firefly2_2/source/nrk_eeprom.o
                                                  ../../../src/platform/firefly2_2/source/hal_wait.o
                                                  ../../../src/platform/firefly2_2/source/ulib.o
                                                  ../../../src/radio/cc2420/source/basic_rf.o
                                                  ../../../src/radio/cc2420/source/hal_rf_wait_for_crystal_oscillator.o
                                                  ../../../src/radio/cc2420/source/hal_rf_set_channel.o
                                                  ../../../src/drivers/platform/firefly2_2/source/ff_basic_sensor.o
                                                  main.o
_nrk_startup_error                                ../../../src/kernel/hal/atmega1281/nrk_status.o
                                                  ../../../src/kernel/source/nrk.o
_nrk_ticks_to_time                                ../../../src/kernel/source/nrk_time.o
_nrk_time_to_ticks                                ../../../src/kernel/source/nrk_time.o
_nrk_time_to_ticks_long                           ../../../src/kernel/source/nrk_time.o
                                                  ../../../src/kernel/source/nrk_task.o
                                                  ../../../src/kernel/source/nrk.o
_nrk_time_trigger                                 ../../../src/kernel/hal/atmega1281/nrk_cpu.o
                                                  ../../../src/kernel/hal/atmega1281/nrk_timer.o
                                                  ../../../src/kernel/source/nrk_driver.o
                                                  ../../../src/kernel/source/nrk_scheduler.o
                                                  ../../../src/kernel/source/nrk_idle_task.o
                                                  ../../../src/kernel/source/nrk_time.o
                                                  ../../../src/kernel/source/nrk_task.o
                                                  ../../../src/kernel/source/nrk_events.o
                                                  ../../../src/kernel/source/nrk_error.o
                                                  ../../../src/radio/cc2420/source/basic_rf.o
                                                  ../../../src/drivers/platform/firefly2_2/source/ff_basic_sensor.o
                                                  main.o
_nrk_timer_tick                                   ../../../src/kernel/source/nrk.o
                                                  ../../../src/kernel/hal/atmega1281/nrk_cpu.o
_nrk_wait_for_scheduler                           ../../../src/kernel/source/nrk_task.o
app_timer0_callback                               ../../../src/kernel/hal/atmega1281/nrk_cpu.o
                                                  ../../../src/kernel/hal/atmega1281/nrk_timer.o
                                                  ../../../src/kernel/source/nrk_driver.o
                                                  ../../../src/kernel/source/nrk_scheduler.o
                                                  ../../../src/kernel/source/nrk_idle_task.o
                                                  ../../../src/kernel/source/nrk_time.o
                                                  ../../../src/kernel/source/nrk_task.o
                                                  ../../../src/kernel/source/nrk_events.o
                                                  ../../../src/kernel/source/nrk_error.o
                                                  ../../../src/radio/cc2420/source/basic_rf.o
                                                  ../../../src/drivers/platform/firefly2_2/source/ff_basic_sensor.o
                                                  main.o
app_timer0_prescale                               ../../../src/kernel/hal/atmega1281/nrk_cpu.o
                                                  ../../../src/kernel/hal/atmega1281/nrk_timer.o
                                                  ../../../src/kernel/source/nrk_driver.o
                                                  ../../../src/kernel/source/nrk_scheduler.o
                                                  ../../../src/kernel/source/nrk_idle_task.o
                                                  ../../../src/kernel/source/nrk_time.o
                                                  ../../../src/kernel/source/nrk_task.o
                                                  ../../../src/kernel/source/nrk_events.o
                                                  ../../../src/kernel/source/nrk_error.o
                                                  ../../../src/radio/cc2420/source/basic_rf.o
                                                  ../../../src/drivers/platform/firefly2_2/source/ff_basic_sensor.o
                                                  main.o
auto_ack_enable                                   ../../../src/radio/cc2420/source/basic_rf.o
blink_dash                                        ../../../src/kernel/source/nrk_error.o
blink_dot                                         ../../../src/kernel/source/nrk_error.o
blink_morse_code_error                            ../../../src/kernel/source/nrk_error.o
calloc                                            /usr/lib/gcc/avr/4.5.3/../../../avr/lib/avr51/libc.a(calloc.o)
                                                  /usr/lib/gcc/avr/4.5.3/../../../avr/lib/avr51/libc.a(fdevopen.o)
cc259x_rx                                         ../../../src/radio/cc2420/source/basic_rf.o
cc259x_tx                                         ../../../src/radio/cc2420/source/basic_rf.o
channel                                           ../../../src/drivers/platform/firefly2_2/source/ff_basic_sensor.o
delay                                             ../../../src/drivers/platform/firefly2_2/source/ff_basic_sensor.o
dev_manager_ff_sensors                            ../../../src/drivers/platform/firefly2_2/source/ff_basic_sensor.o
                                                  main.o
dump_stack_info                                   ../../../src/kernel/source/nrk_stack_check.o
error_num                                         ../../../src/kernel/hal/atmega1281/nrk_cpu.o
                                                  ../../../src/kernel/hal/atmega1281/nrk_watchdog.o
                                                  ../../../src/kernel/hal/atmega1281/nrk_ext_int.o
                                                  ../../../src/kernel/hal/atmega1281/nrk_status.o
                                                  ../../../src/kernel/hal/atmega1281/nrk_timer.o
                                                  ../../../src/kernel/source/nrk_sw_wdt.o
                                                  ../../../src/kernel/source/nrk_driver.o
                                                  ../../../src/kernel/source/nrk_scheduler.o
                                                  ../../../src/kernel/source/nrk_idle_task.o
                                                  ../../../src/kernel/source/nrk_time.o
                                                  ../../../src/kernel/source/nrk_task.o
                                                  ../../../src/kernel/source/nrk_events.o
                                                  ../../../src/kernel/source/nrk_stack_check.o
                                                  ../../../src/kernel/source/nrk_error.o
                                                  ../../../src/kernel/source/nrk_stats.o
                                                  ../../../src/kernel/source/nrk.o
                                                  ../../../src/platform/firefly2_2/source/nrk_eeprom.o
                                                  ../../../src/platform/firefly2_2/source/ulib.o
                                                  ../../../src/radio/cc2420/source/basic_rf.o
                                                  ../../../src/drivers/platform/firefly2_2/source/ff_basic_sensor.o
                                                  main.o
error_task                                        ../../../src/kernel/hal/atmega1281/nrk_cpu.o
                                                  ../../../src/kernel/hal/atmega1281/nrk_watchdog.o
                                                  ../../../src/kernel/hal/atmega1281/nrk_ext_int.o
                                                  ../../../src/kernel/hal/atmega1281/nrk_status.o
                                                  ../../../src/kernel/hal/atmega1281/nrk_timer.o
                                                  ../../../src/kernel/source/nrk_sw_wdt.o
                                                  ../../../src/kernel/source/nrk_driver.o
                                                  ../../../src/kernel/source/nrk_scheduler.o
                                                  ../../../src/kernel/source/nrk_idle_task.o
                                                  ../../../src/kernel/source/nrk_time.o
                                                  ../../../src/kernel/source/nrk_task.o
                                                  ../../../src/kernel/source/nrk_events.o
                                                  ../../../src/kernel/source/nrk_stack_check.o
                                                  ../../../src/kernel/source/nrk_error.o
                                                  ../../../src/kernel/source/nrk_stats.o
                                                  ../../../src/kernel/source/nrk.o
                                                  ../../../src/platform/firefly2_2/source/nrk_eeprom.o
                                                  ../../../src/platform/firefly2_2/source/ulib.o
                                                  ../../../src/radio/cc2420/source/basic_rf.o
                                                  ../../../src/drivers/platform/firefly2_2/source/ff_basic_sensor.o
                                                  main.o
exit                                              /usr/lib/gcc/avr/4.5.3/avr51/libgcc.a(_exit.o)
                                                  /usr/lib/gcc/avr/4.5.3/../../../avr/lib/avr51/crtm1281.o
ext_int0_callback                                 ../../../src/kernel/hal/atmega1281/nrk_ext_int.o
ext_int1_callback                                 ../../../src/kernel/hal/atmega1281/nrk_ext_int.o
ext_int2_callback                                 ../../../src/kernel/hal/atmega1281/nrk_ext_int.o
fdevopen                                          /usr/lib/gcc/avr/4.5.3/../../../avr/lib/avr51/libc.a(fdevopen.o)
                                                  ../../../src/platform/firefly2_2/source/ulib.o
fputc                                             /usr/lib/gcc/avr/4.5.3/../../../avr/lib/avr51/libc.a(fputc.o)
                                                  /usr/lib/gcc/avr/4.5.3/../../../avr/lib/avr51/libprintf_min.a(vfprintf_min.o)
                                                  ../../../src/kernel/source/nrk_error.o
                                                  ../../../src/platform/firefly2_2/source/ulib.o
free                                              /usr/lib/gcc/avr/4.5.3/../../../avr/lib/avr51/libc.a(malloc.o)
get_adc_val                                       ../../../src/drivers/platform/firefly2_2/source/ff_basic_sensor.o
getc0                                             ../../../src/platform/firefly2_2/source/ulib.o