Archive member included because of file (symbol)

/usr/lib/gcc/avr/4.5.3/../../../avr/lib/avr51/libprintf_min.a(vfprintf_min.o)
                              (vfprintf)
/usr/lib/gcc/avr/4.5.3/avr51/libgcc.a(_mulsi3.o)
                              ../../../src/drivers/platform/firefly3/source/ff_basic_sensor.o (__mulsi3)
/usr/lib/gcc/avr/4.5.3/avr51/libgcc.a(_udivmodsi4.o)
                              ../../../src/drivers/platform/firefly3/source/ff_basic_sensor.o (__udivmodsi4)
/usr/lib/gcc/avr/4.5.3/avr51/libgcc.a(_divmodsi4.o)
                              ../../../src/drivers/platform/firefly3/source/ff_basic_sensor.o (__divmodsi4)
/usr/lib/gcc/avr/4.5.3/avr51/libgcc.a(_exit.o)
                              /usr/lib/gcc/avr/4.5.3/../../../avr/lib/avr51/crtm128rfa1.o (exit)
/usr/lib/gcc/avr/4.5.3/avr51/libgcc.a(_copy_data.o)
                              main.o (__do_copy_data)
/usr/lib/gcc/avr/4.5.3/avr51/libgcc.a(_clear_bss.o)
                              main.o (__do_clear_bss)
/usr/lib/gcc/avr/4.5.3/avr51/libgcc.a(_udivdi3.o)
                              ../../../src/kernel/source/nrk_time.o (__udivdi3)
/usr/lib/gcc/avr/4.5.3/avr51/libgcc.a(_prologue.o)
                              /usr/lib/gcc/avr/4.5.3/avr51/libgcc.a(_udivdi3.o) (__prologue_saves__)
/usr/lib/gcc/avr/4.5.3/avr51/libgcc.a(_epilogue.o)
                              /usr/lib/gcc/avr/4.5.3/avr51/libgcc.a(_udivdi3.o) (__epilogue_restores__)
/usr/lib/gcc/avr/4.5.3/avr51/libgcc.a(_clz.o)
                              /usr/lib/gcc/avr/4.5.3/avr51/libgcc.a(_udivdi3.o) (__clz_tab)
/usr/lib/gcc/avr/4.5.3/../../../avr/lib/avr51/libc.a(strchr_P.o)
                              /usr/lib/gcc/avr/4.5.3/../../../avr/lib/avr51/libprintf_min.a(vfprintf_min.o) (strchr_P)
/usr/lib/gcc/avr/4.5.3/../../../avr/lib/avr51/libc.a(memcpy.o)
                              ../../../src/radio/rf231_soc/source/basic_rf.o (memcpy)
/usr/lib/gcc/avr/4.5.3/../../../avr/lib/avr51/libc.a(fdevopen.o)
                              ../../../src/platform/firefly3/source/ulib.o (fdevopen)
/usr/lib/gcc/avr/4.5.3/../../../avr/lib/avr51/libc.a(fputc.o)
                              ../../../src/platform/firefly3/source/ulib.o (fputc)
/usr/lib/gcc/avr/4.5.3/../../../avr/lib/avr51/libc.a(iob.o)
                              ../../../src/platform/firefly3/source/ulib.o (__iob)
/usr/lib/gcc/avr/4.5.3/../../../avr/lib/avr51/libc.a(printf.o)
                              main.o (printf)
/usr/lib/gcc/avr/4.5.3/../../../avr/lib/avr51/libc.a(putchar.o)
                              ../../../src/radio/rf231_soc/source/basic_rf.o (putchar)
/usr/lib/gcc/avr/4.5.3/../../../avr/lib/avr51/libc.a(puts.o)
                              main.o (puts)
/usr/lib/gcc/avr/4.5.3/../../../avr/lib/avr51/libc.a(sprintf.o)
                              ../../../src/kernel/source/nrk_error.o (sprintf)
/usr/lib/gcc/avr/4.5.3/../../../avr/lib/avr51/libc.a(ultoa_invert.o)
                              /usr/lib/gcc/avr/4.5.3/../../../avr/lib/avr51/libprintf_min.a(vfprintf_min.o) (__ultoa_invert)
/usr/lib/gcc/avr/4.5.3/../../../avr/lib/avr51/libc.a(eerd_byte_atmega128rfa1.o)
                              ../../../src/platform/firefly3/source/nrk_eeprom.o (__eerd_byte_m128rfa1)
/usr/lib/gcc/avr/4.5.3/../../../avr/lib/avr51/libc.a(eewr_byte_atmega128rfa1.o)
                              ../../../src/platform/firefly3/source/nrk_eeprom.o (__eewr_byte_m128rfa1)
/usr/lib/gcc/avr/4.5.3/../../../avr/lib/avr51/libc.a(calloc.o)
                              /usr/lib/gcc/avr/4.5.3/../../../avr/lib/avr51/libc.a(fdevopen.o) (calloc)
/usr/lib/gcc/avr/4.5.3/../../../avr/lib/avr51/libc.a(malloc.o)
                              /usr/lib/gcc/avr/4.5.3/../../../avr/lib/avr51/libc.a(calloc.o) (malloc)
/usr/lib/gcc/avr/4.5.3/../../../avr/lib/avr51/libc.a(memset.o)
                              /usr/lib/gcc/avr/4.5.3/../../../avr/lib/avr51/libc.a(calloc.o) (memset)

Allocating common symbols
Common symbol       size              file

rx_ctr              0x4               ../../../src/radio/rf231_soc/source/basic_rf.o
t                   0x1               ../../../src/kernel/source/nrk_scheduler.o
_free_node          0x2               ../../../src/kernel/source/nrk.o
app_timer0_callback
                    0x2               main.o
nrk_task_TCB        0x56              ../../../src/kernel/source/nrk.o
next_next_wakeup    0x2               ../../../src/kernel/source/nrk.o
ext_int1_callback   0x2               ../../../src/kernel/hal/atmega128rfa1/nrk_ext_int.o
radio_sem           0x2               ../../../src/radio/rf231_soc/source/basic_rf.o
use_glossy          0x1               ../../../src/radio/rf231_soc/source/basic_rf.o
twst                0x1               ../../../src/drivers/platform/firefly3/source/twi_base_calls.o
ext_int0_callback   0x2               ../../../src/kernel/hal/atmega128rfa1/nrk_ext_int.o
eeprom_values       0x16              ../../../src/drivers/platform/firefly3/source/ff_basic_sensor.o
[...]
Memory Configuration

Name             Origin             Length             Attributes
text             0x0000000000000000 0x0000000000020000 xr
data             0x0000000000800100 0x000000000000ff00 rw !x
eeprom           0x0000000000810000 0x0000000000010000 rw !x
fuse             0x0000000000820000 0x0000000000000400 rw !x
lock             0x0000000000830000 0x0000000000000400 rw !x
signature        0x0000000000840000 0x0000000000000400 rw !x
*default*        0x0000000000000000 0xffffffffffffffff

Linker script and memory map

Address of section .data set to 0x800200
LOAD /usr/lib/gcc/avr/4.5.3/../../../avr/lib/avr51/crtm128rfa1.o
LOAD main.o
LOAD ../../../src/drivers/platform/firefly3/source/ff_basic_sensor.o
LOAD ../../../src/drivers/platform/firefly3/source/twi_base_calls.o
LOAD ../../../src/radio/rf231_soc/source/basic_rf.o
LOAD ../../../src/platform/firefly3/source/ulib.o
LOAD ../../../src/platform/firefly3/source/hal_wait.o
LOAD ../../../src/platform/firefly3/source/nrk_eeprom.o
LOAD ../../../src/kernel/source/nrk.o
LOAD ../../../src/kernel/source/nrk_stats.o
LOAD ../../../src/kernel/source/nrk_error.o
LOAD ../../../src/kernel/source/nrk_stack_check.o
LOAD ../../../src/kernel/source/nrk_events.o
LOAD ../../../src/kernel/source/nrk_task.o
LOAD ../../../src/kernel/source/nrk_time.o
LOAD ../../../src/kernel/source/nrk_idle_task.o
LOAD ../../../src/kernel/source/nrk_scheduler.o
LOAD ../../../src/kernel/source/nrk_driver.o
LOAD ../../../src/kernel/source/nrk_reserve.o
LOAD ../../../src/kernel/source/nrk_sw_wdt.o
LOAD ../../../src/kernel/hal/atmega128rfa1/nrk_timer.o
LOAD ../../../src/kernel/hal/atmega128rfa1/nrk_status.o
LOAD ../../../src/kernel/hal/atmega128rfa1/nrk_ext_int.o
LOAD ../../../src/kernel/hal/atmega128rfa1/nrk_watchdog.o
LOAD ../../../src/kernel/hal/atmega128rfa1/nrk_cpu.o
LOAD ../../../src/kernel/hal/atmega128rfa1/atmel_hw_specific.o
LOAD /usr/lib/gcc/avr/4.5.3/../../../avr/lib/avr51/libprintf_min.a
LOAD /usr/lib/gcc/avr/4.5.3/../../../avr/lib/avr51/libm.a
LOAD /usr/lib/gcc/avr/4.5.3/avr51/libgcc.a
LOAD /usr/lib/gcc/avr/4.5.3/../../../avr/lib/avr51/libc.a
LOAD /usr/lib/gcc/avr/4.5.3/avr51/libgcc.a

.hash
 *(.hash)

.dynsym
 *(.dynsym)

.dynstr
 *(.dynstr)

.gnu.version
 *(.gnu.version)

.gnu.version_d
 *(.gnu.version_d)

.gnu.version_r
 *(.gnu.version_r)

.rel.init
 *(.rel.init)

.rela.init
 *(.rela.init)

.rel.text
 *(.rel.text)
 *(.rel.text.*)
 *(.rel.gnu.linkonce.t*)

.rela.text
 *(.rela.text)
 *(.rela.text.*)
 *(.rela.gnu.linkonce.t*)

.rel.fini
 *(.rel.fini)

.rela.fini
 *(.rela.fini)

.rel.rodata
 *(.rel.rodata)
 *(.rel.rodata.*)
 *(.rel.gnu.linkonce.r*)

.rela.rodata
 *(.rela.rodata)
 *(.rela.rodata.*)
 *(.rela.gnu.linkonce.r*)

.rel.data
 *(.rel.data)
 *(.rel.data.*)
 *(.rel.gnu.linkonce.d*)

.rela.data
 *(.rela.data)
 *(.rela.data.*)
 *(.rela.gnu.linkonce.d*)

.rel.ctors
 *(.rel.ctors)

.rela.ctors
 *(.rela.ctors)

.rel.dtors
 *(.rel.dtors)

.rela.dtors
 *(.rela.dtors)

.rel.got
 *(.rel.got)

.rela.got
 *(.rela.got)

.rel.bss
 *(.rel.bss)

.rela.bss
 *(.rela.bss)

.rel.plt
 *(.rel.plt)

.rela.plt
 *(.rela.plt)

.text           0x0000000000000000     0x6d9a
 *(.vectors)
 .vectors       0x0000000000000000      0x120 /usr/lib/gcc/avr/4.5.3/../../../avr/lib/avr51/crtm128rfa1.o
                0x0000000000000000                __vectors
 *(.vectors)
 *(.progmem.gcc*)
 .progmem.gcc_sw_table
                0x0000000000000120       0x2c ../../../src/kernel/source/nrk_error.o
 *(.progmem*)
 .progmem.data  0x000000000000014c       0x3e main.o
 .progmem.data  0x000000000000018a      0x238 ../../../src/kernel/source/nrk_error.o
 .progmem.data  0x00000000000003c2        0xf ../../../src/kernel/source/nrk_stack_check.o
 .progmem.data  0x00000000000003d1       0x17 /usr/lib/gcc/avr/4.5.3/../../../avr/lib/avr51/libprintf_min.a(vfprintf_min.o)
                0x00000000000003e8                . = ALIGN (0x2)
                0x00000000000003e8                __trampolines_start = .
 *(.trampolines)
 .trampolines   0x00000000000003e8        0x0 linker stubs
 *(.trampolines*)
                0x00000000000003e8                __trampolines_end = .
 *(.jumptables)
 *(.jumptables*)
 *(.lowtext)
 *(.lowtext*)
                0x00000000000003e8                __ctors_start = .
 *(.ctors)
                0x00000000000003e8                __ctors_end = .
                0x00000000000003e8                __dtors_start = .
 *(.dtors)
                0x00000000000003e8                __dtors_end = .
 SORT(*)(.ctors)
 SORT(*)(.dtors)
 *(.init0)
 .init0         0x00000000000003e8        0x0 /usr/lib/gcc/avr/4.5.3/../../../avr/lib/avr51/crtm128rfa1.o
                0x00000000000003e8                __init
 *(.init0)
 *(.init1)
 *(.init1)
 *(.init2)
 .init2         0x00000000000003e8        0xc /usr/lib/gcc/avr/4.5.3/../../../avr/lib/avr51/crtm128rfa1.o
 *(.init2)
 *(.init3)
 *(.init3)
 *(.init4)
 .init4         0x00000000000003f4       0x1a /usr/lib/gcc/avr/4.5.3/avr51/libgcc.a(_copy_data.o)
                0x00000000000003f4                __do_copy_data
 .init4         0x000000000000040e       0x10 /usr/lib/gcc/avr/4.5.3/avr51/libgcc.a(_clear_bss.o)
                0x000000000000040e                __do_clear_bss
 *(.init4)
 *(.init5)
 *(.init5)
 *(.init6)
 *(.init6)
 *(.init7)
 *(.init7)
 *(.init8)
 *(.init8)
 *(.init9)
 .init9         0x000000000000041e        0x8 /usr/lib/gcc/avr/4.5.3/../../../avr/lib/avr51/crtm128rfa1.o
 *(.init9)
 *(.text)
 .text          0x0000000000000426        0x4 /usr/lib/gcc/avr/4.5.3/../../../avr/lib/avr51/crtm128rfa1.o
                0x0000000000000426                __vector_38
                0x0000000000000426                __vector_22
                0x0000000000000426                __vector_28
                0x0000000000000426                __vector_67
                0x0000000000000426                __vector_71
                0x0000000000000426                __vector_34
                0x0000000000000426                __vector_24
                0x0000000000000426                __vector_12
                0x0000000000000426                __vector_55
                0x0000000000000426                __vector_69
                0x0000000000000426                __vector_46
                0x0000000000000426                __bad_interrupt
                0x0000000000000426                __vector_6
                0x0000000000000426                __vector_31
                0x0000000000000426                __vector_35
                0x0000000000000426                __vector_39
                0x0000000000000426                __vector_23
                0x0000000000000426                __vector_68
                0x0000000000000426                __vector_30
                0x0000000000000426                __vector_45
                0x0000000000000426                __vector_25
                0x0000000000000426                __vector_11
                0x0000000000000426                __vector_54
                0x0000000000000426                __vector_17
                0x0000000000000426                __vector_19
                0x0000000000000426                __vector_56
                0x0000000000000426                __vector_7
                0x0000000000000426                __vector_49
                0x0000000000000426                __vector_41
                0x0000000000000426                __vector_43
                0x0000000000000426                __vector_27
                0x0000000000000426                __vector_5
                0x0000000000000426                __vector_33
                0x0000000000000426                __vector_47
                0x0000000000000426                __vector_52
                0x0000000000000426                __vector_37
                0x0000000000000426                __vector_4
                0x0000000000000426                __vector_44
                0x0000000000000426                __vector_51
                0x0000000000000426                __vector_21
                0x0000000000000426                __vector_66
                0x0000000000000426                __vector_36
                0x0000000000000426                __vector_70
                0x0000000000000426                __vector_29
                0x0000000000000426                __vector_40
                0x0000000000000426                __vector_8
                0x0000000000000426                __vector_26
                0x0000000000000426                __vector_48
                0x0000000000000426                __vector_14
                0x0000000000000426                __vector_53
                0x0000000000000426                __vector_10
                0x0000000000000426                __vector_50
                0x0000000000000426                __vector_16
                0x0000000000000426                __vector_18
                0x0000000000000426                __vector_20
                0x0000000000000426                __vector_42
                0x0000000000000426                __vector_65
 .text          0x000000000000042a      0x332 main.o
                0x000000000000042a                Task1
                0x0000000000000692                nrk_create_taskset
                0x000000000000070a                nrk_register_drivers
                0x0000000000000722                main
 .text          0x000000000000075c      0x9f8 ../../../src/drivers/platform/firefly3/source/ff_basic_sensor.o
                0x000000000000075c                open
                0x00000000000007c0                close
                0x00000000000007de                get_status
                0x00000000000007ec                set_status
                0x000000000000084c                get_eeprom_values
                0x00000000000008ba                init_adc
                0x00000000000008e8                init
                0x0000000000000942                delay
                0x000000000000094c                get_adc_val
                0x0000000000000978                calc_true_press
                0x0000000000000cf6                calc_true_temp
                0x0000000000000dec                read_uncomp_temp
                0x0000000000000e54                calc_temp
                0x0000000000000e5e                read_uncomp_press
                0x0000000000000f0c                calc_press
                0x0000000000000f1e                read
                0x00000000000010f2                dev_manager_ff3_sensors
 .text          0x0000000000001154      0x304 ../../../src/drivers/platform/firefly3/source/twi_base_calls.o
                0x0000000000001154                set_i2c_device
                0x000000000000115a                init_i2c
                0x000000000000117a                close_i2c
                0x000000000000118e                ee24xx_read_bytes
                0x00000000000012ce                ee24xx_write_page
                0x00000000000013cc                ee24xx_write_bytes
                0x0000000000001428                error
 .text          0x0000000000001458      0xb02 ../../../src/radio/rf231_soc/source/basic_rf.o
                0x0000000000001468                rf_enable_glossy
                0x0000000000001470                rf_disable_glossy
                0x0000000000001476                rf_power_down
                0x00000000000014be                rf_power_up
                0x00000000000014ea                rf_tx_power
                0x00000000000014fe                rf_addr_decode_enable
                0x000000000000150a                rf_addr_decode_disable
                0x0000000000001516                rf_auto_ack_enable
                0x0000000000001522                rf_auto_ack_disable
                0x000000000000152e                rf_addr_decode_set_my_mac
                0x0000000000001540                rf_set_rx
                0x000000000000155a                rx_start_callback
                0x0000000000001564                rx_end_callback
                0x000000000000156e                rf_init
                0x000000000000165e                rf_rx_on
                0x0000000000001666                rf_polling_rx_on
                0x000000000000166e                rf_rx_off
                0x000000000000167a                rf_tx_packet_repeat
                0x00000000000018ee                rf_tx_packet
                0x00000000000018f8                rf_cca_check
                0x000000000000195e                rf_rx_packet_nonblock
                0x0000000000001ab8                __vector_64
                0x0000000000001ad6                __vector_63
                0x0000000000001afa                __vector_62
                0x0000000000001b18                __vector_61
                0x0000000000001b36                __vector_59
                0x0000000000001b96                __vector_58
                0x0000000000001bb4                __vector_57
                0x0000000000001bd2                rf_set_cca_thresh
                0x0000000000001be6                rf_security_last_pkt_status
                0x0000000000001bea                rf_security_set_ctr_counter
                0x0000000000001bec                rf_security_set_key
                0x0000000000001bee                rf_security_disable
                0x0000000000001bf0                rf_tx_tdma_packet
                0x0000000000001bf4                rf_get_sem
                0x0000000000001bfe                rf_rx_packet
                0x0000000000001c02                rf_flush_rx_fifo
                0x0000000000001c04                rf_busy
                0x0000000000001c08                rf_rx_check_fifop
                0x0000000000001c0c                rf_rx_check_sfd
                0x0000000000001c10                rf_carrier_on
                0x0000000000001c12                rf_carrier_off
                0x0000000000001c14                rf_test_mode
                0x0000000000001c16                rf_data_mode
                0x0000000000001c18                rf_rx_set_serial
                0x0000000000001c1a                rf_tx_set_serial
                0x0000000000001c1c                rf_set_preamble_length
                0x0000000000001c1e                rf_set_cca_mode
                0x0000000000001c20                rf_cc2591_tx_on
                0x0000000000001c3c                rf_cc2591_rx_on
                0x0000000000001c58                rf_glossy_interrupt
                0x0000000000001d54                __vector_60
                0x0000000000001dee                aes_setkey
                0x0000000000001e34                aes_encrypt
                0x0000000000001ebc                aes_decrypt
 .text          0x0000000000001f5a      0x90a ../../../src/platform/firefly3/source/ulib.o
                0x0000000000001f5a                getc0
                0x0000000000001f72                putc0
                0x0000000000001f8a                nrk_uart_rx_signal_get
                0x0000000000001f8e                nrk_uart_data_ready
                0x0000000000001fac                nrk_kprintf
                0x0000000000001fd2                PORT_INIT
                0x0000000000001fe6                nrk_setup_ports
                0x0000000000001fec                nrk_gpio_set
                0x0000000000002100                nrk_gpio_clr
                0x0000000000002204                nrk_gpio_get
                0x000000000000227a                nrk_gpio_toggle
                0x00000000000024ce                nrk_gpio_direction
                0x00000000000026f6                nrk_get_button
                0x0000000000002708                nrk_led_toggle
                0x0000000000002738                nrk_led_clr
                0x0000000000002768                nrk_led_set
                0x0000000000002798                nrk_gpio_pullups
                0x00000000000027ac                putc1
                0x00000000000027ba                setup_uart0
                0x00000000000027e4                setup_uart1
                0x000000000000280e                nrk_setup_uart
                0x000000000000284c                getc1
 .text          0x0000000000002864        0xe ../../../src/platform/firefly3/source/hal_wait.o
                0x0000000000002864                halWait
 .text          0x0000000000002872      0x140 ../../../src/platform/firefly3/source/nrk_eeprom.o
                0x0000000000002872                nrk_eeprom_read_byte
                0x0000000000002878                nrk_eeprom_write_byte
                0x000000000000287e                read_eeprom_mac_address
                0x00000000000028ea                read_eeprom_channel
                0x0000000000002902                write_eeprom_load_img_pages
                0x0000000000002912                read_eeprom_load_img_pages
                0x000000000000292a                read_eeprom_aes_key
                0x000000000000295a                write_eeprom_aes_key
                0x000000000000298a                read_eeprom_current_image_checksum
                0x00000000000029a2                write_eeprom_current_image_checksum
 .text          0x00000000000029b2      0x39c ../../../src/kernel/source/nrk.o
                0x00000000000029b2                nrk_int_disable
                0x00000000000029b6                nrk_int_enable
                0x00000000000029ba                nrk_halt
                0x00000000000029c0                nrk_init
                0x0000000000002afe                nrk_start
                0x0000000000002b72                nrk_TCB_init
                0x0000000000002d42                _nrk_timer_tick
                0x0000000000002d48                nrk_version
 .text          0x0000000000002d4e        0x0 ../../../src/kernel/source/nrk_stats.o
 .text          0x0000000000002d4e      0x352 ../../../src/kernel/source/nrk_error.o
                0x0000000000002d4e                _nrk_errno_set
                0x0000000000002d5a                nrk_errno_get
                0x0000000000002d66                nrk_error_get
                0x0000000000002d82                nrk_error_print
                0x0000000000002eb0                nrk_kernel_error_add
                0x0000000000002ebe                nrk_error_add
                0x0000000000002ed6                pause
                0x0000000000002f00                blink_dot
                0x0000000000002f1a                blink_dash
                0x0000000000002f3c                blink_morse_code_error
 .text          0x00000000000030a0      0x264 ../../../src/kernel/source/nrk_stack_check.o
                0x00000000000030a0                dump_stack_info
                0x0000000000003276                nrk_stack_check
                0x00000000000032be                nrk_stack_check_pid
 .text          0x0000000000003304      0x67c ../../../src/kernel/source/nrk_events.o
                0x0000000000003304                nrk_signal_create
                0x0000000000003370                nrk_signal_get_registered_mask
                0x0000000000003382                nrk_signal_delete
                0x0000000000003492                nrk_signal_unregister
                0x0000000000003516                nrk_signal_register
                0x000000000000357e                nrk_event_signal
                0x000000000000366c                nrk_event_wait
                0x00000000000036e2                nrk_sem_create
                0x000000000000372c                nrk_get_resource_index
                0x0000000000003748                nrk_sem_delete
                0x000000000000378a                nrk_sem_post
                0x000000000000389e                nrk_sem_pend
                0x0000000000003950                nrk_sem_query
 .text          0x0000000000003980      0x6e6 ../../../src/kernel/source/nrk_task.o
                0x0000000000003980                nrk_get_high_ready_task_ID
                0x000000000000398c                nrk_print_readyQ
                0x00000000000039a2                nrk_add_to_readyQ
                0x0000000000003b0c                nrk_rem_from_readyQ
                0x0000000000003bac                nrk_activate_task
                0x0000000000003c62                nrk_set_next_wakeup
                0x0000000000003cd6                _nrk_wait_for_scheduler
                0x0000000000003cea                nrk_wait
                0x0000000000003d96                nrk_wait_until_nw
                0x0000000000003de4                nrk_wait_until_ticks
                0x0000000000003e48                nrk_wait_ticks
                0x0000000000003ece                nrk_wait_until_next_n_periods
                0x0000000000003f34                nrk_wait_until_next_period
                0x0000000000003f8c                nrk_terminate_task
                0x0000000000003fae                nrk_wait_until
                0x000000000000405a                nrk_get_pid
 .text          0x0000000000004066      0x596 ../../../src/kernel/source/nrk_time.o
                0x0000000000004066                nrk_time_get
                0x0000000000004122                nrk_time_sub
                0x0000000000004240                nrk_time_compact_nanos
                0x0000000000004286                nrk_time_add
                0x000000000000433c                nrk_time_set
                0x000000000000435e                _nrk_time_to_ticks
                0x000000000000447c                _nrk_ticks_to_time
                0x00000000000044ee                _nrk_time_to_ticks_long
 .text          0x00000000000045fc       0x4c ../../../src/kernel/source/nrk_idle_task.o
                0x00000000000045fc                nrk_idle_task
 .text          0x0000000000004648      0x5b4 ../../../src/kernel/source/nrk_scheduler.o
                0x0000000000004648                _nrk_scheduler
 .text          0x0000000000004bfc      0x200 ../../../src/kernel/source/nrk_driver.o
                0x0000000000004bfc                nrk_register_driver
                0x0000000000004c34                nrk_open
                0x0000000000004cca                nrk_close
                0x0000000000004d08                nrk_write
                0x0000000000004d46                nrk_read
                0x0000000000004d84                nrk_set_status
                0x0000000000004dc0                nrk_get_status
 .text          0x0000000000004dfc        0x0 ../../../src/kernel/source/nrk_reserve.o
 .text          0x0000000000004dfc        0x0 ../../../src/kernel/source/nrk_sw_wdt.o
 .text          0x0000000000004dfc      0x3c2 ../../../src/kernel/hal/atmega128rfa1/nrk_timer.o
                0x0000000000004dfc                _nrk_precision_os_timer_start
                0x0000000000004e10                _nrk_precision_os_timer_reset
                0x0000000000004e1a                nrk_spin_wait_us
                0x0000000000004e38                _nrk_precision_os_timer_stop
                0x0000000000004e3e                _nrk_precision_os_timer_get
                0x0000000000004e64                _nrk_high_speed_timer_stop
                0x0000000000004e6a                _nrk_high_speed_timer_start
                0x0000000000004e72                _nrk_high_speed_timer_reset
                0x0000000000004e82                _nrk_high_speed_timer_get
                0x0000000000004ea8                nrk_high_speed_timer_wait
                0x0000000000004f1c                _nrk_os_timer_stop
                0x0000000000004f32                _nrk_os_timer_set
                0x0000000000004f38                _nrk_os_timer_start
                0x0000000000004f4a                _nrk_os_timer_reset
                0x0000000000004f5e                _nrk_setup_timer
                0x0000000000004fd8                _nrk_get_next_wakeup
                0x0000000000004fe0                _nrk_set_next_wakeup
                0x0000000000004fe8                nrk_timer_int_stop
                0x0000000000004ff4                nrk_timer_int_reset
                0x0000000000005008                nrk_timer_int_read
                0x000000000000501e                nrk_timer_int_start
                0x0000000000005030                nrk_timer_int_configure
                0x00000000000050aa                _nrk_os_timer_get
                0x00000000000050b0                __vector_default
                0x00000000000050e0                __vector_13
                0x00000000000050e0                __vector_15
                0x0000000000005146                __vector_32
                0x00000000000051aa                SIG_OUTPUT_COMPARE1A
 .text          0x00000000000051be       0x4c ../../../src/kernel/hal/atmega128rfa1/nrk_status.o
                0x00000000000051be                _nrk_startup_error
 .text          0x000000000000520a      0x3aa ../../../src/kernel/hal/atmega128rfa1/nrk_ext_int.o
                0x000000000000520a                nrk_ext_int_enable
                0x000000000000528c                nrk_ext_int_disable
                0x000000000000530e                nrk_ext_int_configure
                0x0000000000005424                __vector_9
                0x0000000000005488                __vector_1
                0x00000000000054ec                __vector_2
                0x0000000000005550                __vector_3
 .text          0x00000000000055b4       0x50 ../../../src/kernel/hal/atmega128rfa1/nrk_watchdog.o
                0x00000000000055b4                nrk_watchdog_disable
                0x00000000000055d2                nrk_watchdog_enable
                0x00000000000055f2                nrk_watchdog_check
                0x0000000000005600                nrk_watchdog_reset
 .text          0x0000000000005604      0x102 ../../../src/kernel/hal/atmega128rfa1/nrk_cpu.o
                0x0000000000005604                nrk_battery_save
                0x0000000000005606                nrk_sleep
                0x000000000000561e                nrk_idle
                0x0000000000005634                nrk_task_set_entry_function
                0x000000000000563c                nrk_task_set_stk
                0x000000000000567a                nrk_task_stk_init
                0x00000000000056d0                nrk_stack_pointer_init
                0x00000000000056ee                nrk_stack_pointer_restore
                0x00000000000056fc                nrk_target_start
 .text          0x0000000000005706       0x56 ../../../src/kernel/hal/atmega128rfa1/atmel_hw_specific.o
                0x0000000000005706                nrk_start_high_ready_task
 .text          0x000000000000575c        0x0 /usr/lib/gcc/avr/4.5.3/../../../avr/lib/avr51/libprintf_min.a(vfprintf_min.o)
 .text          0x000000000000575c        0x0 /usr/lib/gcc/avr/4.5.3/avr51/libgcc.a(_mulsi3.o)
 .text          0x000000000000575c        0x0 /usr/lib/gcc/avr/4.5.3/avr51/libgcc.a(_udivmodsi4.o)
 .text          0x000000000000575c        0x0 /usr/lib/gcc/avr/4.5.3/avr51/libgcc.a(_divmodsi4.o)
 .text          0x000000000000575c        0x0 /usr/lib/gcc/avr/4.5.3/avr51/libgcc.a(_exit.o)
 .text          0x000000000000575c        0x0 /usr/lib/gcc/avr/4.5.3/avr51/libgcc.a(_copy_data.o)
 .text          0x000000000000575c        0x0 /usr/lib/gcc/avr/4.5.3/avr51/libgcc.a(_clear_bss.o)
 .text          0x000000000000575c      0xcac /usr/lib/gcc/avr/4.5.3/avr51/libgcc.a(_udivdi3.o)
                0x000000000000575c                __udivdi3
 .text          0x0000000000006408        0x0 /usr/lib/gcc/avr/4.5.3/avr51/libgcc.a(_prologue.o)
 .text          0x0000000000006408        0x0 /usr/lib/gcc/avr/4.5.3/avr51/libgcc.a(_epilogue.o)
 .text          0x0000000000006408        0x0 /usr/lib/gcc/avr/4.5.3/avr51/libgcc.a(_clz.o)
 .text          0x0000000000006408        0x0 /usr/lib/gcc/avr/4.5.3/../../../avr/lib/avr51/libc.a(strchr_P.o)
 .text          0x0000000000006408        0x0 /usr/lib/gcc/avr/4.5.3/../../../avr/lib/avr51/libc.a(memcpy.o)
 .text          0x0000000000006408        0x0 /usr/lib/gcc/avr/4.5.3/../../../avr/lib/avr51/libc.a(fdevopen.o)
 .text          0x0000000000006408        0x0 /usr/lib/gcc/avr/4.5.3/../../../avr/lib/avr51/libc.a(fputc.o)
 .text          0x0000000000006408        0x0 /usr/lib/gcc/avr/4.5.3/../../../avr/lib/avr51/libc.a(iob.o)
 .text          0x0000000000006408        0x0 /usr/lib/gcc/avr/4.5.3/../../../avr/lib/avr51/libc.a(printf.o)
 .text          0x0000000000006408        0x0 /usr/lib/gcc/avr/4.5.3/../../../avr/lib/avr51/libc.a(putchar.o)
 .text          0x0000000000006408        0x0 /usr/lib/gcc/avr/4.5.3/../../../avr/lib/avr51/libc.a(puts.o)
 .text          0x0000000000006408        0x0 /usr/lib/gcc/avr/4.5.3/../../../avr/lib/avr51/libc.a(sprintf.o)
 .text          0x0000000000006408        0x0 /usr/lib/gcc/avr/4.5.3/../../../avr/lib/avr51/libc.a(ultoa_invert.o)
 .text          0x0000000000006408        0x0 /usr/lib/gcc/avr/4.5.3/../../../avr/lib/avr51/libc.a(eerd_byte_atmega128rfa1.o)
 .text          0x0000000000006408        0x0 /usr/lib/gcc/avr/4.5.3/../../../avr/lib/avr51/libc.a(eewr_byte_atmega128rfa1.o)
 .text          0x0000000000006408        0x0 /usr/lib/gcc/avr/4.5.3/../../../avr/lib/avr51/libc.a(calloc.o)
 .text          0x0000000000006408        0x0 /usr/lib/gcc/avr/4.5.3/../../../avr/lib/avr51/libc.a(malloc.o)
 .text          0x0000000000006408        0x0 /usr/lib/gcc/avr/4.5.3/../../../avr/lib/avr51/libc.a(memset.o)
                0x0000000000006408                . = ALIGN (0x2)
 *(.text.*)
 .text.avr-libc
                0x0000000000006408      0x2ac /usr/lib/gcc/avr/4.5.3/../../../avr/lib/avr51/libprintf_min.a(vfprintf_min.o)
                0x0000000000006408                vfprintf
 .text.libgcc   0x00000000000066b4       0x3e /usr/lib/gcc/avr/4.5.3/avr51/libgcc.a(_mulsi3.o)
                0x00000000000066b4                __mulsi3
 .text.libgcc   0x00000000000066f2       0x44 /usr/lib/gcc/avr/4.5.3/avr51/libgcc.a(_udivmodsi4.o)
                0x00000000000066f2                __udivmodsi4
 .text.libgcc   0x0000000000006736       0x36 /usr/lib/gcc/avr/4.5.3/avr51/libgcc.a(_divmodsi4.o)
                0x0000000000006736                __divmodsi4
 .text.libgcc   0x000000000000676c        0x0 /usr/lib/gcc/avr/4.5.3/avr51/libgcc.a(_exit.o)
 .text.libgcc   0x000000000000676c        0x0 /usr/lib/gcc/avr/4.5.3/avr51/libgcc.a(_copy_data.o)
 .text.libgcc   0x000000000000676c        0x0 /usr/lib/gcc/avr/4.5.3/avr51/libgcc.a(_clear_bss.o)
 .text.libgcc   0x000000000000676c       0x38 /usr/lib/gcc/avr/4.5.3/avr51/libgcc.a(_prologue.o)
                0x000000000000676c                __prologue_saves__
 .text.libgcc   0x00000000000067a4       0x36 /usr/lib/gcc/avr/4.5.3/avr51/libgcc.a(_epilogue.o)
                0x00000000000067a4                __epilogue_restores__
 .text.avr-libc
                0x00000000000067da       0x16 /usr/lib/gcc/avr/4.5.3/../../../avr/lib/avr51/libc.a(strchr_P.o)
                0x00000000000067da                strchr_P
 .text.avr-libc
                0x00000000000067f0       0x12 /usr/lib/gcc/avr/4.5.3/../../../avr/lib/avr51/libc.a(memcpy.o)
                0x00000000000067f0                memcpy
 .text.avr-libc
                0x0000000000006802       0x96 /usr/lib/gcc/avr/4.5.3/../../../avr/lib/avr51/libc.a(fdevopen.o)
                0x0000000000006802                fdevopen
 .text.avr-libc
                0x0000000000006898       0x58 /usr/lib/gcc/avr/4.5.3/../../../avr/lib/avr51/libc.a(fputc.o)
                0x0000000000006898                fputc
 .text.avr-libc
                0x00000000000068f0       0x24 /usr/lib/gcc/avr/4.5.3/../../../avr/lib/avr51/libc.a(printf.o)
                0x00000000000068f0                printf
 .text.avr-libc
                0x0000000000006914        0xe /usr/lib/gcc/avr/4.5.3/../../../avr/lib/avr51/libc.a(putchar.o)
                0x0000000000006914                putchar
 .text.avr-libc
                0x0000000000006922       0x6e /usr/lib/gcc/avr/4.5.3/../../../avr/lib/avr51/libc.a(puts.o)
                0x0000000000006922                puts
 .text.avr-libc
                0x0000000000006990       0x60 /usr/lib/gcc/avr/4.5.3/../../../avr/lib/avr51/libc.a(sprintf.o)
                0x0000000000006990                sprintf
 .text.avr-libc
                0x00000000000069f0       0xbc /usr/lib/gcc/avr/4.5.3/../../../avr/lib/avr51/libc.a(ultoa_invert.o)
                0x00000000000069f0                __ultoa_invert
 .text.avr-libc
                0x0000000000006aac       0x10 /usr/lib/gcc/avr/4.5.3/../../../avr/lib/avr51/libc.a(eerd_byte_atmega128rfa1.o)
                0x0000000000006aac                __eerd_byte_m128rfa1
 .text.avr-libc
                0x0000000000006abc       0x1c /usr/lib/gcc/avr/4.5.3/../../../avr/lib/avr51/libc.a(eewr_byte_atmega128rfa1.o)
                0x0000000000006abc                __eewr_byte_m128rfa1
                0x0000000000006abe                __eewr_r18_m128rfa1
 .text.avr-libc
                0x0000000000006ad8       0x4a /usr/lib/gcc/avr/4.5.3/../../../avr/lib/avr51/libc.a(calloc.o)
                0x0000000000006ad8                calloc
 .text.avr-libc
                0x0000000000006b22      0x266 /usr/lib/gcc/avr/4.5.3/../../../avr/lib/avr51/libc.a(malloc.o)
                0x0000000000006b22                malloc
                0x0000000000006c56                free
 .text.avr-libc
                0x0000000000006d88        0xe /usr/lib/gcc/avr/4.5.3/../../../avr/lib/avr51/libc.a(memset.o)
                0x0000000000006d88                memset
                0x0000000000006d96                . = ALIGN (0x2)
 *(.fini9)
 .fini9         0x0000000000006d96        0x0 /usr/lib/gcc/avr/4.5.3/avr51/libgcc.a(_exit.o)
                0x0000000000006d96                exit
                0x0000000000006d96                _exit
 *(.fini9)
 *(.fini8)
 *(.fini8)
 *(.fini7)
 *(.fini7)
 *(.fini6)
 *(.fini6)
 *(.fini5)
 *(.fini5)
 *(.fini4)
 *(.fini4)
 *(.fini3)
 *(.fini3)
 *(.fini2)
 *(.fini2)
 *(.fini1)
 *(.fini1)
 *(.fini0)
 .fini0         0x0000000000006d96        0x4 /usr/lib/gcc/avr/4.5.3/avr51/libgcc.a(_exit.o)
 *(.fini0)
                0x0000000000006d9a                _etext = .

.data           0x0000000000800200      0x336 load address 0x0000000000006d9a
                0x0000000000800200                PROVIDE (__data_start, .)
 *(.data)
 .data          0x0000000000800200        0x0 /usr/lib/gcc/avr/4.5.3/../../../avr/lib/avr51/crtm128rfa1.o
 .data          0x0000000000800200       0xf3 main.o
 .data          0x00000000008002f3        0x0 ../../../src/drivers/platform/firefly3/source/ff_basic_sensor.o
 .data          0x00000000008002f3       0x17 ../../../src/drivers/platform/firefly3/source/twi_base_calls.o
 .data          0x000000000080030a       0x83 ../../../src/radio/rf231_soc/source/basic_rf.o
 .data          0x000000000080038d       0x51 ../../../src/platform/firefly3/source/ulib.o
                0x000000000080038d                NRK_PORTA_0
                0x000000000080038e                NRK_PORTA_1
                0x000000000080038f                NRK_PORTA_2
                0x0000000000800390                NRK_PORTA_3
                0x0000000000800391                NRK_PORTA_4
                0x0000000000800392                NRK_PORTA_5
                0x0000000000800393                NRK_PORTA_6
                0x0000000000800394                NRK_PORTA_7
                0x0000000000800395                NRK_DEBUG_0
                0x0000000000800396                NRK_DEBUG_1
                0x0000000000800397                NRK_DEBUG_2
                0x0000000000800398                NRK_DEBUG_3
                0x0000000000800399                NRK_SPI_SS
                0x000000000080039a                NRK_SCK
                0x000000000080039b                NRK_MOSI
                0x000000000080039c                NRK_MISO
                0x000000000080039d                NRK_PORTB_0
                0x000000000080039e                NRK_PORTB_1
                0x000000000080039f                NRK_PORTB_2
                0x00000000008003a0                NRK_PORTB_3
                0x00000000008003a1                NRK_PORTB_4
                0x00000000008003a2                NRK_PORTB_5
                0x00000000008003a3                NRK_PORTB_6
                0x00000000008003a4                NRK_PORTB_7
                0x00000000008003a5                NRK_PORTC_0
                0x00000000008003a6                NRK_PORTC_1
                0x00000000008003a7                NRK_PORTC_2
                0x00000000008003a8                NRK_PORTC_3
                0x00000000008003a9                NRK_PORTC_4
                0x00000000008003aa                NRK_PORTC_5
                0x00000000008003ab                NRK_PORTC_6
                0x00000000008003ac                NRK_PORTC_7
                0x00000000008003ad                NRK_PORTD_0
                0x00000000008003ae                NRK_PORTD_1
                0x00000000008003af                NRK_PORTD_2
                0x00000000008003b0                NRK_PORTD_3
                0x00000000008003b1                NRK_PORTD_4
                0x00000000008003b2                NRK_PORTD_5
                0x00000000008003b3                NRK_PORTD_6
                0x00000000008003b4                NRK_PORTD_7
                0x00000000008003b5                NRK_BUTTON
                0x00000000008003b6                NRK_UART1_RXD
                0x00000000008003b7                NRK_UART1_TXD
                0x00000000008003b8                NRK_LED_0
                0x00000000008003b9                NRK_LED_1
                0x00000000008003ba                NRK_LED_2
                0x00000000008003bb                NRK_LED_3
                0x00000000008003bc                NRK_PORTE_0
                0x00000000008003bd                NRK_PORTE_1
                0x00000000008003be                NRK_PORTE_2
                0x00000000008003bf                NRK_PORTE_3
                0x00000000008003c0                NRK_PORTE_4
                0x00000000008003c1                NRK_PORTE_5
                0x00000000008003c2                NRK_PORTE_6
                0x00000000008003c3                NRK_PORTE_7
                0x00000000008003c4                NRK_UART0_RXD
                0x00000000008003c5                NRK_UART0_TXD
                0x00000000008003c6                NRK_ANT_0
                0x00000000008003c7                NRK_ANT_1
                0x00000000008003c8                NRK_PORTG_0
                0x00000000008003c9                NRK_PORTG_1
                0x00000000008003ca                NRK_PORTG_2
                0x00000000008003cb                NRK_PORTG_3
                0x00000000008003cc                NRK_PORTG_4
                0x00000000008003cd                NRK_PORTG_5
                0x00000000008003ce                NRK_PORTF_0
                0x00000000008003cf                NRK_PORTF_1
                0x00000000008003d0                NRK_PORTF_2
                0x00000000008003d1                NRK_PORTF_3
                0x00000000008003d2                NRK_PORTF_4
                0x00000000008003d3                NRK_PORTF_5
                0x00000000008003d4                NRK_PORTF_6
                0x00000000008003d5                NRK_PORTF_7
                0x00000000008003d6                NRK_ADC_INPUT_0
                0x00000000008003d7                NRK_ADC_INPUT_1
                0x00000000008003d8                NRK_ADC_INPUT_2
                0x00000000008003d9                NRK_ADC_INPUT_3
                0x00000000008003da                NRK_ADC_INPUT_4
                0x00000000008003db                NRK_ADC_INPUT_5
                0x00000000008003dc                NRK_ADC_INPUT_6
                0x00000000008003dd                NRK_ADC_INPUT_7
 .data          0x00000000008003de        0x0 ../../../src/platform/firefly3/source/hal_wait.o
 .data          0x00000000008003de        0x0 ../../../src/platform/firefly3/source/nrk_eeprom.o
 .data          0x00000000008003de        0x0 ../../../src/kernel/source/nrk.o
 .data          0x00000000008003de        0x0 ../../../src/kernel/source/nrk_stats.o
 .data          0x00000000008003de        0x3 ../../../src/kernel/source/nrk_error.o
 .data          0x00000000008003e1       0x4e ../../../src/kernel/source/nrk_stack_check.o
 .data          0x000000000080042f        0x0 ../../../src/kernel/source/nrk_events.o
 .data          0x000000000080042f        0x0 ../../../src/kernel/source/nrk_task.o
 .data          0x000000000080042f        0x0 ../../../src/kernel/source/nrk_time.o
 .data          0x000000000080042f        0x0 ../../../src/kernel/source/nrk_idle_task.o
 .data          0x000000000080042f        0x0 ../../../src/kernel/source/nrk_scheduler.o
 .data          0x000000000080042f        0x0 ../../../src/kernel/source/nrk_driver.o
 .data          0x000000000080042f        0x0 ../../../src/kernel/source/nrk_reserve.o
 .data          0x000000000080042f        0x0 ../../../src/kernel/source/nrk_sw_wdt.o
 .data          0x000000000080042f        0x0 ../../../src/kernel/hal/atmega128rfa1/nrk_timer.o
 .data          0x000000000080042f        0x0 ../../../src/kernel/hal/atmega128rfa1/nrk_status.o
 .data          0x000000000080042f        0x0 ../../../src/kernel/hal/atmega128rfa1/nrk_ext_int.o
 .data          0x000000000080042f        0x0 ../../../src/kernel/hal/atmega128rfa1/nrk_watchdog.o
 .data          0x000000000080042f        0x0 ../../../src/kernel/hal/atmega128rfa1/nrk_cpu.o
 .data          0x000000000080042f        0x0 ../../../src/kernel/hal/atmega128rfa1/atmel_hw_specific.o
 .data          0x000000000080042f        0x0 /usr/lib/gcc/avr/4.5.3/../../../avr/lib/avr51/libprintf_min.a(vfprintf_min.o)
 .data          0x000000000080042f        0x0 /usr/lib/gcc/avr/4.5.3/avr51/libgcc.a(_mulsi3.o)
 .data          0x000000000080042f        0x0 /usr/lib/gcc/avr/4.5.3/avr51/libgcc.a(_udivmodsi4.o)
 .data          0x000000000080042f        0x0 /usr/lib/gcc/avr/4.5.3/avr51/libgcc.a(_divmodsi4.o)
 .data          0x000000000080042f        0x0 /usr/lib/gcc/avr/4.5.3/avr51/libgcc.a(_exit.o)
 .data          0x000000000080042f        0x0 /usr/lib/gcc/avr/4.5.3/avr51/libgcc.a(_copy_data.o)
 .data          0x000000000080042f        0x0 /usr/lib/gcc/avr/4.5.3/avr51/libgcc.a(_clear_bss.o)
 .data          0x000000000080042f        0x0 /usr/lib/gcc/avr/4.5.3/avr51/libgcc.a(_udivdi3.o)
 .data          0x000000000080042f        0x0 /usr/lib/gcc/avr/4.5.3/avr51/libgcc.a(_prologue.o)
 .data          0x000000000080042f        0x0 /usr/lib/gcc/avr/4.5.3/avr51/libgcc.a(_epilogue.o)
 .data          0x000000000080042f      0x100 /usr/lib/gcc/avr/4.5.3/avr51/libgcc.a(_clz.o)
                0x000000000080042f                __clz_tab
 .data          0x000000000080052f        0x0 /usr/lib/gcc/avr/4.5.3/../../../avr/lib/avr51/libc.a(strchr_P.o)
 .data          0x000000000080052f        0x0 /usr/lib/gcc/avr/4.5.3/../../../avr/lib/avr51/libc.a(memcpy.o)
 .data          0x000000000080052f        0x0 /usr/lib/gcc/avr/4.5.3/../../../avr/lib/avr51/libc.a(fdevopen.o)
 .data          0x000000000080052f        0x0 /usr/lib/gcc/avr/4.5.3/../../../avr/lib/avr51/libc.a(fputc.o)
 .data          0x000000000080052f        0x0 /usr/lib/gcc/avr/4.5.3/../../../avr/lib/avr51/libc.a(iob.o)
 .data          0x000000000080052f        0x0 /usr/lib/gcc/avr/4.5.3/../../../avr/lib/avr51/libc.a(printf.o)
 .data          0x000000000080052f        0x0 /usr/lib/gcc/avr/4.5.3/../../../avr/lib/avr51/libc.a(putchar.o)
 .data          0x000000000080052f        0x0 /usr/lib/gcc/avr/4.5.3/../../../avr/lib/avr51/libc.a(puts.o)
 .data          0x000000000080052f        0x0 /usr/lib/gcc/avr/4.5.3/../../../avr/lib/avr51/libc.a(sprintf.o)
 .data          0x000000000080052f        0x0 /usr/lib/gcc/avr/4.5.3/../../../avr/lib/avr51/libc.a(ultoa_invert.o)
 .data          0x000000000080052f        0x0 /usr/lib/gcc/avr/4.5.3/../../../avr/lib/avr51/libc.a(eerd_byte_atmega128rfa1.o)
 .data          0x000000000080052f        0x0 /usr/lib/gcc/avr/4.5.3/../../../avr/lib/avr51/libc.a(eewr_byte_atmega128rfa1.o)
 .data          0x000000000080052f        0x0 /usr/lib/gcc/avr/4.5.3/../../../avr/lib/avr51/libc.a(calloc.o)
 .data          0x000000000080052f        0x6 /usr/lib/gcc/avr/4.5.3/../../../avr/lib/avr51/libc.a(malloc.o)
                0x000000000080052f                __malloc_margin
                0x0000000000800531                __malloc_heap_start
                0x0000000000800533                __malloc_heap_end
 .data          0x0000000000800535        0x0 /usr/lib/gcc/avr/4.5.3/../../../avr/lib/avr51/libc.a(memset.o)
 *(.data*)
 *(.rodata)
 *(.rodata*)
 *(.gnu.linkonce.d*)
                0x0000000000800536                . = ALIGN (0x2)
 *fill*         0x0000000000800535        0x1 00
                0x0000000000800536                _edata = .
                0x0000000000800536                PROVIDE (__data_end, .)

.bss            0x0000000000800536      0x26e
                0x0000000000800536                PROVIDE (__bss_start, .)
 *(.bss)
 .bss           0x0000000000800536        0x0 /usr/lib/gcc/avr/4.5.3/../../../avr/lib/avr51/crtm128rfa1.o
 .bss           0x0000000000800536        0x0 main.o
 .bss           0x0000000000800536        0x0 ../../../src/drivers/platform/firefly3/source/ff_basic_sensor.o
 .bss           0x0000000000800536        0x0 ../../../src/drivers/platform/firefly3/source/twi_base_calls.o
 .bss           0x0000000000800536        0x4 ../../../src/radio/rf231_soc/source/basic_rf.o
                0x0000000000800536                rx_start_func
                0x0000000000800538                rx_end_func
 .bss           0x000000000080053a        0x0 ../../../src/platform/firefly3/source/ulib.o
 .bss           0x000000000080053a        0x0 ../../../src/platform/firefly3/source/hal_wait.o
 .bss           0x000000000080053a        0x0 ../../../src/platform/firefly3/source/nrk_eeprom.o
 .bss           0x000000000080053a        0x0 ../../../src/kernel/source/nrk.o
 .bss           0x000000000080053a        0x0 ../../../src/kernel/source/nrk_stats.o
 .bss           0x000000000080053a        0x0 ../../../src/kernel/source/nrk_error.o
 .bss           0x000000000080053a        0x0 ../../../src/kernel/source/nrk_stack_check.o
 .bss           0x000000000080053a        0x0 ../../../src/kernel/source/nrk_events.o
 .bss           0x000000000080053a        0x0 ../../../src/kernel/source/nrk_task.o
 .bss           0x000000000080053a        0x0 ../../../src/kernel/source/nrk_time.o
 .bss           0x000000000080053a        0x0 ../../../src/kernel/source/nrk_idle_task.o
 .bss           0x000000000080053a        0x0 ../../../src/kernel/source/nrk_scheduler.o
 .bss           0x000000000080053a        0x0 ../../../src/kernel/source/nrk_driver.o
 .bss           0x000000000080053a        0x0 ../../../src/kernel/source/nrk_reserve.o
 .bss           0x000000000080053a        0x0 ../../../src/kernel/source/nrk_sw_wdt.o
 .bss           0x000000000080053a        0x0 ../../../src/kernel/hal/atmega128rfa1/nrk_timer.o
 .bss           0x000000000080053a        0x0 ../../../src/kernel/hal/atmega128rfa1/nrk_status.o
 .bss           0x000000000080053a        0x0 ../../../src/kernel/hal/atmega128rfa1/nrk_ext_int.o
 .bss           0x000000000080053a        0x0 ../../../src/kernel/hal/atmega128rfa1/nrk_watchdog.o
 .bss           0x000000000080053a        0x0 ../../../src/kernel/hal/atmega128rfa1/nrk_cpu.o
 .bss           0x000000000080053a        0x0 ../../../src/kernel/hal/atmega128rfa1/atmel_hw_specific.o
 .bss           0x000000000080053a        0x0 /usr/lib/gcc/avr/4.5.3/../../../avr/lib/avr51/libprintf_min.a(vfprintf_min.o)
 .bss           0x000000000080053a        0x0 /usr/lib/gcc/avr/4.5.3/avr51/libgcc.a(_mulsi3.o)
 .bss           0x000000000080053a        0x0 /usr/lib/gcc/avr/4.5.3/avr51/libgcc.a(_udivmodsi4.o)
 .bss           0x000000000080053a        0x0 /usr/lib/gcc/avr/4.5.3/avr51/libgcc.a(_divmodsi4.o)
 .bss           0x000000000080053a        0x0 /usr/lib/gcc/avr/4.5.3/avr51/libgcc.a(_exit.o)
 .bss           0x000000000080053a        0x0 /usr/lib/gcc/avr/4.5.3/avr51/libgcc.a(_copy_data.o)
 .bss           0x000000000080053a        0x0 /usr/lib/gcc/avr/4.5.3/avr51/libgcc.a(_clear_bss.o)
 .bss           0x000000000080053a        0x0 /usr/lib/gcc/avr/4.5.3/avr51/libgcc.a(_udivdi3.o)
 .bss           0x000000000080053a        0x0 /usr/lib/gcc/avr/4.5.3/avr51/libgcc.a(_prologue.o)
 .bss           0x000000000080053a        0x0 /usr/lib/gcc/avr/4.5.3/avr51/libgcc.a(_epilogue.o)
 .bss           0x000000000080053a        0x0 /usr/lib/gcc/avr/4.5.3/avr51/libgcc.a(_clz.o)
 .bss           0x000000000080053a        0x0 /usr/lib/gcc/avr/4.5.3/../../../avr/lib/avr51/libc.a(strchr_P.o)
 .bss           0x000000000080053a        0x0 /usr/lib/gcc/avr/4.5.3/../../../avr/lib/avr51/libc.a(memcpy.o)
 .bss           0x000000000080053a        0x0 /usr/lib/gcc/avr/4.5.3/../../../avr/lib/avr51/libc.a(fdevopen.o)
 .bss           0x000000000080053a        0x0 /usr/lib/gcc/avr/4.5.3/../../../avr/lib/avr51/libc.a(fputc.o)
 .bss           0x000000000080053a        0x0 /usr/lib/gcc/avr/4.5.3/../../../avr/lib/avr51/libc.a(iob.o)
 .bss           0x000000000080053a        0x0 /usr/lib/gcc/avr/4.5.3/../../../avr/lib/avr51/libc.a(printf.o)
 .bss           0x000000000080053a        0x0 /usr/lib/gcc/avr/4.5.3/../../../avr/lib/avr51/libc.a(putchar.o)
 .bss           0x000000000080053a        0x0 /usr/lib/gcc/avr/4.5.3/../../../avr/lib/avr51/libc.a(puts.o)
 .bss           0x000000000080053a        0x0 /usr/lib/gcc/avr/4.5.3/../../../avr/lib/avr51/libc.a(sprintf.o)
 .bss           0x000000000080053a        0x0 /usr/lib/gcc/avr/4.5.3/../../../avr/lib/avr51/libc.a(ultoa_invert.o)
 .bss           0x000000000080053a        0x0 /usr/lib/gcc/avr/4.5.3/../../../avr/lib/avr51/libc.a(eerd_byte_atmega128rfa1.o)
 .bss           0x000000000080053a        0x0 /usr/lib/gcc/avr/4.5.3/../../../avr/lib/avr51/libc.a(eewr_byte_atmega128rfa1.o)
 .bss           0x000000000080053a        0x0 /usr/lib/gcc/avr/4.5.3/../../../avr/lib/avr51/libc.a(calloc.o)
 .bss           0x000000000080053a        0x0 /usr/lib/gcc/avr/4.5.3/../../../avr/lib/avr51/libc.a(malloc.o)
 .bss           0x000000000080053a        0x0 /usr/lib/gcc/avr/4.5.3/../../../avr/lib/avr51/libc.a(memset.o)
 *(.bss*)
 *(COMMON)
 COMMON         0x000000000080053a      0x130 main.o
                0x000000000080053a                app_timer0_callback
                0x000000000080053c                error_task
                0x000000000080053d                _nrk_time_trigger
                0x000000000080053e                TaskOne
                0x0000000000800561                _nrk_signal_list
                0x0000000000800565                Stack1
                0x00000000008005e5                nrk_kernel_stk_ptr
                0x00000000008005e7                app_timer0_prescale
                0x00000000008005e8                _nrk_prev_timer_val
                0x00000000008005e9                error_num
                0x00000000008005ea                nrk_idle_task_stk
 COMMON         0x000000000080066a       0x49 ../../../src/drivers/platform/firefly3/source/ff_basic_sensor.o
                0x000000000080066a                eeprom_values
                0x0000000000800680                B6
                0x0000000000800684                UT
                0x0000000000800688                X2
                0x000000000080068c                T
                0x0000000000800690                B5
                0x0000000000800694                is_open
                0x0000000000800695                X1
                0x0000000000800699                channel
                0x000000000080069a                X3
                0x000000000080069e                B4
                0x00000000008006a2                h_cnt
                0x00000000008006a3                B7
                0x00000000008006a7                UP
                0x00000000008006ab                P
                0x00000000008006af                B3
 COMMON         0x00000000008006b3        0x2 ../../../src/drivers/platform/firefly3/source/twi_base_calls.o
                0x00000000008006b3                twst
                0x00000000008006b4                i2c_address
 COMMON         0x00000000008006b5       0x53 ../../../src/radio/rf231_soc/source/basic_rf.o
                0x00000000008006b5                rx_ctr
                0x00000000008006b9                radio_sem
                0x00000000008006bb                use_glossy
                0x00000000008006bc                mdmctrl0
                0x00000000008006be                rfSettings
                0x00000000008006c7                curr_t
                0x00000000008006cf                tx_done
                0x00000000008006d0                ekey
                0x00000000008006e0                rf_ready
                0x00000000008006e1                target_t
                0x00000000008006e9                dkey
                0x00000000008006f9                tx_ctr
                0x00000000008006ff                rx_ready
                0x0000000000800700                dummy_t
 COMMON         0x0000000000800708       0x83 ../../../src/kernel/source/nrk.o
                0x0000000000800708                _free_node
                0x000000000080070a                nrk_task_TCB
                0x0000000000800760                next_next_wakeup
                0x0000000000800762                nrk_sem_list
                0x0000000000800768                nrk_task_init_cnt
                0x0000000000800769                nrk_wakeup_signal
                0x000000000080076a                nrk_high_ready_TCB
                0x000000000080076c                nrk_cur_task_prio
                0x000000000080076d                _nrk_cpu_state
                0x000000000080076e                _head_node
                0x0000000000800770                nrk_system_time
                0x0000000000800778                _nrk_resource_cnt
                0x0000000000800779                nrk_cur_task_TCB
                0x000000000080077b                nrk_high_ready_prio
                0x000000000080077c                _nrk_readyQ
 COMMON         0x000000000080078b        0x1 ../../../src/kernel/source/nrk_scheduler.o
                0x000000000080078b                t
 COMMON         0x000000000080078c        0x6 ../../../src/kernel/source/nrk_driver.o
                0x000000000080078c                _nrk_driver_count
                0x000000000080078d                nrk_drivers
                0x0000000000800791                nrk_driver_init
 COMMON         0x0000000000800792        0x8 ../../../src/kernel/hal/atmega128rfa1/nrk_ext_int.o
                0x0000000000800792                ext_int1_callback
                0x0000000000800794                ext_int0_callback
                0x0000000000800796                ext_int2_callback
                0x0000000000800798                pc_int0_callback
 COMMON         0x000000000080079a        0x6 /usr/lib/gcc/avr/4.5.3/../../../avr/lib/avr51/libc.a(iob.o)
                0x000000000080079a                __iob
 COMMON         0x00000000008007a0        0x4 /usr/lib/gcc/avr/4.5.3/../../../avr/lib/avr51/libc.a(malloc.o)
                0x00000000008007a0                __brkval
                0x00000000008007a2                __flp
                0x00000000008007a4                PROVIDE (__bss_end, .)
                0x0000000000006d9a                __data_load_start = LOADADDR (.data)
                0x00000000000070d0                __data_load_end = (__data_load_start + SIZEOF (.data))

.noinit         0x00000000008007a4        0x0
                0x00000000008007a4                PROVIDE (__noinit_start, .)
 *(.noinit*)
                0x00000000008007a4                PROVIDE (__noinit_end, .)
                0x00000000008007a4                _end = .
                0x00000000008007a4                PROVIDE (__heap_start, .)

.eeprom         0x0000000000810000        0x0
 *(.eeprom*)
                0x0000000000810000                __eeprom_end = .

.fuse
 *(.fuse)
 *(.lfuse)
 *(.hfuse)
 *(.efuse)

.lock
 *(.lock*)

.signature
 *(.signature*)

.stab           0x0000000000000000    0x118ec
 *(.stab)
 .stab          0x0000000000000000      0x6cc /usr/lib/gcc/avr/4.5.3/../../../avr/lib/avr51/crtm128rfa1.o
 .stab          0x00000000000006cc     0x1320 main.o
                                       0x132c (size before relaxing)
 .stab          0x00000000000019ec     0x1230 ../../../src/drivers/platform/firefly3/source/ff_basic_sensor.o
                                       0x1df4 (size before relaxing)
 .stab          0x0000000000002c1c      0xa08 ../../../src/drivers/platform/firefly3/source/twi_base_calls.o
                                       0x15c0 (size before relaxing)
 .stab          0x0000000000003624     0x22bc ../../../src/radio/rf231_soc/source/basic_rf.o
                                       0x2dd8 (size before relaxing)
 .stab          0x00000000000058e0     0x13e0 ../../../src/platform/firefly3/source/ulib.o
                                       0x1ef0 (size before relaxing)
 .stab          0x0000000000006cc0      0x1f8 ../../../src/platform/firefly3/source/hal_wait.o
                                        0xc54 (size before relaxing)
 .stab          0x0000000000006eb8      0x684 ../../../src/platform/firefly3/source/nrk_eeprom.o
                                       0x117c (size before relaxing)
 .stab          0x000000000000753c      0x960 ../../../src/kernel/source/nrk.o
                                       0x14e8 (size before relaxing)
 .stab          0x0000000000007e9c      0x2a0 ../../../src/kernel/source/nrk_stats.o
                                        0xe40 (size before relaxing)
 .stab          0x000000000000813c      0xa68 ../../../src/kernel/source/nrk_error.o
                                       0x1614 (size before relaxing)
 .stab          0x0000000000008ba4      0x498 ../../../src/kernel/source/nrk_stack_check.o
                                       0x1038 (size before relaxing)
 .stab          0x000000000000903c      0xf18 ../../../src/kernel/source/nrk_events.o
                                       0x1ad0 (size before relaxing)
 .stab          0x0000000000009f54      0xf60 ../../../src/kernel/source/nrk_task.o
                                       0x1b18 (size before relaxing)
 .stab          0x000000000000aeb4      0x7ec ../../../src/kernel/source/nrk_time.o
                                       0x13a4 (size before relaxing)
 .stab          0x000000000000b6a0      0x33c ../../../src/kernel/source/nrk_idle_task.o
                                        0xef4 (size before relaxing)
 .stab          0x000000000000b9dc      0x87c ../../../src/kernel/source/nrk_scheduler.o
                                       0x1434 (size before relaxing)
 .stab          0x000000000000c258      0x738 ../../../src/kernel/source/nrk_driver.o
                                       0x1314 (size before relaxing)
 .stab          0x000000000000c990       0xe4 ../../../src/kernel/source/nrk_reserve.o
                                         0xf0 (size before relaxing)
 .stab          0x000000000000ca74      0x210 ../../../src/kernel/source/nrk_sw_wdt.o
                                        0xdb0 (size before relaxing)
 .stab          0x000000000000cc84     0x1020 ../../../src/kernel/hal/atmega128rfa1/nrk_timer.o
                                       0x1bcc (size before relaxing)
 .stab          0x000000000000dca4      0x300 ../../../src/kernel/hal/atmega128rfa1/nrk_status.o
                                        0xe10 (size before relaxing)
 .stab          0x000000000000dfa4      0x894 ../../../src/kernel/hal/atmega128rfa1/nrk_ext_int.o
                                       0x13a4 (size before relaxing)
 .stab          0x000000000000e838      0x3d8 ../../../src/kernel/hal/atmega128rfa1/nrk_watchdog.o
                                        0xf6c (size before relaxing)
 .stab          0x000000000000ec10      0x774 ../../../src/kernel/hal/atmega128rfa1/nrk_cpu.o
                                       0x1320 (size before relaxing)
 .stab          0x000000000000f384      0x204 ../../../src/kernel/hal/atmega128rfa1/atmel_hw_specific.o
                                        0x210 (size before relaxing)
 .stab          0x000000000000f588      0x840 /usr/lib/gcc/avr/4.5.3/../../../avr/lib/avr51/libprintf_min.a(vfprintf_min.o)
                                        0x8a0 (size before relaxing)
 .stab          0x000000000000fdc8       0x9c /usr/lib/gcc/avr/4.5.3/../../../avr/lib/avr51/libc.a(strchr_P.o)
                                         0xa8 (size before relaxing)
 .stab          0x000000000000fe64       0x84 /usr/lib/gcc/avr/4.5.3/../../../avr/lib/avr51/libc.a(memcpy.o)
                                         0x90 (size before relaxing)
 .stab          0x000000000000fee8      0x288 /usr/lib/gcc/avr/4.5.3/../../../avr/lib/avr51/libc.a(fdevopen.o)
                                        0x4b0 (size before relaxing)
 .stab          0x0000000000010170      0x1e0 /usr/lib/gcc/avr/4.5.3/../../../avr/lib/avr51/libc.a(fputc.o)
                                        0x3c0 (size before relaxing)
 .stab          0x0000000000010350      0x12c /usr/lib/gcc/avr/4.5.3/../../../avr/lib/avr51/libc.a(iob.o)
                                        0x30c (size before relaxing)
 .stab          0x000000000001047c      0x18c /usr/lib/gcc/avr/4.5.3/../../../avr/lib/avr51/libc.a(printf.o)
                                        0x36c (size before relaxing)
 .stab          0x0000000000010608      0x180 /usr/lib/gcc/avr/4.5.3/../../../avr/lib/avr51/libc.a(putchar.o)
                                        0x360 (size before relaxing)
 .stab          0x0000000000010788      0x1f8 /usr/lib/gcc/avr/4.5.3/../../../avr/lib/avr51/libc.a(puts.o)
                                        0x3d8 (size before relaxing)
 .stab          0x0000000000010980      0x1f8 /usr/lib/gcc/avr/4.5.3/../../../avr/lib/avr51/libc.a(sprintf.o)
                                        0x3d8 (size before relaxing)
 .stab          0x0000000000010b78      0x480 /usr/lib/gcc/avr/4.5.3/../../../avr/lib/avr51/libc.a(ultoa_invert.o)
                                        0x48c (size before relaxing)
 .stab          0x0000000000010ff8       0x90 /usr/lib/gcc/avr/4.5.3/../../../avr/lib/avr51/libc.a(eerd_byte_atmega128rfa1.o)
                                         0x9c (size before relaxing)
 .stab          0x0000000000011088       0xe4 /usr/lib/gcc/avr/4.5.3/../../../avr/lib/avr51/libc.a(eewr_byte_atmega128rfa1.o)
                                         0xf0 (size before relaxing)
 .stab          0x000000000001116c      0x198 /usr/lib/gcc/avr/4.5.3/../../../avr/lib/avr51/libc.a(calloc.o)
                                        0x1d4 (size before relaxing)
 .stab          0x0000000000011304      0x57c /usr/lib/gcc/avr/4.5.3/../../../avr/lib/avr51/libc.a(malloc.o)
                                        0x75c (size before relaxing)
 .stab          0x0000000000011880       0x6c /usr/lib/gcc/avr/4.5.3/../../../avr/lib/avr51/libc.a(memset.o)
                                         0x78 (size before relaxing)

.stabstr        0x0000000000000000     0x97b3
 *(.stabstr)
 .stabstr       0x0000000000000000     0x97b3 /usr/lib/gcc/avr/4.5.3/../../../avr/lib/avr51/crtm128rfa1.o

.stab.excl
 *(.stab.excl)

.stab.exclstr
 *(.stab.exclstr)

.stab.index
 *(.stab.index)

.stab.indexstr
 *(.stab.indexstr)

.comment
 *(.comment)

.debug
 *(.debug)

.line
 *(.line)

.debug_srcinfo
 *(.debug_srcinfo)

.debug_sfnames
 *(.debug_sfnames)

.debug_aranges
 *(.debug_aranges)

.debug_pubnames
 *(.debug_pubnames)

.debug_info
 *(.debug_info)
 *(.gnu.linkonce.wi.*)

.debug_abbrev
 *(.debug_abbrev)

.debug_line
 *(.debug_line)

.debug_frame
 *(.debug_frame)

.debug_str
 *(.debug_str)

.debug_loc
 *(.debug_loc)

.debug_macinfo
 *(.debug_macinfo)
OUTPUT(main.elf elf32-avr)
LOAD linker stubs

Cross Reference Table

Symbol                                            File
B3                                                ../../../src/drivers/platform/firefly3/source/ff_basic_sensor.o
B4                                                ../../../src/drivers/platform/firefly3/source/ff_basic_sensor.o
B5                                                ../../../src/drivers/platform/firefly3/source/ff_basic_sensor.o
B6                                                ../../../src/drivers/platform/firefly3/source/ff_basic_sensor.o
B7                                                ../../../src/drivers/platform/firefly3/source/ff_basic_sensor.o
NRK_ADC_INPUT_0                                   ../../../src/platform/firefly3/source/ulib.o
NRK_ADC_INPUT_1                                   ../../../src/platform/firefly3/source/ulib.o
NRK_ADC_INPUT_2                                   ../../../src/platform/firefly3/source/ulib.o
NRK_ADC_INPUT_3                                   ../../../src/platform/firefly3/source/ulib.o
NRK_ADC_INPUT_4                                   ../../../src/platform/firefly3/source/ulib.o
NRK_ADC_INPUT_5                                   ../../../src/platform/firefly3/source/ulib.o
NRK_ADC_INPUT_6                                   ../../../src/platform/firefly3/source/ulib.o
NRK_ADC_INPUT_7                                   ../../../src/platform/firefly3/source/ulib.o
NRK_ANT_0                                         ../../../src/platform/firefly3/source/ulib.o
NRK_ANT_1                                         ../../../src/platform/firefly3/source/ulib.o
NRK_BUTTON                                        ../../../src/platform/firefly3/source/ulib.o
NRK_DEBUG_0                                       ../../../src/platform/firefly3/source/ulib.o
NRK_DEBUG_1                                       ../../../src/platform/firefly3/source/ulib.o
NRK_DEBUG_2                                       ../../../src/platform/firefly3/source/ulib.o
NRK_DEBUG_3                                       ../../../src/platform/firefly3/source/ulib.o
NRK_LED_0                                         ../../../src/platform/firefly3/source/ulib.o
NRK_LED_1                                         ../../../src/platform/firefly3/source/ulib.o
NRK_LED_2                                         ../../../src/platform/firefly3/source/ulib.o
NRK_LED_3                                         ../../../src/platform/firefly3/source/ulib.o
NRK_MISO                                          ../../../src/platform/firefly3/source/ulib.o
NRK_MOSI                                          ../../../src/platform/firefly3/source/ulib.o
NRK_PORTA_0                                       ../../../src/platform/firefly3/source/ulib.o
NRK_PORTA_1                                       ../../../src/platform/firefly3/source/ulib.o
NRK_PORTA_2                                       ../../../src/platform/firefly3/source/ulib.o
NRK_PORTA_3                                       ../../../src/platform/firefly3/source/ulib.o
NRK_PORTA_4                                       ../../../src/platform/firefly3/source/ulib.o
NRK_PORTA_5                                       ../../../src/platform/firefly3/source/ulib.o
NRK_PORTA_6                                       ../../../src/platform/firefly3/source/ulib.o
NRK_PORTA_7                                       ../../../src/platform/firefly3/source/ulib.o
NRK_PORTB_0                                       ../../../src/platform/firefly3/source/ulib.o
NRK_PORTB_1                                       ../../../src/platform/firefly3/source/ulib.o
NRK_PORTB_2                                       ../../../src/platform/firefly3/source/ulib.o
NRK_PORTB_3                                       ../../../src/platform/firefly3/source/ulib.o
NRK_PORTB_4                                       ../../../src/platform/firefly3/source/ulib.o
NRK_PORTB_5                                       ../../../src/platform/firefly3/source/ulib.o
NRK_PORTB_6                                       ../../../src/platform/firefly3/source/ulib.o
NRK_PORTB_7                                       ../../../src/platform/firefly3/source/ulib.o
NRK_PORTC_0                                       ../../../src/platform/firefly3/source/ulib.o
NRK_PORTC_1                                       ../../../src/platform/firefly3/source/ulib.o
NRK_PORTC_2                                       ../../../src/platform/firefly3/source/ulib.o
NRK_PORTC_3                                       ../../../src/platform/firefly3/source/ulib.o
NRK_PORTC_4                                       ../../../src/platform/firefly3/source/ulib.o
NRK_PORTC_5                                       ../../../src/platform/firefly3/source/ulib.o
NRK_PORTC_6                                       ../../../src/platform/firefly3/source/ulib.o
NRK_PORTC_7                                       ../../../src/platform/firefly3/source/ulib.o
NRK_PORTD_0                                       ../../../src/platform/firefly3/source/ulib.o
NRK_PORTD_1                                       ../../../src/platform/firefly3/source/ulib.o
NRK_PORTD_2                                       ../../../src/platform/firefly3/source/ulib.o
NRK_PORTD_3                                       ../../../src/platform/firefly3/source/ulib.o
NRK_PORTD_4                                       ../../../src/platform/firefly3/source/ulib.o
NRK_PORTD_5                                       ../../../src/platform/firefly3/source/ulib.o
NRK_PORTD_6                                       ../../../src/platform/firefly3/source/ulib.o
NRK_PORTD_7                                       ../../../src/platform/firefly3/source/ulib.o
NRK_PORTE_0                                       ../../../src/platform/firefly3/source/ulib.o
NRK_PORTE_1                                       ../../../src/platform/firefly3/source/ulib.o
NRK_PORTE_2                                       ../../../src/platform/firefly3/source/ulib.o
                                                  ../../../src/drivers/platform/firefly3/source/ff_basic_sensor.o
NRK_PORTE_3                                       ../../../src/platform/firefly3/source/ulib.o
                                                  ../../../src/drivers/platform/firefly3/source/ff_basic_sensor.o
NRK_PORTE_4                                       ../../../src/platform/firefly3/source/ulib.o
NRK_PORTE_5                                       ../../../src/platform/firefly3/source/ulib.o
NRK_PORTE_6                                       ../../../src/platform/firefly3/source/ulib.o
NRK_PORTE_7                                       ../../../src/platform/firefly3/source/ulib.o
NRK_PORTF_0                                       ../../../src/platform/firefly3/source/ulib.o
NRK_PORTF_1                                       ../../../src/platform/firefly3/source/ulib.o
NRK_PORTF_2                                       ../../../src/platform/firefly3/source/ulib.o
NRK_PORTF_3                                       ../../../src/platform/firefly3/source/ulib.o
NRK_PORTF_4                                       ../../../src/platform/firefly3/source/ulib.o
NRK_PORTF_5                                       ../../../src/platform/firefly3/source/ulib.o
NRK_PORTF_6                                       ../../../src/platform/firefly3/source/ulib.o
                                                  ../../../src/drivers/platform/firefly3/source/ff_basic_sensor.o
NRK_PORTF_7                                       ../../../src/platform/firefly3/source/ulib.o
NRK_PORTG_0                                       ../../../src/platform/firefly3/source/ulib.o
NRK_PORTG_1                                       ../../../src/platform/firefly3/source/ulib.o
NRK_PORTG_2                                       ../../../src/platform/firefly3/source/ulib.o
NRK_PORTG_3                                       ../../../src/platform/firefly3/source/ulib.o
NRK_PORTG_4                                       ../../../src/platform/firefly3/source/ulib.o
NRK_PORTG_5                                       ../../../src/platform/firefly3/source/ulib.o
NRK_SCK                                           ../../../src/platform/firefly3/source/ulib.o
NRK_SPI_SS                                        ../../../src/platform/firefly3/source/ulib.o
NRK_UART0_RXD                                     ../../../src/platform/firefly3/source/ulib.o
NRK_UART0_TXD                                     ../../../src/platform/firefly3/source/ulib.o
NRK_UART1_RXD                                     ../../../src/platform/firefly3/source/ulib.o
NRK_UART1_TXD                                     ../../../src/platform/firefly3/source/ulib.o
P                                                 ../../../src/drivers/platform/firefly3/source/ff_basic_sensor.o
PORT_INIT                                         ../../../src/platform/firefly3/source/ulib.o
SIG_OUTPUT_COMPARE1A                              ../../../src/kernel/hal/atmega128rfa1/nrk_timer.o
Stack1                                            main.o
T                                                 ../../../src/drivers/platform/firefly3/source/ff_basic_sensor.o
Task1                                             main.o
TaskOne                                           main.o
UP                                                ../../../src/drivers/platform/firefly3/source/ff_basic_sensor.o
UT                                                ../../../src/drivers/platform/firefly3/source/ff_basic_sensor.o
X1                                                ../../../src/drivers/platform/firefly3/source/ff_basic_sensor.o
X2                                                ../../../src/drivers/platform/firefly3/source/ff_basic_sensor.o
X3                                                ../../../src/drivers/platform/firefly3/source/ff_basic_sensor.o
__bad_interrupt                                   /usr/lib/gcc/avr/4.5.3/../../../avr/lib/avr51/crtm128rfa1.o
__brkval                                          /usr/lib/gcc/avr/4.5.3/../../../avr/lib/avr51/libc.a(malloc.o)
__bss_end                                         /usr/lib/gcc/avr/4.5.3/avr51/libgcc.a(_clear_bss.o)
__bss_start                                       /usr/lib/gcc/avr/4.5.3/avr51/libgcc.a(_clear_bss.o)
__clz_tab                                         /usr/lib/gcc/avr/4.5.3/avr51/libgcc.a(_clz.o)
                                                  /usr/lib/gcc/avr/4.5.3/avr51/libgcc.a(_udivdi3.o)
__data_end                                        /usr/lib/gcc/avr/4.5.3/avr51/libgcc.a(_copy_data.o)
__data_load_start                                 /usr/lib/gcc/avr/4.5.3/avr51/libgcc.a(_copy_data.o)
__data_start                                      /usr/lib/gcc/avr/4.5.3/avr51/libgcc.a(_copy_data.o)
__divmodsi4                                       /usr/lib/gcc/avr/4.5.3/avr51/libgcc.a(_divmodsi4.o)
                                                  ../../../src/drivers/platform/firefly3/source/ff_basic_sensor.o
__do_clear_bss                                    /usr/lib/gcc/avr/4.5.3/avr51/libgcc.a(_clear_bss.o)
                                                  /usr/lib/gcc/avr/4.5.3/../../../avr/lib/avr51/libc.a(malloc.o)
                                                  /usr/lib/gcc/avr/4.5.3/../../../avr/lib/avr51/libc.a(iob.o)
                                                  ../../../src/kernel/hal/atmega128rfa1/nrk_cpu.o
                                                  ../../../src/kernel/hal/atmega128rfa1/nrk_watchdog.o
                                                  ../../../src/kernel/hal/atmega128rfa1/nrk_ext_int.o
                                                  ../../../src/kernel/hal/atmega128rfa1/nrk_status.o
                                                  ../../../src/kernel/hal/atmega128rfa1/nrk_timer.o
                                                  ../../../src/kernel/source/nrk_sw_wdt.o
                                                  ../../../src/kernel/source/nrk_driver.o
                                                  ../../../src/kernel/source/nrk_scheduler.o
                                                  ../../../src/kernel/source/nrk_idle_task.o
                                                  ../../../src/kernel/source/nrk_time.o
                                                  ../../../src/kernel/source/nrk_task.o
                                                  ../../../src/kernel/source/nrk_events.o
                                                  ../../../src/kernel/source/nrk_stack_check.o
                                                  ../../../src/kernel/source/nrk_error.o
                                                  ../../../src/kernel/source/nrk_stats.o
                                                  ../../../src/kernel/source/nrk.o
                                                  ../../../src/platform/firefly3/source/nrk_eeprom.o
                                                  ../../../src/platform/firefly3/source/ulib.o
                                                  ../../../src/radio/rf231_soc/source/basic_rf.o
                                                  ../../../src/drivers/platform/firefly3/source/twi_base_calls.o
                                                  ../../../src/drivers/platform/firefly3/source/ff_basic_sensor.o
                                                  main.o
__do_copy_data                                    /usr/lib/gcc/avr/4.5.3/avr51/libgcc.a(_copy_data.o)
                                                  /usr/lib/gcc/avr/4.5.3/../../../avr/lib/avr51/libc.a(malloc.o)
                                                  /usr/lib/gcc/avr/4.5.3/avr51/libgcc.a(_clz.o)
                                                  ../../../src/kernel/source/nrk_stack_check.o
                                                  ../../../src/kernel/source/nrk_error.o
                                                  ../../../src/platform/firefly3/source/ulib.o
                                                  ../../../src/radio/rf231_soc/source/basic_rf.o
                                                  ../../../src/drivers/platform/firefly3/source/twi_base_calls.o
                                                  main.o
__eerd_byte_m128rfa1                              /usr/lib/gcc/avr/4.5.3/../../../avr/lib/avr51/libc.a(eerd_byte_atmega128rfa1.o)
                                                  ../../../src/platform/firefly3/source/nrk_eeprom.o
__eewr_byte_m128rfa1                              /usr/lib/gcc/avr/4.5.3/../../../avr/lib/avr51/libc.a(eewr_byte_atmega128rfa1.o)
                                                  ../../../src/platform/firefly3/source/nrk_eeprom.o
__eewr_r18_m128rfa1                               /usr/lib/gcc/avr/4.5.3/../../../avr/lib/avr51/libc.a(eewr_byte_atmega128rfa1.o)
__epilogue_restores__                             /usr/lib/gcc/avr/4.5.3/avr51/libgcc.a(_epilogue.o)
                                                  /usr/lib/gcc/avr/4.5.3/avr51/libgcc.a(_udivdi3.o)
__flp                                             /usr/lib/gcc/avr/4.5.3/../../../avr/lib/avr51/libc.a(malloc.o)
__heap_end                                        /usr/lib/gcc/avr/4.5.3/../../../avr/lib/avr51/crtm128rfa1.o
                                                  /usr/lib/gcc/avr/4.5.3/../../../avr/lib/avr51/libc.a(malloc.o)
__heap_start                                      /usr/lib/gcc/avr/4.5.3/../../../avr/lib/avr51/libc.a(malloc.o)
__init                                            /usr/lib/gcc/avr/4.5.3/../../../avr/lib/avr51/crtm128rfa1.o
__iob                                             /usr/lib/gcc/avr/4.5.3/../../../avr/lib/avr51/libc.a(puts.o)
                                                  /usr/lib/gcc/avr/4.5.3/../../../avr/lib/avr51/libc.a(putchar.o)
                                                  /usr/lib/gcc/avr/4.5.3/../../../avr/lib/avr51/libc.a(printf.o)
                                                  /usr/lib/gcc/avr/4.5.3/../../../avr/lib/avr51/libc.a(iob.o)
                                                  /usr/lib/gcc/avr/4.5.3/../../../avr/lib/avr51/libc.a(fdevopen.o)
                                                  ../../../src/kernel/source/nrk_error.o
                                                  ../../../src/platform/firefly3/source/ulib.o
__malloc_heap_end                                 /usr/lib/gcc/avr/4.5.3/../../../avr/lib/avr51/libc.a(malloc.o)
__malloc_heap_start                               /usr/lib/gcc/avr/4.5.3/../../../avr/lib/avr51/libc.a(malloc.o)
__malloc_margin                                   /usr/lib/gcc/avr/4.5.3/../../../avr/lib/avr51/libc.a(malloc.o)
__mulsi3                                          /usr/lib/gcc/avr/4.5.3/avr51/libgcc.a(_mulsi3.o)
                                                  /usr/lib/gcc/avr/4.5.3/avr51/libgcc.a(_udivdi3.o)
                                                  ../../../src/kernel/source/nrk_scheduler.o
                                                  ../../../src/kernel/source/nrk_time.o
                                                  ../../../src/radio/rf231_soc/source/basic_rf.o
                                                  ../../../src/drivers/platform/firefly3/source/ff_basic_sensor.o
__prologue_saves__                                /usr/lib/gcc/avr/4.5.3/avr51/libgcc.a(_prologue.o)
                                                  /usr/lib/gcc/avr/4.5.3/avr51/libgcc.a(_udivdi3.o)
__stack                                           /usr/lib/gcc/avr/4.5.3/../../../avr/lib/avr51/crtm128rfa1.o
__udivdi3                                         /usr/lib/gcc/avr/4.5.3/avr51/libgcc.a(_udivdi3.o)
                                                  ../../../src/kernel/source/nrk_time.o
__udivmodsi4                                      /usr/lib/gcc/avr/4.5.3/avr51/libgcc.a(_udivmodsi4.o)
                                                  /usr/lib/gcc/avr/4.5.3/avr51/libgcc.a(_udivdi3.o)
                                                  /usr/lib/gcc/avr/4.5.3/avr51/libgcc.a(_divmodsi4.o)
                                                  ../../../src/kernel/source/nrk_scheduler.o
                                                  ../../../src/kernel/source/nrk_time.o
                                                  ../../../src/drivers/platform/firefly3/source/ff_basic_sensor.o
__ultoa_invert                                    /usr/lib/gcc/avr/4.5.3/../../../avr/lib/avr51/libc.a(ultoa_invert.o)
                                                  /usr/lib/gcc/avr/4.5.3/../../../avr/lib/avr51/libprintf_min.a(vfprintf_min.o)
__vector_1                                        ../../../src/kernel/hal/atmega128rfa1/nrk_ext_int.o
                                                  /usr/lib/gcc/avr/4.5.3/../../../avr/lib/avr51/crtm128rfa1.o
__vector_10                                       /usr/lib/gcc/avr/4.5.3/../../../avr/lib/avr51/crtm128rfa1.o
__vector_11                                       /usr/lib/gcc/avr/4.5.3/../../../avr/lib/avr51/crtm128rfa1.o
__vector_12                                       /usr/lib/gcc/avr/4.5.3/../../../avr/lib/avr51/crtm128rfa1.o
__vector_13                                       ../../../src/kernel/hal/atmega128rfa1/nrk_timer.o
                                                  /usr/lib/gcc/avr/4.5.3/../../../avr/lib/avr51/crtm128rfa1.o
__vector_14                                       /usr/lib/gcc/avr/4.5.3/../../../avr/lib/avr51/crtm128rfa1.o
__vector_15                                       ../../../src/kernel/hal/atmega128rfa1/nrk_timer.o
                                                  /usr/lib/gcc/avr/4.5.3/../../../avr/lib/avr51/crtm128rfa1.o
__vector_16                                       /usr/lib/gcc/avr/4.5.3/../../../avr/lib/avr51/crtm128rfa1.o
__vector_17                                       /usr/lib/gcc/avr/4.5.3/../../../avr/lib/avr51/crtm128rfa1.o
__vector_18                                       /usr/lib/gcc/avr/4.5.3/../../../avr/lib/avr51/crtm128rfa1.o
__vector_19                                       /usr/lib/gcc/avr/4.5.3/../../../avr/lib/avr51/crtm128rfa1.o
__vector_2                                        ../../../src/kernel/hal/atmega128rfa1/nrk_ext_int.o
                                                  /usr/lib/gcc/avr/4.5.3/../../../avr/lib/avr51/crtm128rfa1.o
__vector_20                                       /usr/lib/gcc/avr/4.5.3/../../../avr/lib/avr51/crtm128rfa1.o
__vector_21                                       /usr/lib/gcc/avr/4.5.3/../../../avr/lib/avr51/crtm128rfa1.o
__vector_22                                       /usr/lib/gcc/avr/4.5.3/../../../avr/lib/avr51/crtm128rfa1.o
__vector_23                                       /usr/lib/gcc/avr/4.5.3/../../../avr/lib/avr51/crtm128rfa1.o
__vector_24                                       /usr/lib/gcc/avr/4.5.3/../../../avr/lib/avr51/crtm128rfa1.o
__vector_25                                       /usr/lib/gcc/avr/4.5.3/../../../avr/lib/avr51/crtm128rfa1.o
__vector_26                                       /usr/lib/gcc/avr/4.5.3/../../../avr/lib/avr51/crtm128rfa1.o
__vector_27                                       /usr/lib/gcc/avr/4.5.3/../../../avr/lib/avr51/crtm128rfa1.o
__vector_28                                       /usr/lib/gcc/avr/4.5.3/../../../avr/lib/avr51/crtm128rfa1.o
__vector_29                                       /usr/lib/gcc/avr/4.5.3/../../../avr/lib/avr51/crtm128rfa1.o
__vector_3                                        ../../../src/kernel/hal/atmega128rfa1/nrk_ext_int.o
                                                  /usr/lib/gcc/avr/4.5.3/../../../avr/lib/avr51/crtm128rfa1.o
__vector_30                                       /usr/lib/gcc/avr/4.5.3/../../../avr/lib/avr51/crtm128rfa1.o
__vector_31                                       /usr/lib/gcc/avr/4.5.3/../../../avr/lib/avr51/crtm128rfa1.o
__vector_32                                       ../../../src/kernel/hal/atmega128rfa1/nrk_timer.o
                                                  /usr/lib/gcc/avr/4.5.3/../../../avr/lib/avr51/crtm128rfa1.o
__vector_33                                       /usr/lib/gcc/avr/4.5.3/../../../avr/lib/avr51/crtm128rfa1.o
__vector_34                                       /usr/lib/gcc/avr/4.5.3/../../../avr/lib/avr51/crtm128rfa1.o
__vector_35                                       /usr/lib/gcc/avr/4.5.3/../../../avr/lib/avr51/crtm128rfa1.o
__vector_36                                       /usr/lib/gcc/avr/4.5.3/../../../avr/lib/avr51/crtm128rfa1.o
__vector_37                                       /usr/lib/gcc/avr/4.5.3/../../../avr/lib/avr51/crtm128rfa1.o
__vector_38                                       /usr/lib/gcc/avr/4.5.3/../../../avr/lib/avr51/crtm128rfa1.o
__vector_39                                       /usr/lib/gcc/avr/4.5.3/../../../avr/lib/avr51/crtm128rfa1.o
__vector_4                                        /usr/lib/gcc/avr/4.5.3/../../../avr/lib/avr51/crtm128rfa1.o
__vector_40                                       /usr/lib/gcc/avr/4.5.3/../../../avr/lib/avr51/crtm128rfa1.o
__vector_41                                       /usr/lib/gcc/avr/4.5.3/../../../avr/lib/avr51/crtm128rfa1.o
__vector_42                                       /usr/lib/gcc/avr/4.5.3/../../../avr/lib/avr51/crtm128rfa1.o
__vector_43                                       /usr/lib/gcc/avr/4.5.3/../../../avr/lib/avr51/crtm128rfa1.o
__vector_44                                       /usr/lib/gcc/avr/4.5.3/../../../avr/lib/avr51/crtm128rfa1.o
__vector_45                                       /usr/lib/gcc/avr/4.5.3/../../../avr/lib/avr51/crtm128rfa1.o
__vector_46                                       /usr/lib/gcc/avr/4.5.3/../../../avr/lib/avr51/crtm128rfa1.o
__vector_47                                       /usr/lib/gcc/avr/4.5.3/../../../avr/lib/avr51/crtm128rfa1.o
__vector_48                                       /usr/lib/gcc/avr/4.5.3/../../../avr/lib/avr51/crtm128rfa1.o
__vector_49                                       /usr/lib/gcc/avr/4.5.3/../../../avr/lib/avr51/crtm128rfa1.o
__vector_5                                        /usr/lib/gcc/avr/4.5.3/../../../avr/lib/avr51/crtm128rfa1.o
__vector_50                                       /usr/lib/gcc/avr/4.5.3/../../../avr/lib/avr51/crtm128rfa1.o
__vector_51                                       /usr/lib/gcc/avr/4.5.3/../../../avr/lib/avr51/crtm128rfa1.o
__vector_52                                       /usr/lib/gcc/avr/4.5.3/../../../avr/lib/avr51/crtm128rfa1.o
__vector_53                                       /usr/lib/gcc/avr/4.5.3/../../../avr/lib/avr51/crtm128rfa1.o
__vector_54                                       /usr/lib/gcc/avr/4.5.3/../../../avr/lib/avr51/crtm128rfa1.o
__vector_55                                       /usr/lib/gcc/avr/4.5.3/../../../avr/lib/avr51/crtm128rfa1.o
__vector_56                                       /usr/lib/gcc/avr/4.5.3/../../../avr/lib/avr51/crtm128rfa1.o
__vector_57                                       ../../../src/radio/rf231_soc/source/basic_rf.o
                                                  /usr/lib/gcc/avr/4.5.3/../../../avr/lib/avr51/crtm128rfa1.o
__vector_58                                       ../../../src/radio/rf231_soc/source/basic_rf.o
                                                  /usr/lib/gcc/avr/4.5.3/../../../avr/lib/avr51/crtm128rfa1.o
__vector_59                                       ../../../src/radio/rf231_soc/source/basic_rf.o
                                                  /usr/lib/gcc/avr/4.5.3/../../../avr/lib/avr51/crtm128rfa1.o
__vector_6                                        /usr/lib/gcc/avr/4.5.3/../../../avr/lib/avr51/crtm128rfa1.o
__vector_60                                       ../../../src/radio/rf231_soc/source/basic_rf.o
                                                  /usr/lib/gcc/avr/4.5.3/../../../avr/lib/avr51/crtm128rfa1.o
__vector_61                                       ../../../src/radio/rf231_soc/source/basic_rf.o
                                                  /usr/lib/gcc/avr/4.5.3/../../../avr/lib/avr51/crtm128rfa1.o
__vector_62                                       ../../../src/radio/rf231_soc/source/basic_rf.o
                                                  /usr/lib/gcc/avr/4.5.3/../../../avr/lib/avr51/crtm128rfa1.o
__vector_63                                       ../../../src/radio/rf231_soc/source/basic_rf.o
                                                  /usr/lib/gcc/avr/4.5.3/../../../avr/lib/avr51/crtm128rfa1.o
__vector_64                                       ../../../src/radio/rf231_soc/source/basic_rf.o
                                                  /usr/lib/gcc/avr/4.5.3/../../../avr/lib/avr51/crtm128rfa1.o
__vector_65                                       /usr/lib/gcc/avr/4.5.3/../../../avr/lib/avr51/crtm128rfa1.o
__vector_66                                       /usr/lib/gcc/avr/4.5.3/../../../avr/lib/avr51/crtm128rfa1.o
__vector_67                                       /usr/lib/gcc/avr/4.5.3/../../../avr/lib/avr51/crtm128rfa1.o
__vector_68                                       /usr/lib/gcc/avr/4.5.3/../../../avr/lib/avr51/crtm128rfa1.o
__vector_69                                       /usr/lib/gcc/avr/4.5.3/../../../avr/lib/avr51/crtm128rfa1.o
__vector_7                                        /usr/lib/gcc/avr/4.5.3/../../../avr/lib/avr51/crtm128rfa1.o
__vector_70                                       /usr/lib/gcc/avr/4.5.3/../../../avr/lib/avr51/crtm128rfa1.o
__vector_71                                       /usr/lib/gcc/avr/4.5.3/../../../avr/lib/avr51/crtm128rfa1.o
__vector_8                                        /usr/lib/gcc/avr/4.5.3/../../../avr/lib/avr51/crtm128rfa1.o
__vector_9                                        ../../../src/kernel/hal/atmega128rfa1/nrk_ext_int.o
                                                  /usr/lib/gcc/avr/4.5.3/../../../avr/lib/avr51/crtm128rfa1.o
__vector_default                                  ../../../src/kernel/hal/atmega128rfa1/nrk_timer.o
                                                  /usr/lib/gcc/avr/4.5.3/../../../avr/lib/avr51/crtm128rfa1.o
__vectors                                         /usr/lib/gcc/avr/4.5.3/../../../avr/lib/avr51/crtm128rfa1.o
_exit                                             /usr/lib/gcc/avr/4.5.3/avr51/libgcc.a(_exit.o)
_free_node                                        ../../../src/kernel/hal/atmega128rfa1/nrk_cpu.o
                                                  ../../../src/kernel/source/nrk_scheduler.o
                                                  ../../../src/kernel/source/nrk_task.o
                                                  ../../../src/kernel/source/nrk_events.o
                                                  ../../../src/kernel/source/nrk_stats.o
                                                  ../../../src/kernel/source/nrk.o
_head_node                                        ../../../src/kernel/hal/atmega128rfa1/nrk_cpu.o
                                                  ../../../src/kernel/source/nrk_scheduler.o
                                                  ../../../src/kernel/source/nrk_task.o
                                                  ../../../src/kernel/source/nrk_events.o
                                                  ../../../src/kernel/source/nrk_stats.o
                                                  ../../../src/kernel/source/nrk.o
_nrk_cpu_state                                    ../../../src/kernel/source/nrk_driver.o
                                                  ../../../src/kernel/source/nrk_scheduler.o
                                                  ../../../src/kernel/source/nrk_idle_task.o
                                                  ../../../src/kernel/source/nrk_task.o
                                                  ../../../src/kernel/source/nrk_events.o
                                                  ../../../src/kernel/source/nrk.o
_nrk_driver_count                                 ../../../src/kernel/source/nrk_driver.o
_nrk_errno_set                                    ../../../src/kernel/source/nrk_error.o
                                                  ../../../src/kernel/source/nrk_driver.o
                                                  ../../../src/kernel/source/nrk_events.o
                                                  ../../../src/drivers/platform/firefly3/source/ff_basic_sensor.o