Archive member included because of file (symbol)

/usr/lib/gcc/avr/4.5.3/../../../avr/lib/avr51/libprintf_min.a(vfprintf_min.o)
                              (vfprintf)
/usr/lib/gcc/avr/4.5.3/avr51/libgcc.a(_mulsi3.o)
                              ../../../src/radio/rf231_soc/source/basic_rf.o (__mulsi3)
/usr/lib/gcc/avr/4.5.3/avr51/libgcc.a(_udivmodsi4.o)
                              ../../../src/kernel/source/nrk_time.o (__udivmodsi4)
/usr/lib/gcc/avr/4.5.3/avr51/libgcc.a(_exit.o)
                              /usr/lib/gcc/avr/4.5.3/../../../avr/lib/avr51/crtm128rfa1.o (exit)
/usr/lib/gcc/avr/4.5.3/avr51/libgcc.a(_copy_data.o)
                              main.o (__do_copy_data)
/usr/lib/gcc/avr/4.5.3/avr51/libgcc.a(_clear_bss.o)
                              main.o (__do_clear_bss)
/usr/lib/gcc/avr/4.5.3/avr51/libgcc.a(_udivdi3.o)
                              ../../../src/kernel/source/nrk_time.o (__udivdi3)
/usr/lib/gcc/avr/4.5.3/avr51/libgcc.a(_prologue.o)
                              /usr/lib/gcc/avr/4.5.3/avr51/libgcc.a(_udivdi3.o) (__prologue_saves__)
/usr/lib/gcc/avr/4.5.3/avr51/libgcc.a(_epilogue.o)
                              /usr/lib/gcc/avr/4.5.3/avr51/libgcc.a(_udivdi3.o) (__epilogue_restores__)
/usr/lib/gcc/avr/4.5.3/avr51/libgcc.a(_clz.o)
                              /usr/lib/gcc/avr/4.5.3/avr51/libgcc.a(_udivdi3.o) (__clz_tab)
/usr/lib/gcc/avr/4.5.3/../../../avr/lib/avr51/libc.a(strchr_P.o)
                              /usr/lib/gcc/avr/4.5.3/../../../avr/lib/avr51/libprintf_min.a(vfprintf_min.o) (strchr_P)
/usr/lib/gcc/avr/4.5.3/../../../avr/lib/avr51/libc.a(memcpy.o)
                              ../../../src/radio/rf231_soc/source/basic_rf.o (memcpy)
/usr/lib/gcc/avr/4.5.3/../../../avr/lib/avr51/libc.a(fdevopen.o)
                              ../../../src/platform/firefly3/source/ulib.o (fdevopen)
/usr/lib/gcc/avr/4.5.3/../../../avr/lib/avr51/libc.a(fgetc.o)
                              main.o (fgetc)
/usr/lib/gcc/avr/4.5.3/../../../avr/lib/avr51/libc.a(fputc.o)
                              ../../../src/platform/firefly3/source/ulib.o (fputc)
/usr/lib/gcc/avr/4.5.3/../../../avr/lib/avr51/libc.a(iob.o)
                              main.o (__iob)
/usr/lib/gcc/avr/4.5.3/../../../avr/lib/avr51/libc.a(printf.o)
                              main.o (printf)
/usr/lib/gcc/avr/4.5.3/../../../avr/lib/avr51/libc.a(putchar.o)
                              ../../../src/radio/rf231_soc/source/basic_rf.o (putchar)
/usr/lib/gcc/avr/4.5.3/../../../avr/lib/avr51/libc.a(puts.o)
                              ../../../src/radio/rf231_soc/source/basic_rf.o (puts)
/usr/lib/gcc/avr/4.5.3/../../../avr/lib/avr51/libc.a(sprintf.o)
                              ../../../src/kernel/source/nrk_error.o (sprintf)
/usr/lib/gcc/avr/4.5.3/../../../avr/lib/avr51/libc.a(ultoa_invert.o)
                              /usr/lib/gcc/avr/4.5.3/../../../avr/lib/avr51/libprintf_min.a(vfprintf_min.o) (__ultoa_invert)
/usr/lib/gcc/avr/4.5.3/../../../avr/lib/avr51/libc.a(eerd_byte_atmega128rfa1.o)
                              ../../../src/platform/firefly3/source/nrk_eeprom.o (__eerd_byte_m128rfa1)
/usr/lib/gcc/avr/4.5.3/../../../avr/lib/avr51/libc.a(eewr_byte_atmega128rfa1.o)
                              ../../../src/platform/firefly3/source/nrk_eeprom.o (__eewr_byte_m128rfa1)
/usr/lib/gcc/avr/4.5.3/../../../avr/lib/avr51/libc.a(calloc.o)
                              /usr/lib/gcc/avr/4.5.3/../../../avr/lib/avr51/libc.a(fdevopen.o) (calloc)
/usr/lib/gcc/avr/4.5.3/../../../avr/lib/avr51/libc.a(malloc.o)
                              /usr/lib/gcc/avr/4.5.3/../../../avr/lib/avr51/libc.a(calloc.o) (malloc)
/usr/lib/gcc/avr/4.5.3/../../../avr/lib/avr51/libc.a(memset.o)
                              /usr/lib/gcc/avr/4.5.3/../../../avr/lib/avr51/libc.a(calloc.o) (memset)

Allocating common symbols
Common symbol       size              file

rx_ctr              0x4               ../../../src/radio/rf231_soc/source/basic_rf.o
t                   0x1               ../../../src/kernel/source/nrk_scheduler.o
_free_node          0x2               ../../../src/kernel/source/nrk.o
app_timer0_callback
                    0x2               main.o
nrk_task_TCB        0xd7              ../../../src/kernel/source/nrk.o
compare_vt          0x2               main.o
next_next_wakeup    0x2               ../../../src/kernel/source/nrk.o
ext_int1_callback   0x2               ../../../src/kernel/hal/atmega128rfa1/nrk_ext_int.o
radio_sem           0x2               ../../../src/radio/rf231_soc/source/basic_rf.o
use_glossy          0x1               ../../../src/radio/rf231_soc/source/basic_rf.o
ext_int0_callback   0x2               ../../../src/kernel/hal/atmega128rfa1/nrk_ext_int.o
nrk_sem_list        0x3               ../../../src/kernel/source/nrk.o
nrk_task_init_cnt   0x1               ../../../src/kernel/source/nrk.o
error_task          0x1               main.o
led_active          0x1               main.o
[...]
Memory Configuration

Name             Origin             Length             Attributes
text             0x0000000000000000 0x0000000000020000 xr
data             0x0000000000800100 0x000000000000ff00 rw !x
eeprom           0x0000000000810000 0x0000000000010000 rw !x
fuse             0x0000000000820000 0x0000000000000400 rw !x
lock             0x0000000000830000 0x0000000000000400 rw !x
signature        0x0000000000840000 0x0000000000000400 rw !x
*default*        0x0000000000000000 0xffffffffffffffff

Linker script and memory map

Address of section .data set to 0x800200
LOAD /usr/lib/gcc/avr/4.5.3/../../../avr/lib/avr51/crtm128rfa1.o
LOAD main.o
LOAD ../../../src/radio/rf231_soc/source/basic_rf.o
LOAD ../../../src/platform/firefly3/source/ulib.o
LOAD ../../../src/platform/firefly3/source/hal_wait.o
LOAD ../../../src/platform/firefly3/source/nrk_eeprom.o
LOAD ../../../src/kernel/source/nrk.o
LOAD ../../../src/kernel/source/nrk_stats.o
LOAD ../../../src/kernel/source/nrk_error.o
LOAD ../../../src/kernel/source/nrk_stack_check.o
LOAD ../../../src/kernel/source/nrk_events.o
LOAD ../../../src/kernel/source/nrk_task.o
LOAD ../../../src/kernel/source/nrk_time.o
LOAD ../../../src/kernel/source/nrk_idle_task.o
LOAD ../../../src/kernel/source/nrk_scheduler.o
LOAD ../../../src/kernel/source/nrk_driver.o
LOAD ../../../src/kernel/source/nrk_reserve.o
LOAD ../../../src/kernel/source/nrk_sw_wdt.o
LOAD ../../../src/kernel/hal/atmega128rfa1/nrk_timer.o
LOAD ../../../src/kernel/hal/atmega128rfa1/nrk_status.o
LOAD ../../../src/kernel/hal/atmega128rfa1/nrk_ext_int.o
LOAD ../../../src/kernel/hal/atmega128rfa1/nrk_watchdog.o
LOAD ../../../src/kernel/hal/atmega128rfa1/nrk_cpu.o
LOAD ../../../src/kernel/hal/atmega128rfa1/atmel_hw_specific.o
LOAD /usr/lib/gcc/avr/4.5.3/../../../avr/lib/avr51/libprintf_min.a
LOAD /usr/lib/gcc/avr/4.5.3/../../../avr/lib/avr51/libm.a
LOAD /usr/lib/gcc/avr/4.5.3/avr51/libgcc.a
LOAD /usr/lib/gcc/avr/4.5.3/../../../avr/lib/avr51/libc.a
LOAD /usr/lib/gcc/avr/4.5.3/avr51/libgcc.a

.hash
 *(.hash)

.dynsym
 *(.dynsym)

.dynstr
 *(.dynstr)

.gnu.version
 *(.gnu.version)

.gnu.version_d
 *(.gnu.version_d)

.gnu.version_r
 *(.gnu.version_r)

.rel.init
 *(.rel.init)

.rela.init
 *(.rela.init)

.rel.text
 *(.rel.text)
 *(.rel.text.*)
 *(.rel.gnu.linkonce.t*)

.rela.text
 *(.rela.text)
 *(.rela.text.*)
 *(.rela.gnu.linkonce.t*)

.rel.fini
 *(.rel.fini)

.rela.fini
 *(.rela.fini)

.rel.rodata
 *(.rel.rodata)
 *(.rel.rodata.*)
 *(.rel.gnu.linkonce.r*)

.rela.rodata
 *(.rela.rodata)
 *(.rela.rodata.*)
 *(.rela.gnu.linkonce.r*)

.rel.data
 *(.rel.data)
 *(.rel.data.*)
 *(.rel.gnu.linkonce.d*)

.rela.data
 *(.rela.data)
 *(.rela.data.*)
 *(.rela.gnu.linkonce.d*)

.rel.ctors
 *(.rel.ctors)

.rela.ctors
 *(.rela.ctors)

.rel.dtors
 *(.rel.dtors)

.rela.dtors
 *(.rela.dtors)

.rel.got
 *(.rel.got)

.rela.got
 *(.rela.got)

.rel.bss
 *(.rel.bss)

.rela.bss
 *(.rela.bss)

.rel.plt
 *(.rel.plt)

.rela.plt
 *(.rela.plt)

.text           0x0000000000000000     0x610a
 *(.vectors)
 .vectors       0x0000000000000000      0x120 /usr/lib/gcc/avr/4.5.3/../../../avr/lib/avr51/crtm128rfa1.o
                0x0000000000000000                __vectors
 *(.vectors)
 *(.progmem.gcc*)
 .progmem.gcc_sw_table
                0x0000000000000120       0x2c ../../../src/kernel/source/nrk_error.o
 *(.progmem*)
 .progmem.data  0x000000000000014c       0x4a main.o
 .progmem.data  0x0000000000000196      0x238 ../../../src/kernel/source/nrk_error.o
 .progmem.data  0x00000000000003ce        0xf ../../../src/kernel/source/nrk_stack_check.o
 .progmem.data  0x00000000000003dd       0x17 /usr/lib/gcc/avr/4.5.3/../../../avr/lib/avr51/libprintf_min.a(vfprintf_min.o)
                0x00000000000003f4                . = ALIGN (0x2)
                0x00000000000003f4                __trampolines_start = .
 *(.trampolines)
 .trampolines   0x00000000000003f4        0x0 linker stubs
 *(.trampolines*)
                0x00000000000003f4                __trampolines_end = .
 *(.jumptables)
 *(.jumptables*)
 *(.lowtext)
 *(.lowtext*)
                0x00000000000003f4                __ctors_start = .
 *(.ctors)
                0x00000000000003f4                __ctors_end = .
                0x00000000000003f4                __dtors_start = .
 *(.dtors)
                0x00000000000003f4                __dtors_end = .
 SORT(*)(.ctors)
 SORT(*)(.dtors)
 *(.init0)
 .init0         0x00000000000003f4        0x0 /usr/lib/gcc/avr/4.5.3/../../../avr/lib/avr51/crtm128rfa1.o
                0x00000000000003f4                __init
 *(.init0)
 *(.init1)
 *(.init1)
 *(.init2)
 .init2         0x00000000000003f4        0xc /usr/lib/gcc/avr/4.5.3/../../../avr/lib/avr51/crtm128rfa1.o
 *(.init2)
 *(.init3)
 *(.init3)
 *(.init4)
 .init4         0x0000000000000400       0x1a /usr/lib/gcc/avr/4.5.3/avr51/libgcc.a(_copy_data.o)
                0x0000000000000400                __do_copy_data
 .init4         0x000000000000041a       0x10 /usr/lib/gcc/avr/4.5.3/avr51/libgcc.a(_clear_bss.o)
                0x000000000000041a                __do_clear_bss
 *(.init4)
 *(.init5)
 *(.init5)
 *(.init6)
 *(.init6)
 *(.init7)
 *(.init7)
 *(.init8)
 *(.init8)
 *(.init9)
 .init9         0x000000000000042a        0x8 /usr/lib/gcc/avr/4.5.3/../../../avr/lib/avr51/crtm128rfa1.o
 *(.init9)
 *(.text)
 .text          0x0000000000000432        0x4 /usr/lib/gcc/avr/4.5.3/../../../avr/lib/avr51/crtm128rfa1.o
                0x0000000000000432                __vector_38
                0x0000000000000432                __vector_22
                0x0000000000000432                __vector_28
                0x0000000000000432                __vector_67
                0x0000000000000432                __vector_71
                0x0000000000000432                __vector_34
                0x0000000000000432                __vector_24
                0x0000000000000432                __vector_12
                0x0000000000000432                __vector_55
                0x0000000000000432                __vector_69
                0x0000000000000432                __vector_46
                0x0000000000000432                __bad_interrupt
                0x0000000000000432                __vector_6
                0x0000000000000432                __vector_31
                0x0000000000000432                __vector_35
                0x0000000000000432                __vector_39
                0x0000000000000432                __vector_23
                0x0000000000000432                __vector_68
                0x0000000000000432                __vector_30
                0x0000000000000432                __vector_45
                0x0000000000000432                __vector_25
                0x0000000000000432                __vector_11
                0x0000000000000432                __vector_54
                0x0000000000000432                __vector_17
                0x0000000000000432                __vector_19
                0x0000000000000432                __vector_56
                0x0000000000000432                __vector_7
                0x0000000000000432                __vector_49
                0x0000000000000432                __vector_41
                0x0000000000000432                __vector_43
                0x0000000000000432                __vector_27
                0x0000000000000432                __vector_5
                0x0000000000000432                __vector_33
                0x0000000000000432                __vector_47
                0x0000000000000432                __vector_52
                0x0000000000000432                __vector_37
                0x0000000000000432                __vector_4
                0x0000000000000432                __vector_44
                0x0000000000000432                __vector_51
                0x0000000000000432                __vector_21
                0x0000000000000432                __vector_66
                0x0000000000000432                __vector_36
                0x0000000000000432                __vector_70
                0x0000000000000432                __vector_29
                0x0000000000000432                __vector_40
                0x0000000000000432                __vector_8
                0x0000000000000432                __vector_26
                0x0000000000000432                __vector_48
                0x0000000000000432                __vector_14
                0x0000000000000432                __vector_53
                0x0000000000000432                __vector_10
                0x0000000000000432                __vector_50
                0x0000000000000432                __vector_16
                0x0000000000000432                __vector_18
                0x0000000000000432                __vector_20
                0x0000000000000432                __vector_42
                0x0000000000000432                __vector_65
 .text          0x0000000000000436      0x4a8 main.o
                0x0000000000000436                my_timer_callback
                0x000000000000049e                Task1
                0x00000000000004fa                spin_wait_ms
                0x000000000000055c                Task2
                0x00000000000007fc                nrk_create_taskset
                0x000000000000089e                main
 .text          0x00000000000008de      0xb02 ../../../src/radio/rf231_soc/source/basic_rf.o
                0x00000000000008ee                rf_enable_glossy
                0x00000000000008f6                rf_disable_glossy
                0x00000000000008fc                rf_power_down
                0x0000000000000944                rf_power_up
                0x0000000000000970                rf_tx_power
                0x0000000000000984                rf_addr_decode_enable
                0x0000000000000990                rf_addr_decode_disable
                0x000000000000099c                rf_auto_ack_enable
                0x00000000000009a8                rf_auto_ack_disable
                0x00000000000009b4                rf_addr_decode_set_my_mac
                0x00000000000009c6                rf_set_rx
                0x00000000000009e0                rx_start_callback
                0x00000000000009ea                rx_end_callback
                0x00000000000009f4                rf_init
                0x0000000000000ae4                rf_rx_on
                0x0000000000000aec                rf_polling_rx_on
                0x0000000000000af4                rf_rx_off
                0x0000000000000b00                rf_tx_packet_repeat
                0x0000000000000d74                rf_tx_packet
                0x0000000000000d7e                rf_cca_check
                0x0000000000000de4                rf_rx_packet_nonblock
                0x0000000000000f3e                __vector_64
                0x0000000000000f5c                __vector_63
                0x0000000000000f80                __vector_62
                0x0000000000000f9e                __vector_61
                0x0000000000000fbc                __vector_59
                0x000000000000101c                __vector_58
                0x000000000000103a                __vector_57
                0x0000000000001058                rf_set_cca_thresh
                0x000000000000106c                rf_security_last_pkt_status
                0x0000000000001070                rf_security_set_ctr_counter
                0x0000000000001072                rf_security_set_key
                0x0000000000001074                rf_security_disable
                0x0000000000001076                rf_tx_tdma_packet
                0x000000000000107a                rf_get_sem
                0x0000000000001084                rf_rx_packet
                0x0000000000001088                rf_flush_rx_fifo
                0x000000000000108a                rf_busy
                0x000000000000108e                rf_rx_check_fifop
                0x0000000000001092                rf_rx_check_sfd
                0x0000000000001096                rf_carrier_on
                0x0000000000001098                rf_carrier_off
                0x000000000000109a                rf_test_mode
                0x000000000000109c                rf_data_mode
                0x000000000000109e                rf_rx_set_serial
                0x00000000000010a0                rf_tx_set_serial
                0x00000000000010a2                rf_set_preamble_length
                0x00000000000010a4                rf_set_cca_mode
                0x00000000000010a6                rf_cc2591_tx_on
                0x00000000000010c2                rf_cc2591_rx_on
                0x00000000000010de                rf_glossy_interrupt
                0x00000000000011da                __vector_60
                0x0000000000001274                aes_setkey
                0x00000000000012ba                aes_encrypt
                0x0000000000001342                aes_decrypt
 .text          0x00000000000013e0      0x90a ../../../src/platform/firefly3/source/ulib.o
                0x00000000000013e0                getc0
                0x00000000000013f8                putc0
                0x0000000000001410                nrk_uart_rx_signal_get
                0x0000000000001414                nrk_uart_data_ready
                0x0000000000001432                nrk_kprintf
                0x0000000000001458                PORT_INIT
                0x000000000000146c                nrk_setup_ports
                0x0000000000001472                nrk_gpio_set
                0x0000000000001586                nrk_gpio_clr
                0x000000000000168a                nrk_gpio_get
                0x0000000000001700                nrk_gpio_toggle
                0x0000000000001954                nrk_gpio_direction
                0x0000000000001b7c                nrk_get_button
                0x0000000000001b8e                nrk_led_toggle
                0x0000000000001bbe                nrk_led_clr
                0x0000000000001bee                nrk_led_set
                0x0000000000001c1e                nrk_gpio_pullups
                0x0000000000001c32                putc1
                0x0000000000001c40                setup_uart0
                0x0000000000001c6a                setup_uart1
                0x0000000000001c94                nrk_setup_uart
                0x0000000000001cd2                getc1
 .text          0x0000000000001cea        0xe ../../../src/platform/firefly3/source/hal_wait.o
                0x0000000000001cea                halWait
 .text          0x0000000000001cf8      0x140 ../../../src/platform/firefly3/source/nrk_eeprom.o
                0x0000000000001cf8                nrk_eeprom_read_byte
                0x0000000000001cfe                nrk_eeprom_write_byte
                0x0000000000001d04                read_eeprom_mac_address
                0x0000000000001d70                read_eeprom_channel
                0x0000000000001d88                write_eeprom_load_img_pages
                0x0000000000001d98                read_eeprom_load_img_pages
                0x0000000000001db0                read_eeprom_aes_key
                0x0000000000001de0                write_eeprom_aes_key
                0x0000000000001e10                read_eeprom_current_image_checksum
                0x0000000000001e28                write_eeprom_current_image_checksum
 .text          0x0000000000001e38      0x40a ../../../src/kernel/source/nrk.o
                0x0000000000001e38                nrk_int_disable
                0x0000000000001e3c                nrk_int_enable
                0x0000000000001e40                nrk_halt
                0x0000000000001e46                nrk_init
                0x0000000000001fbc                nrk_start
                0x0000000000002066                nrk_TCB_init
                0x0000000000002236                _nrk_timer_tick
                0x000000000000223c                nrk_version
 .text          0x0000000000002242        0x0 ../../../src/kernel/source/nrk_stats.o
 .text          0x0000000000002242      0x450 ../../../src/kernel/source/nrk_error.o
                0x0000000000002242                _nrk_errno_set
                0x000000000000224e                nrk_errno_get
                0x000000000000225a                nrk_error_get
                0x0000000000002276                pause
                0x00000000000022a0                blink_dot
                0x00000000000022ba                blink_dash
                0x00000000000022dc                blink_morse_code_error
                0x0000000000002440                nrk_error_print
                0x00000000000025f8                nrk_kernel_error_add
                0x000000000000267a                nrk_error_add
 .text          0x0000000000002692      0x264 ../../../src/kernel/source/nrk_stack_check.o
                0x0000000000002692                dump_stack_info
                0x0000000000002868                nrk_stack_check
                0x00000000000028b0                nrk_stack_check_pid
 .text          0x00000000000028f6      0x5dc ../../../src/kernel/source/nrk_events.o
                0x00000000000028f6                nrk_signal_create
                0x0000000000002962                nrk_signal_get_registered_mask
                0x0000000000002974                nrk_signal_delete
                0x0000000000002a84                nrk_signal_unregister
                0x0000000000002b08                nrk_signal_register
                0x0000000000002b70                nrk_event_signal
                0x0000000000002c5e                nrk_event_wait
                0x0000000000002cd4                nrk_sem_create
                0x0000000000002cda                nrk_get_resource_index
                0x0000000000002cea                nrk_sem_delete
                0x0000000000002d2e                nrk_sem_post
                0x0000000000002dec                nrk_sem_pend
                0x0000000000002ea0                nrk_sem_query
 .text          0x0000000000002ed2      0x6e6 ../../../src/kernel/source/nrk_task.o
                0x0000000000002ed2                nrk_get_high_ready_task_ID
                0x0000000000002ede                nrk_print_readyQ
                0x0000000000002ef4                nrk_add_to_readyQ
                0x000000000000305e                nrk_rem_from_readyQ
                0x00000000000030fe                nrk_activate_task
                0x00000000000031b4                nrk_set_next_wakeup
                0x0000000000003228                _nrk_wait_for_scheduler
                0x000000000000323c                nrk_wait
                0x00000000000032e8                nrk_wait_until_nw
                0x0000000000003336                nrk_wait_until_ticks
                0x000000000000339a                nrk_wait_ticks
                0x0000000000003420                nrk_wait_until_next_n_periods
                0x0000000000003486                nrk_wait_until_next_period
                0x00000000000034de                nrk_terminate_task
                0x0000000000003500                nrk_wait_until
                0x00000000000035ac                nrk_get_pid
 .text          0x00000000000035b8      0x596 ../../../src/kernel/source/nrk_time.o
                0x00000000000035b8                nrk_time_get
                0x0000000000003674                nrk_time_sub
                0x0000000000003792                nrk_time_compact_nanos
                0x00000000000037d8                nrk_time_add
                0x000000000000388e                nrk_time_set
                0x00000000000038b0                _nrk_time_to_ticks
                0x00000000000039ce                _nrk_ticks_to_time
                0x0000000000003a40                _nrk_time_to_ticks_long
 .text          0x0000000000003b4e       0x36 ../../../src/kernel/source/nrk_idle_task.o
                0x0000000000003b4e                nrk_idle_task
 .text          0x0000000000003b84      0x59a ../../../src/kernel/source/nrk_scheduler.o
                0x0000000000003b84                _nrk_scheduler
 .text          0x000000000000411e        0x0 ../../../src/kernel/source/nrk_driver.o
 .text          0x000000000000411e        0x0 ../../../src/kernel/source/nrk_reserve.o
 .text          0x000000000000411e        0x0 ../../../src/kernel/source/nrk_sw_wdt.o
 .text          0x000000000000411e      0x3c2 ../../../src/kernel/hal/atmega128rfa1/nrk_timer.o
                0x000000000000411e                _nrk_precision_os_timer_start
                0x0000000000004132                _nrk_precision_os_timer_reset
                0x000000000000413c                nrk_spin_wait_us
                0x000000000000415a                _nrk_precision_os_timer_stop
                0x0000000000004160                _nrk_precision_os_timer_get
                0x0000000000004186                _nrk_high_speed_timer_stop
                0x000000000000418c                _nrk_high_speed_timer_start
                0x0000000000004194                _nrk_high_speed_timer_reset
                0x00000000000041a4                _nrk_high_speed_timer_get
                0x00000000000041ca                nrk_high_speed_timer_wait
                0x000000000000423e                _nrk_os_timer_stop
                0x0000000000004254                _nrk_os_timer_set
                0x000000000000425a                _nrk_os_timer_start
                0x000000000000426c                _nrk_os_timer_reset
                0x0000000000004280                _nrk_setup_timer
                0x00000000000042fa                _nrk_get_next_wakeup
                0x0000000000004302                _nrk_set_next_wakeup
                0x000000000000430a                nrk_timer_int_stop
                0x0000000000004316                nrk_timer_int_reset
                0x000000000000432a                nrk_timer_int_read
                0x0000000000004340                nrk_timer_int_start
                0x0000000000004352                nrk_timer_int_configure
                0x00000000000043cc                _nrk_os_timer_get
                0x00000000000043d2                __vector_default
                0x0000000000004402                __vector_13
                0x0000000000004402                __vector_15
                0x0000000000004468                __vector_32
                0x00000000000044cc                SIG_OUTPUT_COMPARE1A
 .text          0x00000000000044e0       0x4c ../../../src/kernel/hal/atmega128rfa1/nrk_status.o
                0x00000000000044e0                _nrk_startup_error
 .text          0x000000000000452c      0x3aa ../../../src/kernel/hal/atmega128rfa1/nrk_ext_int.o
                0x000000000000452c                nrk_ext_int_enable
                0x00000000000045ae                nrk_ext_int_disable
                0x0000000000004630                nrk_ext_int_configure
                0x0000000000004746                __vector_9
                0x00000000000047aa                __vector_1
                0x000000000000480e                __vector_2
                0x0000000000004872                __vector_3
 .text          0x00000000000048d6       0x50 ../../../src/kernel/hal/atmega128rfa1/nrk_watchdog.o
                0x00000000000048d6                nrk_watchdog_disable
                0x00000000000048f4                nrk_watchdog_enable
                0x0000000000004914                nrk_watchdog_check
                0x0000000000004922                nrk_watchdog_reset
 .text          0x0000000000004926      0x102 ../../../src/kernel/hal/atmega128rfa1/nrk_cpu.o
                0x0000000000004926                nrk_battery_save
                0x0000000000004928                nrk_sleep
                0x0000000000004940                nrk_idle
                0x0000000000004956                nrk_task_set_entry_function
                0x000000000000495e                nrk_task_set_stk
                0x000000000000499c                nrk_task_stk_init
                0x00000000000049f2                nrk_stack_pointer_init
                0x0000000000004a10                nrk_stack_pointer_restore
                0x0000000000004a1e                nrk_target_start
 .text          0x0000000000004a28       0x56 ../../../src/kernel/hal/atmega128rfa1/atmel_hw_specific.o
                0x0000000000004a28                nrk_start_high_ready_task
 .text          0x0000000000004a7e        0x0 /usr/lib/gcc/avr/4.5.3/../../../avr/lib/avr51/libprintf_min.a(vfprintf_min.o)
 .text          0x0000000000004a7e        0x0 /usr/lib/gcc/avr/4.5.3/avr51/libgcc.a(_mulsi3.o)
 .text          0x0000000000004a7e        0x0 /usr/lib/gcc/avr/4.5.3/avr51/libgcc.a(_udivmodsi4.o)
 .text          0x0000000000004a7e        0x0 /usr/lib/gcc/avr/4.5.3/avr51/libgcc.a(_exit.o)
 .text          0x0000000000004a7e        0x0 /usr/lib/gcc/avr/4.5.3/avr51/libgcc.a(_copy_data.o)
 .text          0x0000000000004a7e        0x0 /usr/lib/gcc/avr/4.5.3/avr51/libgcc.a(_clear_bss.o)
 .text          0x0000000000004a7e      0xcac /usr/lib/gcc/avr/4.5.3/avr51/libgcc.a(_udivdi3.o)
                0x0000000000004a7e                __udivdi3
 .text          0x000000000000572a        0x0 /usr/lib/gcc/avr/4.5.3/avr51/libgcc.a(_prologue.o)
 .text          0x000000000000572a        0x0 /usr/lib/gcc/avr/4.5.3/avr51/libgcc.a(_epilogue.o)
 .text          0x000000000000572a        0x0 /usr/lib/gcc/avr/4.5.3/avr51/libgcc.a(_clz.o)
 .text          0x000000000000572a        0x0 /usr/lib/gcc/avr/4.5.3/../../../avr/lib/avr51/libc.a(strchr_P.o)
 .text          0x000000000000572a        0x0 /usr/lib/gcc/avr/4.5.3/../../../avr/lib/avr51/libc.a(memcpy.o)
 .text          0x000000000000572a        0x0 /usr/lib/gcc/avr/4.5.3/../../../avr/lib/avr51/libc.a(fdevopen.o)
 .text          0x000000000000572a        0x0 /usr/lib/gcc/avr/4.5.3/../../../avr/lib/avr51/libc.a(fgetc.o)
 .text          0x000000000000572a        0x0 /usr/lib/gcc/avr/4.5.3/../../../avr/lib/avr51/libc.a(fputc.o)
 .text          0x000000000000572a        0x0 /usr/lib/gcc/avr/4.5.3/../../../avr/lib/avr51/libc.a(iob.o)
 .text          0x000000000000572a        0x0 /usr/lib/gcc/avr/4.5.3/../../../avr/lib/avr51/libc.a(printf.o)
 .text          0x000000000000572a        0x0 /usr/lib/gcc/avr/4.5.3/../../../avr/lib/avr51/libc.a(putchar.o)
 .text          0x000000000000572a        0x0 /usr/lib/gcc/avr/4.5.3/../../../avr/lib/avr51/libc.a(puts.o)
 .text          0x000000000000572a        0x0 /usr/lib/gcc/avr/4.5.3/../../../avr/lib/avr51/libc.a(sprintf.o)
 .text          0x000000000000572a        0x0 /usr/lib/gcc/avr/4.5.3/../../../avr/lib/avr51/libc.a(ultoa_invert.o)
 .text          0x000000000000572a        0x0 /usr/lib/gcc/avr/4.5.3/../../../avr/lib/avr51/libc.a(eerd_byte_atmega128rfa1.o)
 .text          0x000000000000572a        0x0 /usr/lib/gcc/avr/4.5.3/../../../avr/lib/avr51/libc.a(eewr_byte_atmega128rfa1.o)
 .text          0x000000000000572a        0x0 /usr/lib/gcc/avr/4.5.3/../../../avr/lib/avr51/libc.a(calloc.o)
 .text          0x000000000000572a        0x0 /usr/lib/gcc/avr/4.5.3/../../../avr/lib/avr51/libc.a(malloc.o)
 .text          0x000000000000572a        0x0 /usr/lib/gcc/avr/4.5.3/../../../avr/lib/avr51/libc.a(memset.o)
                0x000000000000572a                . = ALIGN (0x2)
 *(.text.*)
 .text.avr-libc
                0x000000000000572a      0x2ac /usr/lib/gcc/avr/4.5.3/../../../avr/lib/avr51/libprintf_min.a(vfprintf_min.o)
                0x000000000000572a                vfprintf
 .text.libgcc   0x00000000000059d6       0x3e /usr/lib/gcc/avr/4.5.3/avr51/libgcc.a(_mulsi3.o)
                0x00000000000059d6                __mulsi3
 .text.libgcc   0x0000000000005a14       0x44 /usr/lib/gcc/avr/4.5.3/avr51/libgcc.a(_udivmodsi4.o)
                0x0000000000005a14                __udivmodsi4
 .text.libgcc   0x0000000000005a58        0x0 /usr/lib/gcc/avr/4.5.3/avr51/libgcc.a(_exit.o)
 .text.libgcc   0x0000000000005a58        0x0 /usr/lib/gcc/avr/4.5.3/avr51/libgcc.a(_copy_data.o)
 .text.libgcc   0x0000000000005a58        0x0 /usr/lib/gcc/avr/4.5.3/avr51/libgcc.a(_clear_bss.o)
 .text.libgcc   0x0000000000005a58       0x38 /usr/lib/gcc/avr/4.5.3/avr51/libgcc.a(_prologue.o)
                0x0000000000005a58                __prologue_saves__
 .text.libgcc   0x0000000000005a90       0x36 /usr/lib/gcc/avr/4.5.3/avr51/libgcc.a(_epilogue.o)
                0x0000000000005a90                __epilogue_restores__
 .text.avr-libc
                0x0000000000005ac6       0x16 /usr/lib/gcc/avr/4.5.3/../../../avr/lib/avr51/libc.a(strchr_P.o)
                0x0000000000005ac6                strchr_P
 .text.avr-libc
                0x0000000000005adc       0x12 /usr/lib/gcc/avr/4.5.3/../../../avr/lib/avr51/libc.a(memcpy.o)
                0x0000000000005adc                memcpy
 .text.avr-libc
                0x0000000000005aee       0x96 /usr/lib/gcc/avr/4.5.3/../../../avr/lib/avr51/libc.a(fdevopen.o)
                0x0000000000005aee                fdevopen
 .text.avr-libc
                0x0000000000005b84       0x84 /usr/lib/gcc/avr/4.5.3/../../../avr/lib/avr51/libc.a(fgetc.o)
                0x0000000000005b84                fgetc
 .text.avr-libc
                0x0000000000005c08       0x58 /usr/lib/gcc/avr/4.5.3/../../../avr/lib/avr51/libc.a(fputc.o)
                0x0000000000005c08                fputc
 .text.avr-libc
                0x0000000000005c60       0x24 /usr/lib/gcc/avr/4.5.3/../../../avr/lib/avr51/libc.a(printf.o)
                0x0000000000005c60                printf
 .text.avr-libc
                0x0000000000005c84        0xe /usr/lib/gcc/avr/4.5.3/../../../avr/lib/avr51/libc.a(putchar.o)
                0x0000000000005c84                putchar
 .text.avr-libc
                0x0000000000005c92       0x6e /usr/lib/gcc/avr/4.5.3/../../../avr/lib/avr51/libc.a(puts.o)
                0x0000000000005c92                puts
 .text.avr-libc
                0x0000000000005d00       0x60 /usr/lib/gcc/avr/4.5.3/../../../avr/lib/avr51/libc.a(sprintf.o)
                0x0000000000005d00                sprintf
 .text.avr-libc
                0x0000000000005d60       0xbc /usr/lib/gcc/avr/4.5.3/../../../avr/lib/avr51/libc.a(ultoa_invert.o)
                0x0000000000005d60                __ultoa_invert
 .text.avr-libc
                0x0000000000005e1c       0x10 /usr/lib/gcc/avr/4.5.3/../../../avr/lib/avr51/libc.a(eerd_byte_atmega128rfa1.o)
                0x0000000000005e1c                __eerd_byte_m128rfa1
 .text.avr-libc
                0x0000000000005e2c       0x1c /usr/lib/gcc/avr/4.5.3/../../../avr/lib/avr51/libc.a(eewr_byte_atmega128rfa1.o)
                0x0000000000005e2c                __eewr_byte_m128rfa1
                0x0000000000005e2e                __eewr_r18_m128rfa1
 .text.avr-libc
                0x0000000000005e48       0x4a /usr/lib/gcc/avr/4.5.3/../../../avr/lib/avr51/libc.a(calloc.o)
                0x0000000000005e48                calloc
 .text.avr-libc
                0x0000000000005e92      0x266 /usr/lib/gcc/avr/4.5.3/../../../avr/lib/avr51/libc.a(malloc.o)
                0x0000000000005e92                malloc
                0x0000000000005fc6                free
 .text.avr-libc
                0x00000000000060f8        0xe /usr/lib/gcc/avr/4.5.3/../../../avr/lib/avr51/libc.a(memset.o)
                0x00000000000060f8                memset
                0x0000000000006106                . = ALIGN (0x2)
 *(.fini9)
 .fini9         0x0000000000006106        0x0 /usr/lib/gcc/avr/4.5.3/avr51/libgcc.a(_exit.o)
                0x0000000000006106                exit
                0x0000000000006106                _exit
 *(.fini9)
 *(.fini8)
 *(.fini8)
 *(.fini7)
 *(.fini7)
 *(.fini6)
 *(.fini6)
 *(.fini5)
 *(.fini5)
 *(.fini4)
 *(.fini4)
 *(.fini3)
 *(.fini3)
 *(.fini2)
 *(.fini2)
 *(.fini1)
 *(.fini1)
 *(.fini0)
 .fini0         0x0000000000006106        0x4 /usr/lib/gcc/avr/4.5.3/avr51/libgcc.a(_exit.o)
 *(.fini0)
                0x000000000000610a                _etext = .

.data           0x0000000000800200      0x298 load address 0x000000000000610a
                0x0000000000800200                PROVIDE (__data_start, .)
 *(.data)
 .data          0x0000000000800200        0x0 /usr/lib/gcc/avr/4.5.3/../../../avr/lib/avr51/crtm128rfa1.o
 .data          0x0000000000800200       0x6d main.o
 .data          0x000000000080026d       0x83 ../../../src/radio/rf231_soc/source/basic_rf.o
 .data          0x00000000008002f0       0x51 ../../../src/platform/firefly3/source/ulib.o
                0x00000000008002f0                NRK_PORTA_0
                0x00000000008002f1                NRK_PORTA_1
                0x00000000008002f2                NRK_PORTA_2
                0x00000000008002f3                NRK_PORTA_3
                0x00000000008002f4                NRK_PORTA_4
                0x00000000008002f5                NRK_PORTA_5
                0x00000000008002f6                NRK_PORTA_6
                0x00000000008002f7                NRK_PORTA_7
                0x00000000008002f8                NRK_DEBUG_0
                0x00000000008002f9                NRK_DEBUG_1
                0x00000000008002fa                NRK_DEBUG_2
                0x00000000008002fb                NRK_DEBUG_3
                0x00000000008002fc                NRK_SPI_SS
                0x00000000008002fd                NRK_SCK
                0x00000000008002fe                NRK_MOSI
                0x00000000008002ff                NRK_MISO
                0x0000000000800300                NRK_PORTB_0
                0x0000000000800301                NRK_PORTB_1
                0x0000000000800302                NRK_PORTB_2
                0x0000000000800303                NRK_PORTB_3
                0x0000000000800304                NRK_PORTB_4
                0x0000000000800305                NRK_PORTB_5
                0x0000000000800306                NRK_PORTB_6
                0x0000000000800307                NRK_PORTB_7
                0x0000000000800308                NRK_PORTC_0
                0x0000000000800309                NRK_PORTC_1
                0x000000000080030a                NRK_PORTC_2
                0x000000000080030b                NRK_PORTC_3
                0x000000000080030c                NRK_PORTC_4
                0x000000000080030d                NRK_PORTC_5
                0x000000000080030e                NRK_PORTC_6
                0x000000000080030f                NRK_PORTC_7
                0x0000000000800310                NRK_PORTD_0
                0x0000000000800311                NRK_PORTD_1
                0x0000000000800312                NRK_PORTD_2
                0x0000000000800313                NRK_PORTD_3
                0x0000000000800314                NRK_PORTD_4
                0x0000000000800315                NRK_PORTD_5
                0x0000000000800316                NRK_PORTD_6
                0x0000000000800317                NRK_PORTD_7
                0x0000000000800318                NRK_BUTTON
                0x0000000000800319                NRK_UART1_RXD
                0x000000000080031a                NRK_UART1_TXD
                0x000000000080031b                NRK_LED_0
                0x000000000080031c                NRK_LED_1
                0x000000000080031d                NRK_LED_2
                0x000000000080031e                NRK_LED_3
                0x000000000080031f                NRK_PORTE_0
                0x0000000000800320                NRK_PORTE_1
                0x0000000000800321                NRK_PORTE_2
                0x0000000000800322                NRK_PORTE_3
                0x0000000000800323                NRK_PORTE_4
                0x0000000000800324                NRK_PORTE_5
                0x0000000000800325                NRK_PORTE_6
                0x0000000000800326                NRK_PORTE_7
                0x0000000000800327                NRK_UART0_RXD
                0x0000000000800328                NRK_UART0_TXD
                0x0000000000800329                NRK_ANT_0
                0x000000000080032a                NRK_ANT_1
                0x000000000080032b                NRK_PORTG_0
                0x000000000080032c                NRK_PORTG_1
                0x000000000080032d                NRK_PORTG_2
                0x000000000080032e                NRK_PORTG_3
                0x000000000080032f                NRK_PORTG_4
                0x0000000000800330                NRK_PORTG_5
                0x0000000000800331                NRK_PORTF_0
                0x0000000000800332                NRK_PORTF_1
                0x0000000000800333                NRK_PORTF_2
                0x0000000000800334                NRK_PORTF_3
                0x0000000000800335                NRK_PORTF_4
                0x0000000000800336                NRK_PORTF_5
                0x0000000000800337                NRK_PORTF_6
                0x0000000000800338                NRK_PORTF_7
                0x0000000000800339                NRK_ADC_INPUT_0
                0x000000000080033a                NRK_ADC_INPUT_1
                0x000000000080033b                NRK_ADC_INPUT_2
                0x000000000080033c                NRK_ADC_INPUT_3
                0x000000000080033d                NRK_ADC_INPUT_4
                0x000000000080033e                NRK_ADC_INPUT_5
                0x000000000080033f                NRK_ADC_INPUT_6
                0x0000000000800340                NRK_ADC_INPUT_7
 .data          0x0000000000800341        0x0 ../../../src/platform/firefly3/source/hal_wait.o
 .data          0x0000000000800341        0x0 ../../../src/platform/firefly3/source/nrk_eeprom.o
 .data          0x0000000000800341        0x0 ../../../src/kernel/source/nrk.o
 .data          0x0000000000800341        0x0 ../../../src/kernel/source/nrk_stats.o
 .data          0x0000000000800341        0x3 ../../../src/kernel/source/nrk_error.o
 .data          0x0000000000800344       0x4e ../../../src/kernel/source/nrk_stack_check.o
 .data          0x0000000000800392        0x0 ../../../src/kernel/source/nrk_events.o
 .data          0x0000000000800392        0x0 ../../../src/kernel/source/nrk_task.o
 .data          0x0000000000800392        0x0 ../../../src/kernel/source/nrk_time.o
 .data          0x0000000000800392        0x0 ../../../src/kernel/source/nrk_idle_task.o
 .data          0x0000000000800392        0x0 ../../../src/kernel/source/nrk_scheduler.o
 .data          0x0000000000800392        0x0 ../../../src/kernel/source/nrk_driver.o
 .data          0x0000000000800392        0x0 ../../../src/kernel/source/nrk_reserve.o
 .data          0x0000000000800392        0x0 ../../../src/kernel/source/nrk_sw_wdt.o
 .data          0x0000000000800392        0x0 ../../../src/kernel/hal/atmega128rfa1/nrk_timer.o
 .data          0x0000000000800392        0x0 ../../../src/kernel/hal/atmega128rfa1/nrk_status.o
 .data          0x0000000000800392        0x0 ../../../src/kernel/hal/atmega128rfa1/nrk_ext_int.o
 .data          0x0000000000800392        0x0 ../../../src/kernel/hal/atmega128rfa1/nrk_watchdog.o
 .data          0x0000000000800392        0x0 ../../../src/kernel/hal/atmega128rfa1/nrk_cpu.o
 .data          0x0000000000800392        0x0 ../../../src/kernel/hal/atmega128rfa1/atmel_hw_specific.o
 .data          0x0000000000800392        0x0 /usr/lib/gcc/avr/4.5.3/../../../avr/lib/avr51/libprintf_min.a(vfprintf_min.o)
 .data          0x0000000000800392        0x0 /usr/lib/gcc/avr/4.5.3/avr51/libgcc.a(_mulsi3.o)
 .data          0x0000000000800392        0x0 /usr/lib/gcc/avr/4.5.3/avr51/libgcc.a(_udivmodsi4.o)
 .data          0x0000000000800392        0x0 /usr/lib/gcc/avr/4.5.3/avr51/libgcc.a(_exit.o)
 .data          0x0000000000800392        0x0 /usr/lib/gcc/avr/4.5.3/avr51/libgcc.a(_copy_data.o)
 .data          0x0000000000800392        0x0 /usr/lib/gcc/avr/4.5.3/avr51/libgcc.a(_clear_bss.o)
 .data          0x0000000000800392        0x0 /usr/lib/gcc/avr/4.5.3/avr51/libgcc.a(_udivdi3.o)
 .data          0x0000000000800392        0x0 /usr/lib/gcc/avr/4.5.3/avr51/libgcc.a(_prologue.o)
 .data          0x0000000000800392        0x0 /usr/lib/gcc/avr/4.5.3/avr51/libgcc.a(_epilogue.o)
 .data          0x0000000000800392      0x100 /usr/lib/gcc/avr/4.5.3/avr51/libgcc.a(_clz.o)
                0x0000000000800392                __clz_tab
 .data          0x0000000000800492        0x0 /usr/lib/gcc/avr/4.5.3/../../../avr/lib/avr51/libc.a(strchr_P.o)
 .data          0x0000000000800492        0x0 /usr/lib/gcc/avr/4.5.3/../../../avr/lib/avr51/libc.a(memcpy.o)
 .data          0x0000000000800492        0x0 /usr/lib/gcc/avr/4.5.3/../../../avr/lib/avr51/libc.a(fdevopen.o)
 .data          0x0000000000800492        0x0 /usr/lib/gcc/avr/4.5.3/../../../avr/lib/avr51/libc.a(fgetc.o)
 .data          0x0000000000800492        0x0 /usr/lib/gcc/avr/4.5.3/../../../avr/lib/avr51/libc.a(fputc.o)
 .data          0x0000000000800492        0x0 /usr/lib/gcc/avr/4.5.3/../../../avr/lib/avr51/libc.a(iob.o)
 .data          0x0000000000800492        0x0 /usr/lib/gcc/avr/4.5.3/../../../avr/lib/avr51/libc.a(printf.o)
 .data          0x0000000000800492        0x0 /usr/lib/gcc/avr/4.5.3/../../../avr/lib/avr51/libc.a(putchar.o)
 .data          0x0000000000800492        0x0 /usr/lib/gcc/avr/4.5.3/../../../avr/lib/avr51/libc.a(puts.o)
 .data          0x0000000000800492        0x0 /usr/lib/gcc/avr/4.5.3/../../../avr/lib/avr51/libc.a(sprintf.o)
 .data          0x0000000000800492        0x0 /usr/lib/gcc/avr/4.5.3/../../../avr/lib/avr51/libc.a(ultoa_invert.o)
 .data          0x0000000000800492        0x0 /usr/lib/gcc/avr/4.5.3/../../../avr/lib/avr51/libc.a(eerd_byte_atmega128rfa1.o)
 .data          0x0000000000800492        0x0 /usr/lib/gcc/avr/4.5.3/../../../avr/lib/avr51/libc.a(eewr_byte_atmega128rfa1.o)
 .data          0x0000000000800492        0x0 /usr/lib/gcc/avr/4.5.3/../../../avr/lib/avr51/libc.a(calloc.o)
 .data          0x0000000000800492        0x6 /usr/lib/gcc/avr/4.5.3/../../../avr/lib/avr51/libc.a(malloc.o)
                0x0000000000800492                __malloc_margin
                0x0000000000800494                __malloc_heap_start
                0x0000000000800496                __malloc_heap_end
 .data          0x0000000000800498        0x0 /usr/lib/gcc/avr/4.5.3/../../../avr/lib/avr51/libc.a(memset.o)
 *(.data*)
 *(.rodata)
 *(.rodata*)
 *(.gnu.linkonce.d*)
                0x0000000000800498                . = ALIGN (0x2)
                0x0000000000800498                _edata = .
                0x0000000000800498                PROVIDE (__data_end, .)

.bss            0x0000000000800498      0x4da
                0x0000000000800498                PROVIDE (__bss_start, .)
 *(.bss)
 .bss           0x0000000000800498        0x0 /usr/lib/gcc/avr/4.5.3/../../../avr/lib/avr51/crtm128rfa1.o
 .bss           0x0000000000800498        0x2 main.o
                0x0000000000800498                f_toggle
                0x0000000000800499                freq_f
 .bss           0x000000000080049a        0x4 ../../../src/radio/rf231_soc/source/basic_rf.o
                0x000000000080049a                rx_start_func
                0x000000000080049c                rx_end_func
 .bss           0x000000000080049e        0x0 ../../../src/platform/firefly3/source/ulib.o
 .bss           0x000000000080049e        0x0 ../../../src/platform/firefly3/source/hal_wait.o
 .bss           0x000000000080049e        0x0 ../../../src/platform/firefly3/source/nrk_eeprom.o
 .bss           0x000000000080049e        0x0 ../../../src/kernel/source/nrk.o
 .bss           0x000000000080049e        0x0 ../../../src/kernel/source/nrk_stats.o
 .bss           0x000000000080049e        0x0 ../../../src/kernel/source/nrk_error.o
 .bss           0x000000000080049e        0x0 ../../../src/kernel/source/nrk_stack_check.o
 .bss           0x000000000080049e        0x0 ../../../src/kernel/source/nrk_events.o
 .bss           0x000000000080049e        0x0 ../../../src/kernel/source/nrk_task.o
 .bss           0x000000000080049e        0x0 ../../../src/kernel/source/nrk_time.o
 .bss           0x000000000080049e        0x0 ../../../src/kernel/source/nrk_idle_task.o
 .bss           0x000000000080049e        0x0 ../../../src/kernel/source/nrk_scheduler.o
 .bss           0x000000000080049e        0x0 ../../../src/kernel/source/nrk_driver.o
 .bss           0x000000000080049e        0x0 ../../../src/kernel/source/nrk_reserve.o
 .bss           0x000000000080049e        0x0 ../../../src/kernel/source/nrk_sw_wdt.o
 .bss           0x000000000080049e        0x0 ../../../src/kernel/hal/atmega128rfa1/nrk_timer.o
 .bss           0x000000000080049e        0x0 ../../../src/kernel/hal/atmega128rfa1/nrk_status.o
 .bss           0x000000000080049e        0x0 ../../../src/kernel/hal/atmega128rfa1/nrk_ext_int.o
 .bss           0x000000000080049e        0x0 ../../../src/kernel/hal/atmega128rfa1/nrk_watchdog.o
 .bss           0x000000000080049e        0x0 ../../../src/kernel/hal/atmega128rfa1/nrk_cpu.o
 .bss           0x000000000080049e        0x0 ../../../src/kernel/hal/atmega128rfa1/atmel_hw_specific.o
 .bss           0x000000000080049e        0x0 /usr/lib/gcc/avr/4.5.3/../../../avr/lib/avr51/libprintf_min.a(vfprintf_min.o)
 .bss           0x000000000080049e        0x0 /usr/lib/gcc/avr/4.5.3/avr51/libgcc.a(_mulsi3.o)
 .bss           0x000000000080049e        0x0 /usr/lib/gcc/avr/4.5.3/avr51/libgcc.a(_udivmodsi4.o)
 .bss           0x000000000080049e        0x0 /usr/lib/gcc/avr/4.5.3/avr51/libgcc.a(_exit.o)
 .bss           0x000000000080049e        0x0 /usr/lib/gcc/avr/4.5.3/avr51/libgcc.a(_copy_data.o)
 .bss           0x000000000080049e        0x0 /usr/lib/gcc/avr/4.5.3/avr51/libgcc.a(_clear_bss.o)
 .bss           0x000000000080049e        0x0 /usr/lib/gcc/avr/4.5.3/avr51/libgcc.a(_udivdi3.o)
 .bss           0x000000000080049e        0x0 /usr/lib/gcc/avr/4.5.3/avr51/libgcc.a(_prologue.o)
 .bss           0x000000000080049e        0x0 /usr/lib/gcc/avr/4.5.3/avr51/libgcc.a(_epilogue.o)
 .bss           0x000000000080049e        0x0 /usr/lib/gcc/avr/4.5.3/avr51/libgcc.a(_clz.o)
 .bss           0x000000000080049e        0x0 /usr/lib/gcc/avr/4.5.3/../../../avr/lib/avr51/libc.a(strchr_P.o)
 .bss           0x000000000080049e        0x0 /usr/lib/gcc/avr/4.5.3/../../../avr/lib/avr51/libc.a(memcpy.o)
 .bss           0x000000000080049e        0x0 /usr/lib/gcc/avr/4.5.3/../../../avr/lib/avr51/libc.a(fdevopen.o)
 .bss           0x000000000080049e        0x0 /usr/lib/gcc/avr/4.5.3/../../../avr/lib/avr51/libc.a(fgetc.o)
 .bss           0x000000000080049e        0x0 /usr/lib/gcc/avr/4.5.3/../../../avr/lib/avr51/libc.a(fputc.o)
 .bss           0x000000000080049e        0x0 /usr/lib/gcc/avr/4.5.3/../../../avr/lib/avr51/libc.a(iob.o)
 .bss           0x000000000080049e        0x0 /usr/lib/gcc/avr/4.5.3/../../../avr/lib/avr51/libc.a(printf.o)
 .bss           0x000000000080049e        0x0 /usr/lib/gcc/avr/4.5.3/../../../avr/lib/avr51/libc.a(putchar.o)
 .bss           0x000000000080049e        0x0 /usr/lib/gcc/avr/4.5.3/../../../avr/lib/avr51/libc.a(puts.o)
 .bss           0x000000000080049e        0x0 /usr/lib/gcc/avr/4.5.3/../../../avr/lib/avr51/libc.a(sprintf.o)
 .bss           0x000000000080049e        0x0 /usr/lib/gcc/avr/4.5.3/../../../avr/lib/avr51/libc.a(ultoa_invert.o)
 .bss           0x000000000080049e        0x0 /usr/lib/gcc/avr/4.5.3/../../../avr/lib/avr51/libc.a(eerd_byte_atmega128rfa1.o)
 .bss           0x000000000080049e        0x0 /usr/lib/gcc/avr/4.5.3/../../../avr/lib/avr51/libc.a(eewr_byte_atmega128rfa1.o)
 .bss           0x000000000080049e        0x0 /usr/lib/gcc/avr/4.5.3/../../../avr/lib/avr51/libc.a(calloc.o)
 .bss           0x000000000080049e        0x0 /usr/lib/gcc/avr/4.5.3/../../../avr/lib/avr51/libc.a(malloc.o)
 .bss           0x000000000080049e        0x0 /usr/lib/gcc/avr/4.5.3/../../../avr/lib/avr51/libc.a(memset.o)
 *(.bss*)
 *(COMMON)
 COMMON         0x000000000080049e      0x35e main.o
                0x000000000080049e                app_timer0_callback
                0x00000000008004a0                compare_vt
                0x00000000008004a2                error_task
                0x00000000008004a3                led_active
                0x00000000008004a4                _nrk_time_trigger
                0x00000000008004a5                TaskOne
                0x00000000008004c8                Stack2
                0x00000000008005c8                _nrk_signal_list
                0x00000000008005cc                Stack1
                0x00000000008006cc                nrk_kernel_stk_ptr
                0x00000000008006ce                msg_buf
                0x00000000008006d1                uart_rx_signal
                0x00000000008006d2                app_timer0_prescale
                0x00000000008006d3                sm
                0x00000000008006d7                _nrk_prev_timer_val
                0x00000000008006d8                error_num
                0x00000000008006d9                nrk_idle_task_stk
                0x00000000008007d9                TaskTwo
 COMMON         0x00000000008007fc       0x53 ../../../src/radio/rf231_soc/source/basic_rf.o
                0x00000000008007fc                rx_ctr
                0x0000000000800800                radio_sem
                0x0000000000800802                use_glossy
                0x0000000000800803                mdmctrl0
                0x0000000000800805                rfSettings
                0x000000000080080e                curr_t
                0x0000000000800816                tx_done
                0x0000000000800817                ekey
                0x0000000000800827                rf_ready
                0x0000000000800828                target_t
                0x0000000000800830                dkey
                0x0000000000800840                tx_ctr
                0x0000000000800846                rx_ready
                0x0000000000800847                dummy_t
 COMMON         0x000000000080084f      0x110 ../../../src/kernel/source/nrk.o
                0x000000000080084f                _free_node
                0x0000000000800851                nrk_task_TCB
                0x0000000000800928                next_next_wakeup
                0x000000000080092a                nrk_sem_list
                0x000000000080092d                nrk_task_init_cnt
                0x000000000080092e                nrk_wakeup_signal
                0x000000000080092f                nrk_high_ready_TCB
                0x0000000000800931                nrk_cur_task_prio
                0x0000000000800932                _nrk_cpu_state
                0x0000000000800933                _head_node
                0x0000000000800935                nrk_system_time
                0x000000000080093d                _nrk_resource_cnt
                0x000000000080093e                nrk_cur_task_TCB
                0x0000000000800940                nrk_high_ready_prio
                0x0000000000800941                _nrk_readyQ
 COMMON         0x000000000080095f        0x1 ../../../src/kernel/source/nrk_scheduler.o
                0x000000000080095f                t
 COMMON         0x0000000000800960        0x8 ../../../src/kernel/hal/atmega128rfa1/nrk_ext_int.o
                0x0000000000800960                ext_int1_callback
                0x0000000000800962                ext_int0_callback
                0x0000000000800964                ext_int2_callback
                0x0000000000800966                pc_int0_callback
 COMMON         0x0000000000800968        0x6 /usr/lib/gcc/avr/4.5.3/../../../avr/lib/avr51/libc.a(iob.o)
                0x0000000000800968                __iob
 COMMON         0x000000000080096e        0x4 /usr/lib/gcc/avr/4.5.3/../../../avr/lib/avr51/libc.a(malloc.o)
                0x000000000080096e                __brkval
                0x0000000000800970                __flp
                0x0000000000800972                PROVIDE (__bss_end, .)
                0x000000000000610a                __data_load_start = LOADADDR (.data)
                0x00000000000063a2                __data_load_end = (__data_load_start + SIZEOF (.data))

.noinit         0x0000000000800972        0x0
                0x0000000000800972                PROVIDE (__noinit_start, .)
 *(.noinit*)
                0x0000000000800972                PROVIDE (__noinit_end, .)
                0x0000000000800972                _end = .
                0x0000000000800972                PROVIDE (__heap_start, .)

.eeprom         0x0000000000810000        0x0
 *(.eeprom*)
                0x0000000000810000                __eeprom_end = .

.fuse
 *(.fuse)
 *(.lfuse)
 *(.hfuse)
 *(.efuse)

.lock
 *(.lock*)

.signature
 *(.signature*)

.stab           0x0000000000000000     0xfd44
 *(.stab)
 .stab          0x0000000000000000      0x6cc /usr/lib/gcc/avr/4.5.3/../../../avr/lib/avr51/crtm128rfa1.o
 .stab          0x00000000000006cc     0x1650 main.o
                                       0x165c (size before relaxing)
 .stab          0x0000000000001d1c     0x22bc ../../../src/radio/rf231_soc/source/basic_rf.o
                                       0x2dd8 (size before relaxing)
 .stab          0x0000000000003fd8     0x13e0 ../../../src/platform/firefly3/source/ulib.o
                                       0x1ef0 (size before relaxing)
 .stab          0x00000000000053b8      0x1f8 ../../../src/platform/firefly3/source/hal_wait.o
                                        0xc54 (size before relaxing)
 .stab          0x00000000000055b0      0x684 ../../../src/platform/firefly3/source/nrk_eeprom.o
                                       0x117c (size before relaxing)
 .stab          0x0000000000005c34      0x9cc ../../../src/kernel/source/nrk.o
                                       0x1554 (size before relaxing)
 .stab          0x0000000000006600      0x2a0 ../../../src/kernel/source/nrk_stats.o
                                        0xe40 (size before relaxing)
 .stab          0x00000000000068a0      0xc60 ../../../src/kernel/source/nrk_error.o
                                       0x180c (size before relaxing)
 .stab          0x0000000000007500      0x498 ../../../src/kernel/source/nrk_stack_check.o
                                       0x1038 (size before relaxing)
 .stab          0x0000000000007998      0xe4c ../../../src/kernel/source/nrk_events.o
                                       0x1a04 (size before relaxing)
 .stab          0x00000000000087e4      0xf60 ../../../src/kernel/source/nrk_task.o
                                       0x1b18 (size before relaxing)
 .stab          0x0000000000009744      0x7ec ../../../src/kernel/source/nrk_time.o
                                       0x13a4 (size before relaxing)
 .stab          0x0000000000009f30      0x30c ../../../src/kernel/source/nrk_idle_task.o
                                        0xec4 (size before relaxing)
 .stab          0x000000000000a23c      0x84c ../../../src/kernel/source/nrk_scheduler.o
                                       0x1404 (size before relaxing)
 .stab          0x000000000000aa88       0xe4 ../../../src/kernel/source/nrk_driver.o
                                         0xf0 (size before relaxing)
 .stab          0x000000000000ab6c       0xe4 ../../../src/kernel/source/nrk_reserve.o
                                         0xf0 (size before relaxing)
 .stab          0x000000000000ac50      0x210 ../../../src/kernel/source/nrk_sw_wdt.o
                                        0xdb0 (size before relaxing)
 .stab          0x000000000000ae60     0x1020 ../../../src/kernel/hal/atmega128rfa1/nrk_timer.o
                                       0x1bcc (size before relaxing)
 .stab          0x000000000000be80      0x300 ../../../src/kernel/hal/atmega128rfa1/nrk_status.o
                                        0xe10 (size before relaxing)
 .stab          0x000000000000c180      0x894 ../../../src/kernel/hal/atmega128rfa1/nrk_ext_int.o
                                       0x13a4 (size before relaxing)
 .stab          0x000000000000ca14      0x3d8 ../../../src/kernel/hal/atmega128rfa1/nrk_watchdog.o
                                        0xf6c (size before relaxing)
 .stab          0x000000000000cdec      0x774 ../../../src/kernel/hal/atmega128rfa1/nrk_cpu.o
                                       0x1320 (size before relaxing)
 .stab          0x000000000000d560      0x204 ../../../src/kernel/hal/atmega128rfa1/atmel_hw_specific.o
                                        0x210 (size before relaxing)
 .stab          0x000000000000d764      0x858 /usr/lib/gcc/avr/4.5.3/../../../avr/lib/avr51/libprintf_min.a(vfprintf_min.o)
                                        0x8a0 (size before relaxing)
 .stab          0x000000000000dfbc       0x9c /usr/lib/gcc/avr/4.5.3/../../../avr/lib/avr51/libc.a(strchr_P.o)
                                         0xa8 (size before relaxing)
 .stab          0x000000000000e058       0x84 /usr/lib/gcc/avr/4.5.3/../../../avr/lib/avr51/libc.a(memcpy.o)
                                         0x90 (size before relaxing)
 .stab          0x000000000000e0dc      0x288 /usr/lib/gcc/avr/4.5.3/../../../avr/lib/avr51/libc.a(fdevopen.o)
                                        0x4b0 (size before relaxing)
 .stab          0x000000000000e364      0x264 /usr/lib/gcc/avr/4.5.3/../../../avr/lib/avr51/libc.a(fgetc.o)
                                        0x444 (size before relaxing)
 .stab          0x000000000000e5c8      0x1e0 /usr/lib/gcc/avr/4.5.3/../../../avr/lib/avr51/libc.a(fputc.o)
                                        0x3c0 (size before relaxing)
 .stab          0x000000000000e7a8      0x12c /usr/lib/gcc/avr/4.5.3/../../../avr/lib/avr51/libc.a(iob.o)
                                        0x30c (size before relaxing)
 .stab          0x000000000000e8d4      0x18c /usr/lib/gcc/avr/4.5.3/../../../avr/lib/avr51/libc.a(printf.o)
                                        0x36c (size before relaxing)
 .stab          0x000000000000ea60      0x180 /usr/lib/gcc/avr/4.5.3/../../../avr/lib/avr51/libc.a(putchar.o)
                                        0x360 (size before relaxing)
 .stab          0x000000000000ebe0      0x1f8 /usr/lib/gcc/avr/4.5.3/../../../avr/lib/avr51/libc.a(puts.o)
                                        0x3d8 (size before relaxing)
 .stab          0x000000000000edd8      0x1f8 /usr/lib/gcc/avr/4.5.3/../../../avr/lib/avr51/libc.a(sprintf.o)
                                        0x3d8 (size before relaxing)
 .stab          0x000000000000efd0      0x480 /usr/lib/gcc/avr/4.5.3/../../../avr/lib/avr51/libc.a(ultoa_invert.o)
                                        0x48c (size before relaxing)
 .stab          0x000000000000f450       0x90 /usr/lib/gcc/avr/4.5.3/../../../avr/lib/avr51/libc.a(eerd_byte_atmega128rfa1.o)
                                         0x9c (size before relaxing)
 .stab          0x000000000000f4e0       0xe4 /usr/lib/gcc/avr/4.5.3/../../../avr/lib/avr51/libc.a(eewr_byte_atmega128rfa1.o)
                                         0xf0 (size before relaxing)
 .stab          0x000000000000f5c4      0x198 /usr/lib/gcc/avr/4.5.3/../../../avr/lib/avr51/libc.a(calloc.o)
                                        0x1d4 (size before relaxing)
 .stab          0x000000000000f75c      0x57c /usr/lib/gcc/avr/4.5.3/../../../avr/lib/avr51/libc.a(malloc.o)
                                        0x75c (size before relaxing)
 .stab          0x000000000000fcd8       0x6c /usr/lib/gcc/avr/4.5.3/../../../avr/lib/avr51/libc.a(memset.o)
                                         0x78 (size before relaxing)

.stabstr        0x0000000000000000     0x8d55
 *(.stabstr)
 .stabstr       0x0000000000000000     0x8d55 /usr/lib/gcc/avr/4.5.3/../../../avr/lib/avr51/crtm128rfa1.o

.stab.excl
 *(.stab.excl)

.stab.exclstr
 *(.stab.exclstr)

.stab.index
 *(.stab.index)

.stab.indexstr
 *(.stab.indexstr)

.comment
 *(.comment)

.debug
 *(.debug)

.line
 *(.line)

.debug_srcinfo
 *(.debug_srcinfo)

.debug_sfnames
 *(.debug_sfnames)

.debug_aranges
 *(.debug_aranges)

.debug_pubnames
 *(.debug_pubnames)

.debug_info
 *(.debug_info)
 *(.gnu.linkonce.wi.*)

.debug_abbrev
 *(.debug_abbrev)

.debug_line
 *(.debug_line)

.debug_frame
 *(.debug_frame)

.debug_str
 *(.debug_str)

.debug_loc
 *(.debug_loc)

.debug_macinfo
 *(.debug_macinfo)
OUTPUT(main.elf elf32-avr)
LOAD linker stubs

Cross Reference Table

Symbol                                            File
NRK_ADC_INPUT_0                                   ../../../src/platform/firefly3/source/ulib.o
NRK_ADC_INPUT_1                                   ../../../src/platform/firefly3/source/ulib.o
NRK_ADC_INPUT_2                                   ../../../src/platform/firefly3/source/ulib.o
NRK_ADC_INPUT_3                                   ../../../src/platform/firefly3/source/ulib.o
NRK_ADC_INPUT_4                                   ../../../src/platform/firefly3/source/ulib.o
NRK_ADC_INPUT_5                                   ../../../src/platform/firefly3/source/ulib.o
NRK_ADC_INPUT_6                                   ../../../src/platform/firefly3/source/ulib.o
NRK_ADC_INPUT_7                                   ../../../src/platform/firefly3/source/ulib.o
NRK_ANT_0                                         ../../../src/platform/firefly3/source/ulib.o
NRK_ANT_1                                         ../../../src/platform/firefly3/source/ulib.o
NRK_BUTTON                                        ../../../src/platform/firefly3/source/ulib.o
NRK_DEBUG_0                                       ../../../src/platform/firefly3/source/ulib.o
NRK_DEBUG_1                                       ../../../src/platform/firefly3/source/ulib.o
NRK_DEBUG_2                                       ../../../src/platform/firefly3/source/ulib.o
NRK_DEBUG_3                                       ../../../src/platform/firefly3/source/ulib.o
NRK_LED_0                                         ../../../src/platform/firefly3/source/ulib.o
NRK_LED_1                                         ../../../src/platform/firefly3/source/ulib.o
NRK_LED_2                                         ../../../src/platform/firefly3/source/ulib.o
NRK_LED_3                                         ../../../src/platform/firefly3/source/ulib.o
NRK_MISO                                          ../../../src/platform/firefly3/source/ulib.o
NRK_MOSI                                          ../../../src/platform/firefly3/source/ulib.o
NRK_PORTA_0                                       ../../../src/platform/firefly3/source/ulib.o
NRK_PORTA_1                                       ../../../src/platform/firefly3/source/ulib.o
NRK_PORTA_2                                       ../../../src/platform/firefly3/source/ulib.o
NRK_PORTA_3                                       ../../../src/platform/firefly3/source/ulib.o
NRK_PORTA_4                                       ../../../src/platform/firefly3/source/ulib.o
NRK_PORTA_5                                       ../../../src/platform/firefly3/source/ulib.o
NRK_PORTA_6                                       ../../../src/platform/firefly3/source/ulib.o
NRK_PORTA_7                                       ../../../src/platform/firefly3/source/ulib.o
NRK_PORTB_0                                       ../../../src/platform/firefly3/source/ulib.o
NRK_PORTB_1                                       ../../../src/platform/firefly3/source/ulib.o
NRK_PORTB_2                                       ../../../src/platform/firefly3/source/ulib.o
NRK_PORTB_3                                       ../../../src/platform/firefly3/source/ulib.o
NRK_PORTB_4                                       ../../../src/platform/firefly3/source/ulib.o
NRK_PORTB_5                                       ../../../src/platform/firefly3/source/ulib.o
NRK_PORTB_6                                       ../../../src/platform/firefly3/source/ulib.o
NRK_PORTB_7                                       ../../../src/platform/firefly3/source/ulib.o
NRK_PORTC_0                                       ../../../src/platform/firefly3/source/ulib.o
NRK_PORTC_1                                       ../../../src/platform/firefly3/source/ulib.o
NRK_PORTC_2                                       ../../../src/platform/firefly3/source/ulib.o
NRK_PORTC_3                                       ../../../src/platform/firefly3/source/ulib.o
NRK_PORTC_4                                       ../../../src/platform/firefly3/source/ulib.o
NRK_PORTC_5                                       ../../../src/platform/firefly3/source/ulib.o
NRK_PORTC_6                                       ../../../src/platform/firefly3/source/ulib.o
NRK_PORTC_7                                       ../../../src/platform/firefly3/source/ulib.o
NRK_PORTD_0                                       ../../../src/platform/firefly3/source/ulib.o
NRK_PORTD_1                                       ../../../src/platform/firefly3/source/ulib.o
NRK_PORTD_2                                       ../../../src/platform/firefly3/source/ulib.o
NRK_PORTD_3                                       ../../../src/platform/firefly3/source/ulib.o
NRK_PORTD_4                                       ../../../src/platform/firefly3/source/ulib.o
NRK_PORTD_5                                       ../../../src/platform/firefly3/source/ulib.o
NRK_PORTD_6                                       ../../../src/platform/firefly3/source/ulib.o
NRK_PORTD_7                                       ../../../src/platform/firefly3/source/ulib.o
NRK_PORTE_0                                       ../../../src/platform/firefly3/source/ulib.o
NRK_PORTE_1                                       ../../../src/platform/firefly3/source/ulib.o
NRK_PORTE_2                                       ../../../src/platform/firefly3/source/ulib.o
NRK_PORTE_3                                       ../../../src/platform/firefly3/source/ulib.o
NRK_PORTE_4                                       ../../../src/platform/firefly3/source/ulib.o
NRK_PORTE_5                                       ../../../src/platform/firefly3/source/ulib.o
NRK_PORTE_6                                       ../../../src/platform/firefly3/source/ulib.o
NRK_PORTE_7                                       ../../../src/platform/firefly3/source/ulib.o
NRK_PORTF_0                                       ../../../src/platform/firefly3/source/ulib.o
NRK_PORTF_1                                       ../../../src/platform/firefly3/source/ulib.o
NRK_PORTF_2                                       ../../../src/platform/firefly3/source/ulib.o
NRK_PORTF_3                                       ../../../src/platform/firefly3/source/ulib.o
NRK_PORTF_4                                       ../../../src/platform/firefly3/source/ulib.o
NRK_PORTF_5                                       ../../../src/platform/firefly3/source/ulib.o
NRK_PORTF_6                                       ../../../src/platform/firefly3/source/ulib.o
NRK_PORTF_7                                       ../../../src/platform/firefly3/source/ulib.o
NRK_PORTG_0                                       ../../../src/platform/firefly3/source/ulib.o
NRK_PORTG_1                                       ../../../src/platform/firefly3/source/ulib.o
NRK_PORTG_2                                       ../../../src/platform/firefly3/source/ulib.o
NRK_PORTG_3                                       ../../../src/platform/firefly3/source/ulib.o
NRK_PORTG_4                                       ../../../src/platform/firefly3/source/ulib.o
NRK_PORTG_5                                       ../../../src/platform/firefly3/source/ulib.o
NRK_SCK                                           ../../../src/platform/firefly3/source/ulib.o
NRK_SPI_SS                                        ../../../src/platform/firefly3/source/ulib.o
NRK_UART0_RXD                                     ../../../src/platform/firefly3/source/ulib.o
NRK_UART0_TXD                                     ../../../src/platform/firefly3/source/ulib.o
NRK_UART1_RXD                                     ../../../src/platform/firefly3/source/ulib.o
NRK_UART1_TXD                                     ../../../src/platform/firefly3/source/ulib.o
PORT_INIT                                         ../../../src/platform/firefly3/source/ulib.o
SIG_OUTPUT_COMPARE1A                              ../../../src/kernel/hal/atmega128rfa1/nrk_timer.o
Stack1                                            main.o
Stack2                                            main.o
Task1                                             main.o
Task2                                             main.o
TaskOne                                           main.o
TaskTwo                                           main.o
__bad_interrupt                                   /usr/lib/gcc/avr/4.5.3/../../../avr/lib/avr51/crtm128rfa1.o
__brkval                                          /usr/lib/gcc/avr/4.5.3/../../../avr/lib/avr51/libc.a(malloc.o)
__bss_end                                         /usr/lib/gcc/avr/4.5.3/avr51/libgcc.a(_clear_bss.o)
__bss_start                                       /usr/lib/gcc/avr/4.5.3/avr51/libgcc.a(_clear_bss.o)
__clz_tab                                         /usr/lib/gcc/avr/4.5.3/avr51/libgcc.a(_clz.o)
                                                  /usr/lib/gcc/avr/4.5.3/avr51/libgcc.a(_udivdi3.o)
__data_end                                        /usr/lib/gcc/avr/4.5.3/avr51/libgcc.a(_copy_data.o)
__data_load_start                                 /usr/lib/gcc/avr/4.5.3/avr51/libgcc.a(_copy_data.o)
__data_start                                      /usr/lib/gcc/avr/4.5.3/avr51/libgcc.a(_copy_data.o)
__do_clear_bss                                    /usr/lib/gcc/avr/4.5.3/avr51/libgcc.a(_clear_bss.o)
                                                  /usr/lib/gcc/avr/4.5.3/../../../avr/lib/avr51/libc.a(malloc.o)
                                                  /usr/lib/gcc/avr/4.5.3/../../../avr/lib/avr51/libc.a(iob.o)
                                                  ../../../src/kernel/hal/atmega128rfa1/nrk_cpu.o
                                                  ../../../src/kernel/hal/atmega128rfa1/nrk_watchdog.o
                                                  ../../../src/kernel/hal/atmega128rfa1/nrk_ext_int.o
                                                  ../../../src/kernel/hal/atmega128rfa1/nrk_status.o
                                                  ../../../src/kernel/hal/atmega128rfa1/nrk_timer.o
                                                  ../../../src/kernel/source/nrk_sw_wdt.o
                                                  ../../../src/kernel/source/nrk_scheduler.o
                                                  ../../../src/kernel/source/nrk_idle_task.o
                                                  ../../../src/kernel/source/nrk_time.o
                                                  ../../../src/kernel/source/nrk_task.o
                                                  ../../../src/kernel/source/nrk_events.o
                                                  ../../../src/kernel/source/nrk_stack_check.o
                                                  ../../../src/kernel/source/nrk_error.o
                                                  ../../../src/kernel/source/nrk_stats.o
                                                  ../../../src/kernel/source/nrk.o
                                                  ../../../src/platform/firefly3/source/nrk_eeprom.o
                                                  ../../../src/platform/firefly3/source/ulib.o
                                                  ../../../src/radio/rf231_soc/source/basic_rf.o
                                                  main.o
__do_copy_data                                    /usr/lib/gcc/avr/4.5.3/avr51/libgcc.a(_copy_data.o)
                                                  /usr/lib/gcc/avr/4.5.3/../../../avr/lib/avr51/libc.a(malloc.o)
                                                  /usr/lib/gcc/avr/4.5.3/avr51/libgcc.a(_clz.o)
                                                  ../../../src/kernel/source/nrk_stack_check.o
                                                  ../../../src/kernel/source/nrk_error.o
                                                  ../../../src/platform/firefly3/source/ulib.o
                                                  ../../../src/radio/rf231_soc/source/basic_rf.o
                                                  main.o
__eerd_byte_m128rfa1                              /usr/lib/gcc/avr/4.5.3/../../../avr/lib/avr51/libc.a(eerd_byte_atmega128rfa1.o)
                                                  ../../../src/platform/firefly3/source/nrk_eeprom.o
__eewr_byte_m128rfa1                              /usr/lib/gcc/avr/4.5.3/../../../avr/lib/avr51/libc.a(eewr_byte_atmega128rfa1.o)
                                                  ../../../src/platform/firefly3/source/nrk_eeprom.o
__eewr_r18_m128rfa1                               /usr/lib/gcc/avr/4.5.3/../../../avr/lib/avr51/libc.a(eewr_byte_atmega128rfa1.o)
__epilogue_restores__                             /usr/lib/gcc/avr/4.5.3/avr51/libgcc.a(_epilogue.o)
                                                  /usr/lib/gcc/avr/4.5.3/avr51/libgcc.a(_udivdi3.o)
__flp                                             /usr/lib/gcc/avr/4.5.3/../../../avr/lib/avr51/libc.a(malloc.o)
__heap_end                                        /usr/lib/gcc/avr/4.5.3/../../../avr/lib/avr51/crtm128rfa1.o
                                                  /usr/lib/gcc/avr/4.5.3/../../../avr/lib/avr51/libc.a(malloc.o)
__heap_start                                      /usr/lib/gcc/avr/4.5.3/../../../avr/lib/avr51/libc.a(malloc.o)
__init                                            /usr/lib/gcc/avr/4.5.3/../../../avr/lib/avr51/crtm128rfa1.o
__iob                                             /usr/lib/gcc/avr/4.5.3/../../../avr/lib/avr51/libc.a(puts.o)
                                                  /usr/lib/gcc/avr/4.5.3/../../../avr/lib/avr51/libc.a(putchar.o)
                                                  /usr/lib/gcc/avr/4.5.3/../../../avr/lib/avr51/libc.a(printf.o)
                                                  /usr/lib/gcc/avr/4.5.3/../../../avr/lib/avr51/libc.a(iob.o)
                                                  /usr/lib/gcc/avr/4.5.3/../../../avr/lib/avr51/libc.a(fdevopen.o)
                                                  ../../../src/kernel/source/nrk_error.o
                                                  ../../../src/platform/firefly3/source/ulib.o
                                                  main.o
__malloc_heap_end                                 /usr/lib/gcc/avr/4.5.3/../../../avr/lib/avr51/libc.a(malloc.o)
__malloc_heap_start                               /usr/lib/gcc/avr/4.5.3/../../../avr/lib/avr51/libc.a(malloc.o)
__malloc_margin                                   /usr/lib/gcc/avr/4.5.3/../../../avr/lib/avr51/libc.a(malloc.o)
__mulsi3                                          /usr/lib/gcc/avr/4.5.3/avr51/libgcc.a(_mulsi3.o)
                                                  /usr/lib/gcc/avr/4.5.3/avr51/libgcc.a(_udivdi3.o)
                                                  ../../../src/kernel/source/nrk_scheduler.o
                                                  ../../../src/kernel/source/nrk_time.o
                                                  ../../../src/radio/rf231_soc/source/basic_rf.o
__prologue_saves__                                /usr/lib/gcc/avr/4.5.3/avr51/libgcc.a(_prologue.o)
                                                  /usr/lib/gcc/avr/4.5.3/avr51/libgcc.a(_udivdi3.o)
__stack                                           /usr/lib/gcc/avr/4.5.3/../../../avr/lib/avr51/crtm128rfa1.o
__udivdi3                                         /usr/lib/gcc/avr/4.5.3/avr51/libgcc.a(_udivdi3.o)
                                                  ../../../src/kernel/source/nrk_time.o
__udivmodsi4                                      /usr/lib/gcc/avr/4.5.3/avr51/libgcc.a(_udivmodsi4.o)
                                                  /usr/lib/gcc/avr/4.5.3/avr51/libgcc.a(_udivdi3.o)
                                                  ../../../src/kernel/source/nrk_scheduler.o
                                                  ../../../src/kernel/source/nrk_time.o
__ultoa_invert                                    /usr/lib/gcc/avr/4.5.3/../../../avr/lib/avr51/libc.a(ultoa_invert.o)
                                                  /usr/lib/gcc/avr/4.5.3/../../../avr/lib/avr51/libprintf_min.a(vfprintf_min.o)
__vector_1                                        ../../../src/kernel/hal/atmega128rfa1/nrk_ext_int.o
                                                  /usr/lib/gcc/avr/4.5.3/../../../avr/lib/avr51/crtm128rfa1.o
__vector_10                                       /usr/lib/gcc/avr/4.5.3/../../../avr/lib/avr51/crtm128rfa1.o
__vector_11                                       /usr/lib/gcc/avr/4.5.3/../../../avr/lib/avr51/crtm128rfa1.o
__vector_12                                       /usr/lib/gcc/avr/4.5.3/../../../avr/lib/avr51/crtm128rfa1.o
__vector_13                                       ../../../src/kernel/hal/atmega128rfa1/nrk_timer.o
                                                  /usr/lib/gcc/avr/4.5.3/../../../avr/lib/avr51/crtm128rfa1.o
__vector_14                                       /usr/lib/gcc/avr/4.5.3/../../../avr/lib/avr51/crtm128rfa1.o
__vector_15                                       ../../../src/kernel/hal/atmega128rfa1/nrk_timer.o
                                                  /usr/lib/gcc/avr/4.5.3/../../../avr/lib/avr51/crtm128rfa1.o
__vector_16                                       /usr/lib/gcc/avr/4.5.3/../../../avr/lib/avr51/crtm128rfa1.o
__vector_17                                       /usr/lib/gcc/avr/4.5.3/../../../avr/lib/avr51/crtm128rfa1.o
__vector_18                                       /usr/lib/gcc/avr/4.5.3/../../../avr/lib/avr51/crtm128rfa1.o
__vector_19                                       /usr/lib/gcc/avr/4.5.3/../../../avr/lib/avr51/crtm128rfa1.o
__vector_2                                        ../../../src/kernel/hal/atmega128rfa1/nrk_ext_int.o
                                                  /usr/lib/gcc/avr/4.5.3/../../../avr/lib/avr51/crtm128rfa1.o
__vector_20                                       /usr/lib/gcc/avr/4.5.3/../../../avr/lib/avr51/crtm128rfa1.o
__vector_21                                       /usr/lib/gcc/avr/4.5.3/../../../avr/lib/avr51/crtm128rfa1.o
__vector_22                                       /usr/lib/gcc/avr/4.5.3/../../../avr/lib/avr51/crtm128rfa1.o
__vector_23                                       /usr/lib/gcc/avr/4.5.3/../../../avr/lib/avr51/crtm128rfa1.o
__vector_24                                       /usr/lib/gcc/avr/4.5.3/../../../avr/lib/avr51/crtm128rfa1.o
__vector_25                                       /usr/lib/gcc/avr/4.5.3/../../../avr/lib/avr51/crtm128rfa1.o
__vector_26                                       /usr/lib/gcc/avr/4.5.3/../../../avr/lib/avr51/crtm128rfa1.o
__vector_27                                       /usr/lib/gcc/avr/4.5.3/../../../avr/lib/avr51/crtm128rfa1.o
__vector_28                                       /usr/lib/gcc/avr/4.5.3/../../../avr/lib/avr51/crtm128rfa1.o
__vector_29                                       /usr/lib/gcc/avr/4.5.3/../../../avr/lib/avr51/crtm128rfa1.o
__vector_3                                        ../../../src/kernel/hal/atmega128rfa1/nrk_ext_int.o
                                                  /usr/lib/gcc/avr/4.5.3/../../../avr/lib/avr51/crtm128rfa1.o
__vector_30                                       /usr/lib/gcc/avr/4.5.3/../../../avr/lib/avr51/crtm128rfa1.o
__vector_31                                       /usr/lib/gcc/avr/4.5.3/../../../avr/lib/avr51/crtm128rfa1.o
__vector_32                                       ../../../src/kernel/hal/atmega128rfa1/nrk_timer.o
                                                  /usr/lib/gcc/avr/4.5.3/../../../avr/lib/avr51/crtm128rfa1.o
__vector_33                                       /usr/lib/gcc/avr/4.5.3/../../../avr/lib/avr51/crtm128rfa1.o
__vector_34                                       /usr/lib/gcc/avr/4.5.3/../../../avr/lib/avr51/crtm128rfa1.o
__vector_35                                       /usr/lib/gcc/avr/4.5.3/../../../avr/lib/avr51/crtm128rfa1.o
__vector_36                                       /usr/lib/gcc/avr/4.5.3/../../../avr/lib/avr51/crtm128rfa1.o
__vector_37                                       /usr/lib/gcc/avr/4.5.3/../../../avr/lib/avr51/crtm128rfa1.o
__vector_38                                       /usr/lib/gcc/avr/4.5.3/../../../avr/lib/avr51/crtm128rfa1.o
__vector_39                                       /usr/lib/gcc/avr/4.5.3/../../../avr/lib/avr51/crtm128rfa1.o
__vector_4                                        /usr/lib/gcc/avr/4.5.3/../../../avr/lib/avr51/crtm128rfa1.o
__vector_40                                       /usr/lib/gcc/avr/4.5.3/../../../avr/lib/avr51/crtm128rfa1.o
__vector_41                                       /usr/lib/gcc/avr/4.5.3/../../../avr/lib/avr51/crtm128rfa1.o
__vector_42                                       /usr/lib/gcc/avr/4.5.3/../../../avr/lib/avr51/crtm128rfa1.o
__vector_43                                       /usr/lib/gcc/avr/4.5.3/../../../avr/lib/avr51/crtm128rfa1.o
__vector_44                                       /usr/lib/gcc/avr/4.5.3/../../../avr/lib/avr51/crtm128rfa1.o
__vector_45                                       /usr/lib/gcc/avr/4.5.3/../../../avr/lib/avr51/crtm128rfa1.o
__vector_46                                       /usr/lib/gcc/avr/4.5.3/../../../avr/lib/avr51/crtm128rfa1.o
__vector_47                                       /usr/lib/gcc/avr/4.5.3/../../../avr/lib/avr51/crtm128rfa1.o
__vector_48                                       /usr/lib/gcc/avr/4.5.3/../../../avr/lib/avr51/crtm128rfa1.o
__vector_49                                       /usr/lib/gcc/avr/4.5.3/../../../avr/lib/avr51/crtm128rfa1.o
__vector_5                                        /usr/lib/gcc/avr/4.5.3/../../../avr/lib/avr51/crtm128rfa1.o
__vector_50                                       /usr/lib/gcc/avr/4.5.3/../../../avr/lib/avr51/crtm128rfa1.o
__vector_51                                       /usr/lib/gcc/avr/4.5.3/../../../avr/lib/avr51/crtm128rfa1.o
__vector_52                                       /usr/lib/gcc/avr/4.5.3/../../../avr/lib/avr51/crtm128rfa1.o
__vector_53                                       /usr/lib/gcc/avr/4.5.3/../../../avr/lib/avr51/crtm128rfa1.o
__vector_54                                       /usr/lib/gcc/avr/4.5.3/../../../avr/lib/avr51/crtm128rfa1.o
__vector_55                                       /usr/lib/gcc/avr/4.5.3/../../../avr/lib/avr51/crtm128rfa1.o
__vector_56                                       /usr/lib/gcc/avr/4.5.3/../../../avr/lib/avr51/crtm128rfa1.o
__vector_57                                       ../../../src/radio/rf231_soc/source/basic_rf.o
                                                  /usr/lib/gcc/avr/4.5.3/../../../avr/lib/avr51/crtm128rfa1.o
__vector_58                                       ../../../src/radio/rf231_soc/source/basic_rf.o
                                                  /usr/lib/gcc/avr/4.5.3/../../../avr/lib/avr51/crtm128rfa1.o
__vector_59                                       ../../../src/radio/rf231_soc/source/basic_rf.o
                                                  /usr/lib/gcc/avr/4.5.3/../../../avr/lib/avr51/crtm128rfa1.o
__vector_6                                        /usr/lib/gcc/avr/4.5.3/../../../avr/lib/avr51/crtm128rfa1.o
__vector_60                                       ../../../src/radio/rf231_soc/source/basic_rf.o
                                                  /usr/lib/gcc/avr/4.5.3/../../../avr/lib/avr51/crtm128rfa1.o
__vector_61                                       ../../../src/radio/rf231_soc/source/basic_rf.o
                                                  /usr/lib/gcc/avr/4.5.3/../../../avr/lib/avr51/crtm128rfa1.o
__vector_62                                       ../../../src/radio/rf231_soc/source/basic_rf.o
                                                  /usr/lib/gcc/avr/4.5.3/../../../avr/lib/avr51/crtm128rfa1.o
__vector_63                                       ../../../src/radio/rf231_soc/source/basic_rf.o
                                                  /usr/lib/gcc/avr/4.5.3/../../../avr/lib/avr51/crtm128rfa1.o
__vector_64                                       ../../../src/radio/rf231_soc/source/basic_rf.o
                                                  /usr/lib/gcc/avr/4.5.3/../../../avr/lib/avr51/crtm128rfa1.o
__vector_65                                       /usr/lib/gcc/avr/4.5.3/../../../avr/lib/avr51/crtm128rfa1.o
__vector_66                                       /usr/lib/gcc/avr/4.5.3/../../../avr/lib/avr51/crtm128rfa1.o
__vector_67                                       /usr/lib/gcc/avr/4.5.3/../../../avr/lib/avr51/crtm128rfa1.o
__vector_68                                       /usr/lib/gcc/avr/4.5.3/../../../avr/lib/avr51/crtm128rfa1.o
__vector_69                                       /usr/lib/gcc/avr/4.5.3/../../../avr/lib/avr51/crtm128rfa1.o
__vector_7                                        /usr/lib/gcc/avr/4.5.3/../../../avr/lib/avr51/crtm128rfa1.o
__vector_70                                       /usr/lib/gcc/avr/4.5.3/../../../avr/lib/avr51/crtm128rfa1.o
__vector_71                                       /usr/lib/gcc/avr/4.5.3/../../../avr/lib/avr51/crtm128rfa1.o
__vector_8                                        /usr/lib/gcc/avr/4.5.3/../../../avr/lib/avr51/crtm128rfa1.o
__vector_9                                        ../../../src/kernel/hal/atmega128rfa1/nrk_ext_int.o
                                                  /usr/lib/gcc/avr/4.5.3/../../../avr/lib/avr51/crtm128rfa1.o
__vector_default                                  ../../../src/kernel/hal/atmega128rfa1/nrk_timer.o
                                                  /usr/lib/gcc/avr/4.5.3/../../../avr/lib/avr51/crtm128rfa1.o
__vectors                                         /usr/lib/gcc/avr/4.5.3/../../../avr/lib/avr51/crtm128rfa1.o
_exit                                             /usr/lib/gcc/avr/4.5.3/avr51/libgcc.a(_exit.o)
_free_node                                        ../../../src/kernel/hal/atmega128rfa1/nrk_cpu.o
                                                  ../../../src/kernel/source/nrk_scheduler.o
                                                  ../../../src/kernel/source/nrk_task.o
                                                  ../../../src/kernel/source/nrk_events.o
                                                  ../../../src/kernel/source/nrk_stats.o
                                                  ../../../src/kernel/source/nrk.o
_head_node                                        ../../../src/kernel/hal/atmega128rfa1/nrk_cpu.o
                                                  ../../../src/kernel/source/nrk_scheduler.o
                                                  ../../../src/kernel/source/nrk_task.o
                                                  ../../../src/kernel/source/nrk_events.o
                                                  ../../../src/kernel/source/nrk_stats.o
                                                  ../../../src/kernel/source/nrk.o
_nrk_cpu_state                                    ../../../src/kernel/source/nrk_scheduler.o
                                                  ../../../src/kernel/source/nrk_idle_task.o
                                                  ../../../src/kernel/source/nrk_task.o
                                                  ../../../src/kernel/source/nrk_events.o
                                                  ../../../src/kernel/source/nrk.o
_nrk_errno_set                                    ../../../src/kernel/source/nrk_error.o
                                                  ../../../src/kernel/source/nrk_events.o
_nrk_get_next_wakeup                              ../../../src/kernel/hal/atmega128rfa1/nrk_timer.o
                                                  ../../../src/kernel/source/nrk_idle_task.o
                                                  ../../../src/kernel/source/nrk_task.o
_nrk_high_speed_timer_get                         ../../../src/kernel/hal/atmega128rfa1/nrk_timer.o
                                                  ../../../src/kernel/source/nrk_scheduler.o
_nrk_high_speed_timer_reset                       ../../../src/kernel/hal/atmega128rfa1/nrk_timer.o
                                                  ../../../src/kernel/source/nrk_scheduler.o
_nrk_high_speed_timer_start                       ../../../src/kernel/hal/atmega128rfa1/nrk_timer.o
_nrk_high_speed_timer_stop                        ../../../src/kernel/hal/atmega128rfa1/nrk_timer.o
_nrk_os_timer_get                                 ../../../src/kernel/hal/atmega128rfa1/nrk_timer.o
                                                  ../../../src/kernel/source/nrk_scheduler.o
                                                  ../../../src/kernel/source/nrk_time.o
                                                  ../../../src/kernel/source/nrk_task.o
_nrk_os_timer_reset                               ../../../src/kernel/hal/atmega128rfa1/nrk_timer.o
_nrk_os_timer_set                                 ../../../src/kernel/hal/atmega128rfa1/nrk_timer.o
_nrk_os_timer_start                               ../../../src/kernel/hal/atmega128rfa1/nrk_timer.o
_nrk_os_timer_stop                                ../../../src/kernel/hal/atmega128rfa1/nrk_timer.o
                                                  main.o
_nrk_precision_os_timer_get                       ../../../src/kernel/hal/atmega128rfa1/nrk_timer.o
_nrk_precision_os_timer_reset                     ../../../src/kernel/hal/atmega128rfa1/nrk_timer.o
                                                  ../../../src/kernel/source/nrk_scheduler.o
_nrk_precision_os_timer_start                     ../../../src/kernel/hal/atmega128rfa1/nrk_timer.o
_nrk_precision_os_timer_stop                      ../../../src/kernel/hal/atmega128rfa1/nrk_timer.o
_nrk_prev_timer_val                               ../../../src/kernel/hal/atmega128rfa1/nrk_cpu.o
                                                  ../../../src/kernel/hal/atmega128rfa1/nrk_timer.o
                                                  ../../../src/kernel/source/nrk_scheduler.o
                                                  ../../../src/kernel/source/nrk_idle_task.o
                                                  ../../../src/kernel/source/nrk_time.o
                                                  ../../../src/kernel/source/nrk_task.o
                                                  ../../../src/kernel/source/nrk_events.o
                                                  ../../../src/kernel/source/nrk_error.o
                                                  ../../../src/radio/rf231_soc/source/basic_rf.o
                                                  main.o
_nrk_readyQ                                       ../../../src/kernel/hal/atmega128rfa1/nrk_cpu.o
                                                  ../../../src/kernel/source/nrk_scheduler.o
                                                  ../../../src/kernel/source/nrk_events.o
                                                  ../../../src/kernel/source/nrk_stats.o
                                                  ../../../src/kernel/source/nrk.o
_nrk_resource_cnt                                 ../../../src/kernel/hal/atmega128rfa1/nrk_cpu.o
                                                  ../../../src/kernel/source/nrk_scheduler.o
                                                  ../../../src/kernel/source/nrk_events.o
                                                  ../../../src/kernel/source/nrk_stats.o
                                                  ../../../src/kernel/source/nrk.o
_nrk_scheduler                                    ../../../src/kernel/source/nrk_scheduler.o
                                                  ../../../src/kernel/source/nrk.o
_nrk_set_next_wakeup                              ../../../src/kernel/hal/atmega128rfa1/nrk_timer.o
                                                  ../../../src/kernel/source/nrk_scheduler.o
                                                  ../../../src/kernel/source/nrk_task.o
_nrk_setup_timer                                  ../../../src/kernel/hal/atmega128rfa1/nrk_timer.o
                                                  ../../../src/kernel/hal/atmega128rfa1/nrk_cpu.o
_nrk_signal_list                                  ../../../src/kernel/hal/atmega128rfa1/nrk_cpu.o
                                                  ../../../src/kernel/hal/atmega128rfa1/nrk_watchdog.o
                                                  ../../../src/kernel/hal/atmega128rfa1/nrk_ext_int.o
                                                  ../../../src/kernel/hal/atmega128rfa1/nrk_status.o
                                                  ../../../src/kernel/hal/atmega128rfa1/nrk_timer.o
                                                  ../../../src/kernel/source/nrk_sw_wdt.o
                                                  ../../../src/kernel/source/nrk_scheduler.o
                                                  ../../../src/kernel/source/nrk_idle_task.o
                                                  ../../../src/kernel/source/nrk_time.o
                                                  ../../../src/kernel/source/nrk_task.o
                                                  ../../../src/kernel/source/nrk_events.o
                                                  ../../../src/kernel/source/nrk_stack_check.o
                                                  ../../../src/kernel/source/nrk_error.o
                                                  ../../../src/kernel/source/nrk_stats.o
                                                  ../../../src/kernel/source/nrk.o
                                                  ../../../src/platform/firefly3/source/nrk_eeprom.o
                                                  ../../../src/platform/firefly3/source/ulib.o
                                                  ../../../src/radio/rf231_soc/source/basic_rf.o
                                                  main.o
_nrk_startup_error                                ../../../src/kernel/hal/atmega128rfa1/nrk_status.o
                                                  ../../../src/kernel/source/nrk.o